******************************************************************************
                  TI ARM Linker PC v16.9.3                     
******************************************************************************
>> Linked Fri Nov 17 13:28:21 2017

OUTPUT FILE NAME:   <TM4C_RTOS_Websocket_cli.out>
ENTRY POINT SYMBOL: "_c_int00"  address: 00012919


MEMORY CONFIGURATION

         name            origin    length      used     unused   attr    fill
----------------------  --------  ---------  --------  --------  ----  --------
  FLASH                 00000000   00100000  0001a884  000e577c  R  X
  SRAM                  20000000   00040000  0001686c  00029794  RW X


SEGMENT ALLOCATION MAP

run origin  load origin   length   init length attrs members
----------  ----------- ---------- ----------- ----- -------
00000000    00000000    0001a890   0001a890    r-x
  00000000    00000000    0000003c   0000003c    r-- .resetVecs
  00000040    00000040    0001720a   0001720a    r-x .text
  0001724c    0001724c    0000310e   0000310e    r-- .const
  0001a360    0001a360    00000530   00000530    r-- .cinit
20000000    20000000    00000360   00000000    rw-
  20000000    20000000    00000360   00000000    rw- .vecs
20000400    20000400    0001650c   00000000    rw-
  20000400    20000400    00014f2c   00000000    rw- .bss
  2001532c    2001532c    00000de0   00000000    rw- .data
  2001610c    2001610c    00000800   00000000    rw- .stack


SECTION ALLOCATION MAP

 output                                  attributes/
section   page    origin      length       input sections
--------  ----  ----------  ----------   ----------------
.text      0    00000040    0001720a     
                  00000040    0000113e     rtsv7M4_T_le_v4SPD16_eabi.lib : _printfi.obj (.text)
                  0000117e    00000002     hal_userled_stub.aem4f : llled.oem4f (.text:LED_TOGGLE)
                  00001180    00000c68     stk.aem4f : tcpin.oem4f (.text:TcpInput)
                  00001de8    000008b8               : tcpout.oem4f (.text:TcpOutput)
                  000026a0    00000430     sysbios.aem4f : BIOS.obj (.text:ti_sysbios_family_arm_m3_Hwi_excDumpRegs__I)
                  00002ad0    00000408     stk.aem4f : ipout.oem4f (.text:IPTxPacket)
                  00002ed8    00000384               : ipin.oem4f (.text:IPRxPacket)
                  0000325c    0000034c     ti.targets.arm.rtsarm.aem4f : System.oem4f (.text:xdc_runtime_System_doPrint__I)
                  000035a8    00000338     eth_network.obj (.text:WebsocketConnect)
                  000038e0    00000324     rtsv7M4_T_le_v4SPD16_eabi.lib : trgdrv.obj (.text)
                  00003c04    0000030c                                   : lowlev.obj (.text)
                  00003f10    000002ec     sysbios.aem4f : BIOS.obj (.text:ti_sysbios_knl_Semaphore_pend__E)
                  000041fc    00000004     driverlib.lib : adc.obj (.text:ADCIntClearEx)
                  00004200    000002c0     sysbios.aem4f : BIOS.obj (.text:ti_sysbios_knl_Task_Instance_finalize__E)
                  000044c0    00000284     stk.aem4f : sock.oem4f (.text:SockSet)
                  00004744    00000004               : bind.oem4f (.text:BindGetIF)
                  00004748    00000258     sysbios.aem4f : BIOS.obj (.text:ti_sysbios_heaps_HeapMem_free__E)
                  000049a0    0000024c     stk.aem4f : ipfrag.oem4f (.text:IPReasm)
                  00004bec    00000248     rtsv7M4_T_le_v4SPD16_eabi.lib : vla_alloc.obj (.text)
                  00004e34    00000004     stk.aem4f : bind.oem4f (.text:BindGetNext)
                  00004e38    00000248     sysbios.aem4f : BIOS.obj (.text:ti_sysbios_heaps_HeapMem_alloc__E)
                  00005080    0000023c     stk.aem4f : icmpin.oem4f (.text:ICMPInput)
                  000052bc    00000238               : udp.oem4f (.text:UdpInput)
                  000054f4    00000204     driverlib.lib : sysctl.obj (.text:SysCtlClockFreqSet)
                  000056f8    00000204     Boot.aem4f : Boot_sysctl.oem4f (.text:ti_catalog_arm_cortexm4_tiva_ce_Boot_sysCtlClockFreqSetI__I)
                  000058fc    00000004     os.aem4f : ossys.oem4f (.text:NDK_vsprintf)
                  00005900    00000200     sysbios.aem4f : BIOS.obj (.text:ti_sysbios_knl_Task_sleep__E)
                  00005b00    000001fc                   : BIOS.obj (.text:ti_sysbios_family_arm_m3_Hwi_excHandlerMax__I)
                  00005cfc    000001f4     stk.aem4f : sock.oem4f (.text:SockRecv)
                  00005ef0    000001f4     rtsv7M4_T_le_v4SPD16_eabi.lib : ull_div_t2.obj (.text)
                  000060e4    00000004     stk.aem4f : node.oem4f (.text:NodeSetRt)
                  000060e8    000001f4     sysbios.aem4f : BIOS.obj (.text:ti_sysbios_knl_Task_Instance_init__E)
                  000062dc    000001c4     rtsv7M4_T_le_v4SPD16_eabi.lib : fopen.obj (.text)
                  000064a0    000001bc     sysbios.aem4f : BIOS.obj (.text:ti_sysbios_family_arm_lm4_Timer_start__E)
                  0000665c    000001b8     drivers_tivaware.aem4f : EMACSnow.oem4f (.text:EMACSnow_NIMUInit)
                  00006814    000001b6     rtsv7M4_T_le_v4SPD16_eabi.lib : fd_add_t2.obj (.text)
                  000069ca    00000002     stk.aem4f : nat.oem4f (.text:NatMsg)
                  000069cc    000001b0               : lliout.oem4f (.text:LLITxIpPacket)
                  00006b7c    000001ac               : lliin.oem4f (.text:LLIRxPacket)
                  00006d28    0000019c     os.aem4f : mem.oem4f (.text:mmAlloc)
                  00006ec4    00000198     stk.aem4f : igmp.oem4f (.text:IGMPInput)
                  0000705c    00000190               : sock.oem4f (.text:SockNew)
                  000071ec    00000004               : rawethsock_prot.oem4f (.text:RawEthSockPrAttach)
                  000071f0    00000188     sysbios.aem4f : BIOS.obj (.text:ti_sysbios_knl_Task_setPri__E)
                  00007378    0000017c                   : BIOS.obj (.text:ti_sysbios_family_arm_lm4_TimestampProvider_get64__E)
                  000074f4    00000174     netctrl_min_ipv4.aem4f : netctrl.oem4f (.text:NC_NetStart)
                  00007668    00000174     sysbios.aem4f : BIOS.obj (.text:ti_sysbios_family_arm_m3_Hwi_excBusFault__I)
                  000077dc    00000170     stk.aem4f : rtc.oem4f (.text:RTCReport)
                  0000794c    0000016a               : sb.oem4f (.text:SBRead)
                  00007ab6    00000002     os.aem4f : task.oem4f (.text:_TaskInit)
                  00007ab8    00000164     eth_network.obj (.text:WebSocketRead)
                  00007c1c    00000004     stk.aem4f : rawethsock_prot.oem4f (.text:RawEthSockPrDetach)
                  00007c20    00000164     sysbios.aem4f : BIOS.obj (.text:ti_sysbios_family_arm_m3_Hwi_excUsageFault__I)
                  00007d84    00000160     stk.aem4f : sock.oem4f (.text:SockConnect)
                  00007ee4    00000158     nettool_ipv4.aem4f : dhcpmain.oem4f (.text:DHCPOpen)
                  0000803c    00000150     drivers_tivaware.aem4f : GPIOTiva.oem4f (.text:GPIO_setConfig)
                  0000818c    00000004     os.aem4f : semaphore.oem4f (.text:SemPend)
                  00008190    00000148     sysbios.aem4f : BIOS.obj (.text:ti_sysbios_family_arm_m3_Hwi_excMemFault__I)
                  000082d8    00000144     stk.aem4f : bind.oem4f (.text:BindNew)
                  0000841c    00000140               : tcp.oem4f (.text:TcpTimeoutCheck)
                  0000855c    00000004     os.aem4f : semaphore.oem4f (.text:SemPost)
                  00008560    00000140     sysbios.aem4f : BIOS.obj (.text:ti_sysbios_knl_Semaphore_post__E)
                  000086a0    0000013c     nettool_ipv4.aem4f : config.oem4f (.text:CfgAddEntry)
                  000087dc    0000013c     stk.aem4f : sockint.oem4f (.text:SockNotify)
                  00008918    0000013c               : sock.oem4f (.text:SockSend)
                  00008a54    00000004     os.aem4f : semaphore.oem4f (.text:SemReset)
                  00008a58    0000013c     sysbios.aem4f : BIOS.obj (.text:ti_sysbios_heaps_HeapMem_Instance_init__E)
                  00008b94    00000004     os.aem4f : task.oem4f (.text:TaskSelf)
                  00008b98    0000013c     sysbios.aem4f : BIOS.obj (.text:ti_sysbios_knl_Clock_workFunc__E)
                  00008cd4    00000004     os.aem4f : task.oem4f (.text:TaskSetPri)
                  00008cd8    00000138     sysbios.aem4f : BIOS.obj (.text:ti_sysbios_family_arm_m3_Hwi_dispatchC__I)
                  00008e10    00000138     RTOS_config_pem4f.oem4f (.text:ti_uia_loggers_LoggerStopMode_writeMemoryRange__E)
                  00008f48    00000136     rtsv7M4_T_le_v4SPD16_eabi.lib : fd_div_t2.obj (.text)
                  0000907e    00000002     os.aem4f : task.oem4f (.text:_TaskShutdown)
                  00009080    00000134     stk.aem4f : icmp.oem4f (.text:ICMPGenPacket)
                  000091b4    00000134     rtsv7M4_T_le_v4SPD16_eabi.lib : fputs.obj (.text)
                  000092e8    00000130     driverlib.lib : gpio.obj (.text:GPIOPadConfigSet)
                  00009418    0000012c     EK_TM4C1294XL.obj (.text:EK_TM4C1294XL_initEMAC)
                  00009544    00000124     stk.aem4f : sockpcb.oem4f (.text:SockPcbResolve)
                  00009668    00000124               : udp.oem4f (.text:UdpOutput)
                  0000978c    00000124     RTOS_config_pem4f.oem4f (.text:ti_ndk_config_Global_stackThread)
                  000098b0    0000011c     sysbios.aem4f : BIOS.obj (.text:ti_sysbios_knl_Clock_Instance_init__E)
                  000099cc    00000004     driverlib.lib : timer.obj (.text:TimerADCEventSet)
                  000099d0    0000011c     sysbios.aem4f : BIOS.obj (.text:ti_sysbios_knl_Swi_run__I)
                  00009aec    00000118     stk.aem4f : tcpout.oem4f (.text:TcpGenPacket)
                  00009c04    00000118     ti.targets.arm.rtsarm.aem4f : Error.oem4f (.text:xdc_runtime_Error_policyDefault__E)
                  00009d1c    00000114     stk.aem4f : nimu.oem4f (.text:NIMUIoctl)
                  00009e30    00000114     RTOS_config_pem4f.oem4f (.text:ti_uia_loggers_LoggerStopMode_write8__E)
                  00009f44    00000110     stk.aem4f : node.oem4f (.text:NodeTreeFree)
                  0000a054    00000110               : raw.oem4f (.text:RawInput)
                  0000a164    00000004     hal_ser_stub.aem4f : llserstb.oem4f (.text:_llSerialInit)
                  0000a168    00000110     sysbios.aem4f : BIOS.obj (.text:ti_sysbios_knl_Task_schedule__I)
                  0000a278    0000010c     stk.aem4f : rtable.oem4f (.text:RtFind)
                  0000a384    0000010a               : route.oem4f (.text:RtCreate)
                  0000a48e    00000002     hal_ser_stub.aem4f : llserstb.oem4f (.text:_llSerialServiceCheck)
                  0000a490    00000108     drivers_tivaware.aem4f : EMACSnow.oem4f (.text:EMACSnow_emacStart)
                  0000a598    00000108     sysbios.aem4f : BIOS.obj (.text:ti_sysbios_knl_Task_exit__E)
                  0000a6a0    00000104     os.aem4f : task.oem4f (.text:llEnter)
                  0000a7a4    00000102     nettool_ipv4.aem4f : dhcppkt.oem4f (.text:dhcpPacketProcess)
                  0000a8a6    00000102                        : inetaddr.oem4f (.text:inet_aton)
                  0000a9a8    00000100     stk.aem4f : igmp.oem4f (.text:IGMPSendReply)
                  0000aaa8    00000100     adc_sample.obj (.text:adcPinConfig)
                  0000aba8    00000100     ti.targets.arm.rtsarm.aem4f : Core-mem.oem4f (.text:xdc_runtime_Core_createObject__I)
                  0000aca8    000000fc     netctrl_min_ipv4.aem4f : netctrl.oem4f (.text:NetScheduler)
                  0000ada4    000000fc     eth_network.obj (.text:fillFields)
                  0000aea0    000000fc     rtsv7M4_T_le_v4SPD16_eabi.lib : fd_mul_t2.obj (.text)
                  0000af9c    000000fc                                   : s_scalbn.obj (.text)
                  0000b098    000000fc     sysbios.aem4f : BIOS.obj (.text:ti_sysbios_knl_Task_postInit__I)
                  0000b194    00000004     stk.aem4f : listlib.oem4f (.text:list_get_head)
                  0000b198    000000fc     sysbios.aem4f : BIOS.obj (.text:ti_sysbios_knl_Task_startCore__E)
                  0000b294    000000fc     RTOS_config_pem4f.oem4f (.text:ti_uia_loggers_LoggerStopMode_write4__E)
                  0000b390    000000f8     adc_sample.obj (.text:ADC_init)
                  0000b488    000000f8     stk.aem4f : pipe.oem4f (.text:PipeRecv)
                  0000b580    000000f8     sysbios.aem4f : BIOS.obj (.text:ti_sysbios_utils_Load_updateThreadContexts__E)
                  0000b678    000000f8     ti.targets.arm.rtsarm.aem4f : Startup.oem4f (.text:xdc_runtime_Startup_startMods__I)
                  0000b770    000000f8     RTOS_config_pem4f.oem4f (.text:xdc_runtime_System_printfExtend__I)
                  0000b868    000000f4     os.aem4f : task.oem4f (.text:TaskGetEnv)
                  0000b95c    000000f4     sysbios.aem4f : m3_Hwi_asm.obj (.text:ti_sysbios_family_arm_m3_Hwi_dispatch__I)
                  0000ba50    000000f0     stk.aem4f : lliout.oem4f (.text:LLIGenArpPacket)
                  0000bb40    000000f0               : sock.oem4f (.text:SockClose)
                  0000bc30    000000f0     RTOS_config_pem4f.oem4f (.text:ti_uia_loggers_LoggerStopMode_write2__E)
                  0000bd20    000000ec     RTOS_config_pem4f.oem4f (.text:ti_uia_loggers_LoggerStopMode_write1__E)
                  0000be0c    000000e8     adc_sample.obj (.text:DMA_init)
                  0000bef4    000000e8     os.aem4f : task.oem4f (.text:TaskSetEnv)
                  0000bfdc    000000e0     stk.aem4f : tcptime.oem4f (.text:TcpTimeoutRexmt)
                  0000c0bc    000000dc               : sb.oem4f (.text:SBWrite)
                  0000c198    000000dc     nettool_ipv4.aem4f : dhcpsock.oem4f (.text:dhcpSocketOpen)
                  0000c274    000000dc                        : dhcpsm.oem4f (.text:dhcpState)
                  0000c350    000000dc     rtsv7M4_T_le_v4SPD16_eabi.lib : setvbuf.obj (.text)
                  0000c42c    000000dc     RTOS_config_pem4f.oem4f (.text:ti_uia_loggers_LoggerStopMode_write0__E)
                  0000c508    000000d8     stk.aem4f : node.oem4f (.text:NodeAdd)
                  0000c5e0    000000d8               : tcpprot.oem4f (.text:TcpPrSetOption)
                  0000c6b8    000000d8     sysbios.aem4f : BIOS.obj (.text:ti_sysbios_family_arm_lm4_TimestampProvider_get32__E)
                  0000c790    000000d4     drivers_tivaware.aem4f : EMACSnow.oem4f (.text:EMACSnow_handleRx)
                  0000c864    000000d4     stk.aem4f : sockpcb.oem4f (.text:SockPcbBind)
                  0000c938    000000d4     sysbios.aem4f : BIOS.obj (.text:ti_sysbios_knl_Swi_Instance_init__E)
                  0000ca0c    000000d1     stk.aem4f : nimu.oem4f (.text:NIMUReceivePacket)
                  0000cadd    00000001     --HOLE-- [fill = 0]
                  0000cade    00000002     hal_ser_stub.aem4f : llserstb.oem4f (.text:_llSerialShutdown)
                  0000cae0    000000cc     stk.aem4f : icmp.oem4f (.text:ICMPSendRtAdv)
                  0000cbac    000000cc     nettool_ipv4.aem4f : dhcpbild.oem4f (.text:dhcpBuildHeader)
                  0000cc78    000000cc                        : dhcpsm.oem4f (.text:dhcpIPAdd)
                  0000cd44    000000cc                        : dhcppkt.oem4f (.text:dhcpVerifyMessage)
                  0000ce10    000000cc     ti.targets.arm.rtsarm.aem4f : Core-smem.oem4f (.text:xdc_runtime_Core_constructObject__I)
                  0000cedc    000000c8     stk.aem4f : rawethsock.oem4f (.text:RawEthSockNew)
                  0000cfa4    000000c8     netctrl_min_ipv4.aem4f : netsrv.oem4f (.text:SPIpNet)
                  0000d06c    000000c8     rtsv7M4_T_le_v4SPD16_eabi.lib : fflush.obj (.text)
                  0000d134    000000c4     drivers_tivaware.aem4f : EMACSnow.oem4f (.text:EMACSnow_InitDMADescriptors)
                  0000d1f8    000000c4     stk.aem4f : igmp.oem4f (.text:IGMPJoinHostGroup)
                  0000d2bc    000000c4     nettool_ipv4.aem4f : dhcpsm.oem4f (.text:StateBound)
                  0000d380    000000c4     sysbios.aem4f : BIOS.obj (.text:ti_sysbios_utils_Load_logLoads__I)
                  0000d444    000000bc     stk.aem4f : sockpcb.oem4f (.text:SockPcbFind)
                  0000d500    000000bc               : vlan.oem4f (.text:VLANDeinit)
                  0000d5bc    00000004               : listlib.oem4f (.text:list_get_next)
                  0000d5c0    000000bc     sysbios.aem4f : BIOS.obj (.text:ti_sysbios_family_arm_m3_Hwi_excDebugMon__I)
                  0000d67c    00000004     rtsv7M4_T_le_v4SPD16_eabi.lib : error.obj (.text)
                  0000d680    000000bc     sysbios.aem4f : BIOS.obj (.text:ti_sysbios_family_arm_m3_Hwi_excHardFault__I)
                  0000d73c    000000b8     EK_TM4C1294XL.obj (.text:EK_TM4C1294XL_initGeneral)
                  0000d7f4    000000b8     stk.aem4f : icmpin.oem4f (.text:ICMPRevSrcRoute)
                  0000d8ac    000000b8               : lli.oem4f (.text:_LLITimeoutCheck)
                  0000d964    00000004     RTOS_config_pem4f.oem4f (.text:ti_ndk_config_Global_NetworkOpen)
                  0000d968    000000b8     sysbios.aem4f : BIOS.obj (.text:ti_sysbios_knl_Task_unblockI__E)
                  0000da20    000000b4     stk.aem4f : tcptime.oem4f (.text:TcpTimeoutKeep)
                  0000dad4    00000004     RTOS_config_pem4f.oem4f (.text:ti_sysbios_BIOS_RtsGateProxy_enter__E)
                  0000dad8    000000b4     sysbios.aem4f : BIOS.obj (.text:ti_sysbios_gates_GateMutex_enter__E)
                  0000db8c    00000004     RTOS_config_pem4f.oem4f (.text:ti_sysbios_BIOS_RtsGateProxy_leave__E)
                  0000db90    000000b4     sysbios.aem4f : BIOS.obj (.text:ti_sysbios_knl_Task_checkStacks__E)
                  0000dc44    000000b0     stk.aem4f : rawethsock.oem4f (.text:RawEthSockSet)
                  0000dcf4    00000004     sysbios.aem4f : BIOS.obj (.text:ti_sysbios_family_arm_lm4_Timer_masterEnable__I)
                  0000dcf8    000000b0                   : BIOS.obj (.text:ti_sysbios_utils_Load_idleFxn__E)
                  0000dda8    000000b0                   : BIOS.obj (.text:ti_sysbios_utils_Load_updateLoads__E)
                  0000de58    000000ac     stk.aem4f : rtable.oem4f (.text:RtTimeoutCheck)
                  0000df04    000000ac     rtsv7M4_T_le_v4SPD16_eabi.lib : _io_perm.obj (.text)
                  0000dfb0    000000ac     RTOS_config_pem4f.oem4f (.text:ti_ndk_config_ip_init)
                  0000e05c    00000004     RTOS_config_pem4f.oem4f (.text:ti_sysbios_family_arm_m3_Hwi_delete)
                  0000e060    000000ac     sysbios.aem4f : BIOS.obj (.text:ti_sysbios_family_arm_lm4_Timer_enableTiva__I)
                  0000e10c    00000004     RTOS_config_pem4f.oem4f (.text:ti_sysbios_family_arm_m3_TaskSupport_Module__startupDone__S)
                  0000e110    000000ac     sysbios.aem4f : BIOS.obj (.text:ti_sysbios_knl_Swi_post__E)
                  0000e1bc    000000a8     stk.aem4f : sockint.oem4f (.text:SockCreatePacket)
                  0000e264    00000004     RTOS_config_pem4f.oem4f (.text:ti_sysbios_heaps_HeapMem_Module_GateProxy_enter__E)
                  0000e268    000000a8     sysbios.aem4f : BIOS.obj (.text:ti_sysbios_family_arm_lm4_Timer_enableTimers__I)
                  0000e310    000000a8                   : BIOS.obj (.text:ti_sysbios_knl_Task_blockI__E)
                  0000e3b8    000000a0     stk.aem4f : ip.oem4f (.text:IPGetRoute)
                  0000e458    000000a0     auto_init.aem4f : auto_init.oem4f (.text)
                  0000e4f8    000000a0     ti.targets.arm.rtsarm.aem4f : Text.oem4f (.text:xdc_runtime_Text_putMod__E)
                  0000e598    0000009e     stk.aem4f : nimu.oem4f (.text:NIMUAddEthernetHeader)
                  0000e636    0000009e     nettool_ipv4.aem4f : dhcpbild.oem4f (.text:dhcpBuildRequest)
                  0000e6d4    0000009c     stk.aem4f : exec.oem4f (.text:ExecOpen)
                  0000e770    0000009c     rtsv7M4_T_le_v4SPD16_eabi.lib : memcpy_t2.obj (.text)
                  0000e80c    00000004     RTOS_config_pem4f.oem4f (.text:ti_sysbios_heaps_HeapMem_Module_GateProxy_leave__E)
                  0000e810    0000009c     sysbios.aem4f : BIOS.obj (.text:ti_sysbios_knl_Semaphore_Instance_init__E)
                  0000e8ac    0000009a     ti.targets.arm.rtsarm.aem4f : Text.oem4f (.text:xdc_runtime_Text_putSite__E)
                  0000e946    00000002     hal_userled_stub.aem4f : llled.oem4f (.text:_llUserLedInit)
                  0000e948    00000098     netctrl_min_ipv4.aem4f : netctrl.oem4f (.text:NC_SystemOpen)
                  0000e9e0    00000098                            : netsrv.oem4f (.text:ServiceScan)
                  0000ea78    00000098     rtsv7M4_T_le_v4SPD16_eabi.lib : fclose.obj (.text)
                  0000eb10    00000098                                   : fputc.obj (.text)
                  0000eba8    00000098     Boot.aem4f : Boot.oem4f (.text:ti_catalog_arm_cortexm4_tiva_ce_Boot_sysCtlClockFreqSet__E)
                  0000ec40    00000094     nettool_ipv4.aem4f : config.oem4f (.text:CfgRemoveEntry)
                  0000ecd4    00000004     RTOS_config_pem4f.oem4f (.text:ti_sysbios_knl_Clock_TimerProxy_getMaxTicks__E)
                  0000ecd8    00000094     sysbios.aem4f : BIOS.obj (.text:ti_sysbios_family_arm_m3_Hwi_Instance_init__E)
                  0000ed6c    00000004     RTOS_config_pem4f.oem4f (.text:ti_sysbios_knl_Clock_TimerProxy_getPeriod__E)
                  0000ed70    00000094     sysbios.aem4f : BIOS.obj (.text:ti_sysbios_family_arm_m3_Hwi_initNVIC__E)
                  0000ee04    00000090     nettool_ipv4.aem4f : config.oem4f (.text:CfgExecute)
                  0000ee94    00000090     stk.aem4f : igmp.oem4f (.text:IGMPMsg)
                  0000ef24    00000090     eth_network.obj (.text:WebsocketSend)
                  0000efb4    00000090     os.aem4f : mem.oem4f (.text:mmBulkAlloc)
                  0000f044    00000004     RTOS_config_pem4f.oem4f (.text:ti_sysbios_knl_Queue_destruct)
                  0000f048    00000090     sysbios.aem4f : BIOS.obj (.text:ti_sysbios_knl_Task_Module_startup__E)
                  0000f0d8    00000090                   : BIOS.obj (.text:ti_sysbios_utils_Load_startup__E)
                  0000f168    00000090     ti.uia.loggers.aem4f : LoggerStopMode.oem4f (.text:ti_uia_loggers_LoggerStopMode_initQueueDescriptor__E)
                  0000f1f8    0000008c     drivers_tivaware.aem4f : GPIOTiva.oem4f (.text:GPIO_init)
                  0000f284    0000008c     stk.aem4f : ip.oem4f (.text:IPMsg)
                  0000f310    0000008c     os.aem4f : mem.oem4f (.text:_mmInit)
                  0000f39c    0000008c              : mem.oem4f (.text:mmInitPage)
                  0000f428    0000008c     sysbios.aem4f : m3_TaskSupport_asm.obj (.text:ti_sysbios_family_arm_m3_TaskSupport_buildTaskStack)
                  0000f4b4    0000008a     netctrl_min_ipv4.aem4f : netsrv.oem4f (.text:SPRoute)
                  0000f53e    00000002     hal_userled_stub.aem4f : llled.oem4f (.text:_llUserLedShutdown)
                  0000f540    00000088     netctrl_min_ipv4.aem4f : netsrv.oem4f (.text:ServiceSpawn)
                  0000f5c8    00000088     stk.aem4f : sockpcb.oem4f (.text:SockPcbCtlError)
                  0000f650    00000086     nettool_ipv4.aem4f : dhcpsm.oem4f (.text:StateRequesting)
                  0000f6d6    00000086     rtsv7M4_T_le_v4SPD16_eabi.lib : fd_cmp_t2.obj (.text:__aeabi_cdcmple)
                  0000f75c    00000086                                   : fd_cmp_t2.obj (.text:__aeabi_cdrcmple)
                  0000f7e2    00000002     hal_ser_stub.aem4f : llserstb.oem4f (.text:llSerialService)
                  0000f7e4    00000084     nettool_ipv4.aem4f : config.oem4f (.text:CfgGetEntry)
                  0000f868    00000084     drivers_tivaware.aem4f : EMACSnow.oem4f (.text:EMACSnow_processPhyInterrupt)
                  0000f8ec    00000084     stk.aem4f : tcpprot.oem4f (.text:TcpPrAttach)
                  0000f970    00000084     eth_network.obj (.text:WebSocketReadAux)
                  0000f9f4    00000084     os.aem4f : mem.oem4f (.text:mmBulkFree)
                  0000fa78    00000084              : mem.oem4f (.text:mmFree)
                  0000fafc    00000004     RTOS_config_pem4f.oem4f (.text:ti_sysbios_knl_Semaphore_delete)
                  0000fb00    00000084     sysbios.aem4f : BIOS.obj (.text:ti_sysbios_family_arm_m3_Hwi_postInit__I)
                  0000fb84    00000084     driverlib.lib : udma.obj (.text:uDMAChannelTransferSet)
                  0000fc08    00000082     nettool_ipv4.aem4f : dhcpsm.oem4f (.text:StateRenewRebind)
                  0000fc8a    00000002     rtsv7M4_T_le_v4SPD16_eabi.lib : i_div0.obj (.text)
                  0000fc8c    00000080     drivers_tivaware.aem4f : EMACSnow.oem4f (.text:EMACSnow_emacStop)
                  0000fd0c    00000080                            : EMACSnow.oem4f (.text:EMACSnow_processPendingTx)
                  0000fd8c    00000080     stk.aem4f : lli.oem4f (.text:LLINew)
                  0000fe0c    00000080     netctrl_min_ipv4.aem4f : netsrv.oem4f (.text:NS_BootTask)
                  0000fe8c    00000080     stk.aem4f : pbm.oem4f (.text:PBM_alloc)
                  0000ff0c    00000080               : raw.oem4f (.text:RawOutput)
                  0000ff8c    0000007f     RTOS_config_pem4f.oem4f (.text:ti_ndk_config_Global_NetworkIPAddr)
                  0001000b    00000001     --HOLE-- [fill = 0]
                  0001000c    0000007e     stk.aem4f : fileuser.oem4f (.text:fdClose)
                  0001008a    00000002     main.obj (.text:signalProcessing_Task)
                  0001008c    0000007c     nettool_ipv4.aem4f : config.oem4f (.text:CfgGetNextEntry)
                  00010108    0000007c     drivers_tivaware.aem4f : EMACSnow.oem4f (.text:EMACSnow_hwiIntFxn)
                  00010184    0000007c     stk.aem4f : igmp.oem4f (.text:IGMPDoMCast)
                  00010200    0000007c               : igmp.oem4f (.text:IGMPJoin)
                  0001027c    0000007c               : socket.oem4f (.text:NDK_setsockopt)
                  000102f8    0000007c               : nimu.oem4f (.text:NIMURegister)
                  00010374    0000007c               : pbm.oem4f (.text:PBM_free)
                  000103f0    0000007a     driverlib.lib : adc.obj (.text:ADCSequenceStepConfigure)
                  0001046a    0000007a     rtsv7M4_T_le_v4SPD16_eabi.lib : memset_t2.obj (.text)
                  000104e4    0000007a     eth_network.obj (.text:sendLength)
                  0001055e    00000002     RTOS_config_pem4f.oem4f (.text:ti_ndk_config_Global_NetworkClose)
                  00010560    00000078     driverlib.lib : emac.obj (.text:EMACInit)
                  000105d8    00000078     stk.aem4f : socket.oem4f (.text:NDK_sendto)
                  00010650    00000078               : tcptime.oem4f (.text:TcpXmitTimer)
                  000106c8    00000078               : fileuser.oem4f (.text:fdOpenSession)
                  00010740    00000078     os.aem4f : task.oem4f (.text:llExit)
                  000107b8    00000076     stk.aem4f : pipe.oem4f (.text:PipeSend)
                  0001082e    00000002     RTOS_config_pem4f.oem4f (.text:ti_sysbios_BIOS_nullFunc__I)
                  00010830    00000075     stk.aem4f : tcptime.oem4f (.text:TcpTimeoutSackRexmt)
                  000108a5    00000001     --HOLE-- [fill = 0]
                  000108a6    00000002     RTOS_config_pem4f.oem4f (.text:ti_uia_loggers_LoggerStopMode_setFilterLevel__E)
                  000108a8    00000074     stk.aem4f : igmp.oem4f (.text:IGMPLeaveHostGroup)
                  0001091c    00000074               : nimu.oem4f (.text:NIMUShutdown)
                  00010990    00000074               : raweth.oem4f (.text:RawEthRxPacket)
                  00010a04    00000074               : sockpcb.oem4f (.text:SockPcbConnect)
                  00010a78    00000074     sysbios.aem4f : BIOS.obj (.text:ti_sysbios_knl_Clock_start__E)
                  00010aec    00000074     ti.uia.runtime.aem4f : QueueDescriptor.oem4f (.text:ti_uia_runtime_QueueDescriptor_addToList__E)
                  00010b60    00000072     os.aem4f : semaphore.oem4f (.text:SemCreateBinary)
                  00010bd2    00000002     ti.uia.loggers.aem4f : LoggerStopMode.oem4f (.text:ti_uia_loggers_LoggerStopMode_setPriority__E)
                  00010bd4    00000070     adc_sample.obj (.text:ADC_Seq0_ISR)
                  00010c44    00000070     stk.aem4f : socket.oem4f (.text:NDK_send)
                  00010cb4    00000070               : rtable.oem4f (.text:RtFlush)
                  00010d24    00000070     netctrl_min_ipv4.aem4f : netsrv.oem4f (.text:SPConfig)
                  00010d94    00000070     stk.aem4f : sock.oem4f (.text:SockShutdown)
                  00010e04    00000070     nettool_ipv4.aem4f : dhcptags.oem4f (.text:dhcpDecodeType)
                  00010e74    00000070     rtsv7M4_T_le_v4SPD16_eabi.lib : printf.obj (.text)
                  00010ee4    0000006e     stk.aem4f : socket.oem4f (.text:NDK_recv)
                  00010f52    00000002     RTOS_config_pem4f.oem4f (.text:xdc_runtime_Startup_reset__I)
                  00010f54    0000006e     stk.aem4f : rtable.oem4f (.text:RtWalkNext)
                  00010fc2    0000006e               : sockpcb.oem4f (.text:SockPcbFindRaw)
                  00011030    0000006d               : node.oem4f (.text:NodeNew)
                  0001109d    00000003     --HOLE-- [fill = 0]
                  000110a0    0000006d     ti.targets.arm.rtsarm.aem4f : System.oem4f (.text:xdc_runtime_System_formatNum__I)
                  0001110d    00000003     --HOLE-- [fill = 0]
                  00011110    0000006c     adc_sample.obj (.text:ADC_Seq1_ISR)
                  0001117c    0000006c     os.aem4f : ossys.oem4f (.text:DbgPrintf)
                  000111e8    0000006c     stk.aem4f : node.oem4f (.text:NodeTreeNew)
                  00011254    0000006c               : raweth.oem4f (.text:RawEthTxPacket)
                  000112c0    0000006c               : udp.oem4f (.text:UdpChecksum)
                  0001132c    0000006c     eth_network.obj (.text:netOpenHook)
                  00011398    0000006c     sysbios.aem4f : BIOS.obj (.text:ti_sysbios_knl_Swi_restoreHwi__E)
                  00011404    00000004     RTOS_config_pem4f.oem4f (.text:ti_sysbios_knl_Semaphore_destruct)
                  00011408    0000006c     sysbios.aem4f : BIOS.obj (.text:ti_sysbios_utils_Load_taskCreateHook__E)
                  00011474    0000006c     ti.targets.arm.rtsarm.aem4f : Error.oem4f (.text:xdc_runtime_Error_print__E)
                  000114e0    0000006c                                 : Memory.oem4f (.text:xdc_runtime_Memory_alloc__E)
                  0001154c    0000006a     stk.aem4f : tcpprot.oem4f (.text:TcpPrInherit)
                  000115b6    00000002     --HOLE-- [fill = 0]
                  000115b8    00000068     driverlib.lib : interrupt.obj (.text:IntEnable)
                  00011620    00000068     stk.aem4f : socket.oem4f (.text:NDK_socket)
                  00011688    00000068               : pbm.oem4f (.text:PBM_open)
                  000116f0    00000068     adc_sample.obj (.text:TIMER_ADC_init)
                  00011758    00000068     stk.aem4f : rtable.oem4f (.text:_RtNodeInsert)
                  000117c0    00000068     rtsv7M4_T_le_v4SPD16_eabi.lib : copy_decompress_lzss.obj (.text:decompress:lzss)
                  00011828    00000068                                   : trgmsg.obj (.text)
                  00011890    00000068     sysbios.aem4f : BIOS.obj (.text:ti_sysbios_utils_Load_addTask__E)
                  000118f8    00000066     ti.uia.loggers.aem4f : LoggerStopMode.oem4f (.text:ti_uia_loggers_LoggerStopMode_flush__E)
                  0001195e    00000066     ti.targets.arm.rtsarm.aem4f : Core-mem.oem4f (.text:xdc_runtime_Core_deleteObject__I)
                  000119c4    00000064     nettool_ipv4.aem4f : config.oem4f (.text:CfgFree)
                  00011a28    00000064     drivers_tivaware.aem4f : GPIOTiva.oem4f (.text:GPIO_hwiIntFxn)
                  00011a8c    00000064     stk.aem4f : pbm.oem4f (.text:PBMQ_enq)
                  00011af0    00000064               : sockint.oem4f (.text:SockSpawnAbort)
                  00011b54    00000064     hal_timer_bios.aem4f : lltimer.oem4f (.text:llTimerTick)
                  00011bb8    00000064     rtsv7M4_T_le_v4SPD16_eabi.lib : fseek.obj (.text)
                  00011c1c    00000064                                   : s_frexp.obj (.text)
                  00011c80    00000064     sysbios.aem4f : BIOS.obj (.text:ti_sysbios_family_arm_lm4_Timer_Module_startup__E)
                  00011ce4    00000064     RTOS_config_pem4f.oem4f (.text:ti_sysbios_family_arm_m3_Hwi_create)
                  00011d48    00000064     stk.aem4f : lliin.oem4f (.text:updateRtTable)
                  00011dac    00000062               : ipin.oem4f (.text:IPRouteIP)
                  00011e0e    00000002     --HOLE-- [fill = 0]
                  00011e10    00000062               : sb.oem4f (.text:SBNew)
                  00011e72    00000002     --HOLE-- [fill = 0]
                  00011e74    00000060     nettool_ipv4.aem4f : config.oem4f (.text:CfgGetEntryCnt)
                  00011ed4    00000060     stk.aem4f : file.oem4f (.text:FdWaitEvent)
                  00011f34    00000060               : nimu.oem4f (.text:NIMUUnregister)
                  00011f94    00000060               : node.oem4f (.text:NodeFind)
                  00011ff4    00000060               : rtc.oem4f (.text:RTCMsg)
                  00012054    00000060               : tcp.oem4f (.text:TcpChecksum)
                  000120b4    00000060     driverlib.lib : timer.obj (.text:TimerConfigure)
                  00012114    00000060     nettool_ipv4.aem4f : dhcptags.oem4f (.text:dhcpBuildOptions)
                  00012174    00000060     rtsv7M4_T_le_v4SPD16_eabi.lib : sprintf.obj (.text)
                  000121d4    00000004     RTOS_config_pem4f.oem4f (.text:ti_sysbios_knl_Swi_delete)
                  000121d8    00000060     sysbios.aem4f : BIOS.obj (.text:ti_sysbios_family_arm_lm4_Timer_isrStub__E)
                  00012238    00000060                   : BIOS.obj (.text:ti_sysbios_knl_Clock_logTick__E)
                  00012298    00000060                   : BIOS.obj (.text:ti_sysbios_utils_Load_logCPULoad__I)
                  000122f8    00000060                   : BIOS.obj (.text:ti_sysbios_utils_Load_updateCurrentThreadTime__E)
                  00012358    0000005e     stk.aem4f : route.oem4f (.text:RtRemove)
                  000123b6    0000005e     nettool_ipv4.aem4f : dhcpsm.oem4f (.text:StateSelecting)
                  00012414    0000005e     stk.aem4f : vlan.oem4f (.text:VLANReceivePacket)
                  00012472    00000002     --HOLE-- [fill = 0]
                  00012474    0000005c     nettool_ipv4.aem4f : config.oem4f (.text:CfgSetExecuteOrder)
                  000124d0    0000005c     stk.aem4f : nimu.oem4f (.text:NIMUIoctlSpecialCmd)
                  0001252c    0000005c     netctrl_min_ipv4.aem4f : netsrv.oem4f (.text:SPService)
                  00012588    0000005c     RTOS_config_pem4f.oem4f (.text:ti_sysbios_knl_Swi_create)
                  000125e4    00000004     RTOS_config_pem4f.oem4f (.text:ti_sysbios_knl_Task_delete)
                  000125e8    0000005c     sysbios.aem4f : BIOS.obj (.text:ti_sysbios_knl_Swi_schedule__I)
                  00012644    0000005c     RTOS_config_pem4f.oem4f (.text:ti_sysbios_knl_Task_create)
                  000126a0    0000005b     ti.targets.arm.rtsarm.aem4f : Text.oem4f (.text:xdc_runtime_Text_putLab__E)
                  000126fb    00000001     --HOLE-- [fill = 0]
                  000126fc    0000005a     stk.aem4f : route.oem4f (.text:RtRedirect)
                  00012756    0000005a               : tcpprot.oem4f (.text:TcpValidateMetrics)
                  000127b0    0000005a     nettool_ipv4.aem4f : dhcpbild.oem4f (.text:dhcpBuildDecline)
                  0001280a    0000005a     os.aem4f : mem.oem4f (.text:mmCopy)
                  00012864    0000005a     RTOS_config_pem4f.oem4f (.text:ti_ndk_config_tcp_init)
                  000128be    00000002     --HOLE-- [fill = 0]
                  000128c0    00000058     stk.aem4f : bind.oem4f (.text:BindFree)
                  00012918    00000058     boot.aem4f : boot.oem4f (.text)
                  00012970    00000058     driverlib.lib : emac.obj (.text:EMACPHYConfigSet)
                  000129c8    00000058     stk.aem4f : igmp.oem4f (.text:IGMPTimer)
                  00012a20    00000058     os.aem4f : semaphore.oem4f (.text:SemCreate)
                  00012a78    00000058     driverlib.lib : timer.obj (.text:TimerControlTrigger)
                  00012ad0    00000058     sysbios.aem4f : m3_Hwi_asm_switch.obj (.text:ti_sysbios_family_arm_m3_Hwi_initStacks__E)
                  00012b28    00000056     driverlib.lib : gpio.obj (.text:GPIOIntTypeSet)
                  00012b7e    00000002     --HOLE-- [fill = 0]
                  00012b80    00000054     nettool_ipv4.aem4f : config.oem4f (.text:CfgEntryDeRef)
                  00012bd4    00000054     stk.aem4f : igmp.oem4f (.text:IGMPLeave)
                  00012c28    00000054               : rawethsock_pcb.oem4f (.text:RawEthSockPcbAttach)
                  00012c7c    00000054               : sockpcb.oem4f (.text:SockCleanPcb)
                  00012cd0    00000054               : tcptime.oem4f (.text:TcpTimeoutPersist)
                  00012d24    00000054     rtsv7M4_T_le_v4SPD16_eabi.lib : exit.obj (.text)
                  00012d78    00000054                                   : ltoa.obj (.text)
                  00012dcc    00000004     ti.uia.loggers.aem4f : LoggerStopMode.oem4f (.text:ti_uia_loggers_LoggerStopMode_getContents__E)
                  00012dd0    00000054     sysbios.aem4f : BIOS.obj (.text:ti_sysbios_knl_Swi_Instance_finalize__E)
                  00012e24    00000004     RTOS_config_pem4f.oem4f (.text:ti_uia_loggers_LoggerStopMode_getFilterLevel__E)
                  00012e28    00000054     sysbios.aem4f : BIOS.obj (.text:ti_sysbios_utils_Load_taskSwitchHook__E)
                  00012e7c    00000054     ti.targets.arm.rtsarm.aem4f : Assert.oem4f (.text:xdc_runtime_Assert_raise__I)
                  00012ed0    00000053     eth_network.obj (.text:tcpHandler)
                  00012f23    00000001     --HOLE-- [fill = 0]
                  00012f24    00000052     stk.aem4f : tcpprot.oem4f (.text:TcpPrDetach)
                  00012f76    00000002     --HOLE-- [fill = 0]
                  00012f78    00000050     drivers_tivaware.aem4f : GPIOTiva.oem4f (.text:GPIO_setCallback)
                  00012fc8    00000050                            : GPIOTiva.oem4f (.text:GPIO_toggle)
                  00013018    00000050     stk.aem4f : socket.oem4f (.text:NDK_bind)
                  00013068    00000050               : socket.oem4f (.text:NDK_connect)
                  000130b8    00000050               : route.oem4f (.text:RtNew)
                  00013108    00000050     driverlib.lib : sysctl.obj (.text:SysCtlPeripheralReset)
                  00013158    00000050     Boot.aem4f : Boot_sysctl.oem4f (.text:_SysCtlFrequencyGet)
                  000131a8    00000050     sysbios.aem4f : BIOS.obj (.text:ti_sysbios_family_arm_m3_Hwi_Module_startup__E)
                  000131f8    00000050     ti.targets.arm.rtsarm.aem4f : Startup.oem4f (.text:xdc_runtime_Startup_exec__E)
                  00013248    00000050                                 : Text.oem4f (.text:xdc_runtime_Text_visitRope2__I)
                  00013298    0000004e     stk.aem4f : node.oem4f (.text:NodeDeRef)
                  000132e6    0000004e     nettool_ipv4.aem4f : config.oem4f (.text:_CfgEntryScan)
                  00013334    0000004c                        : ipaddr.oem4f (.text:NtAddNetwork)
                  00013380    0000004c     stk.aem4f : sockint.oem4f (.text:SockValidateRoute)
                  000133cc    0000004c     main.obj (.text:main)
                  00013418    0000004c     rtsv7M4_T_le_v4SPD16_eabi.lib : atoi.obj (.text)
                  00013464    0000004c                                   : cpy_tbl.obj (.text)
                  000134b0    0000004c     sysbios.aem4f : BIOS.obj (.text:ti_sysbios_heaps_HeapMem_getStats__E)
                  000134fc    00000004     ti.uia.loggers.aem4f : LoggerStopMode.oem4f (.text:ti_uia_loggers_LoggerStopMode_getInstanceId__E)
                  00013500    0000004c     sysbios.aem4f : BIOS.obj (.text:ti_sysbios_knl_Swi_runLoop__I)
                  0001354c    00000004     ti.uia.loggers.aem4f : LoggerStopMode.oem4f (.text:ti_uia_loggers_LoggerStopMode_getMaxLength__E)
                  00013550    0000004c     sysbios.aem4f : BIOS.obj (.text:ti_sysbios_knl_Task_allBlockedFunction__I)
                  0001359c    0000004c     ti.uia.loggers.aem4f : LoggerStopMode.oem4f (.text:ti_uia_loggers_LoggerStopMode_Module_startup__E)
                  000135e8    0000004a     netctrl_min_ipv4.aem4f : netsrv.oem4f (.text:ServiceKill)
                  00013632    0000004a     stk.aem4f : sock.oem4f (.text:SockDisconnect)
                  0001367c    0000004a               : timer.oem4f (.text:TimerNew)
                  000136c6    00000048     nettool_ipv4.aem4f : config.oem4f (.text:CfgNew)
                  0001370e    00000002     --HOLE-- [fill = 0]
                  00013710    00000048     driverlib.lib : gpio.obj (.text:GPIOPinConfigure)
                  00013758    00000048     stk.aem4f : lli.oem4f (.text:LLIMsg)
                  000137a0    00000048               : node.oem4f (.text:NodeWalk)
                  000137e8    00000048               : rawethsock_pcb.oem4f (.text:RawEthSockPcbDetach)
                  00013830    00000048               : sockpcb.oem4f (.text:SockPcbResolveChain)
                  00013878    00000048               : tcpprot.oem4f (.text:TcpDrop)
                  000138c0    00000048               : lli.oem4f (.text:_LLIExpListInsert)
                  00013908    00000048               : rtable.oem4f (.text:_RtExpListInsert)
                  00013950    00000048     driverlib.lib : sysctl.obj (.text:_SysCtlFrequencyGet)
                  00013998    00000048     stk.aem4f : file.oem4f (.text:fdint_lockfd)
                  000139e0    00000048     rtsv7M4_T_le_v4SPD16_eabi.lib : fd_toi_t2.obj (.text)
                  00013a28    00000048     sysbios.aem4f : BIOS.obj (.text:ti_sysbios_family_arm_m3_Hwi_disableInterrupt__E)
                  00013a70    00000048                   : BIOS.obj (.text:ti_sysbios_family_arm_m3_Hwi_enableInterrupt__E)
                  00013ab8    00000048                   : BIOS.obj (.text:ti_sysbios_family_arm_m3_Hwi_excReserved__I)
                  00013b00    00000048                   : BIOS.obj (.text:ti_sysbios_knl_Task_deleteTerminatedTasksFunc__I)
                  00013b48    00000048                   : BIOS.obj (.text:ti_sysbios_utils_Load_taskDeleteHook__E)
                  00013b90    00000048     driverlib.lib : udma.obj (.text:uDMAChannelAttributeDisable)
                  00013bd8    00000048                   : udma.obj (.text:uDMAChannelAttributeEnable)
                  00013c20    00000046     nettool_ipv4.aem4f : ipaddr.oem4f (.text:NtIfIdx2Ip)
                  00013c66    00000046     stk.aem4f : rawethsock.oem4f (.text:RawEthSockSend)
                  00013cac    00000046               : tcpprot.oem4f (.text:TcpPrCtlError)
                  00013cf2    00000046     os.aem4f : mem.oem4f (.text:mmZeroInit)
                  00013d38    00000046     ti.targets.arm.rtsarm.aem4f : Core-params.oem4f (.text:xdc_runtime_Core_assignParams__I)
                  00013d7e    00000002     --HOLE-- [fill = 0]
                  00013d80    00000044     drivers_tivaware.aem4f : EMACSnow.oem4f (.text:EMACSnow_processTransmitted)
                  00013dc4    00000044     stk.aem4f : icmp.oem4f (.text:ICMPChecksum)
                  00013e08    00000044               : ipfrag.oem4f (.text:IPReasmFree)
                  00013e4c    00000044               : lli.oem4f (.text:LLIGetValidTime)
                  00013e90    00000044               : rtable.oem4f (.text:RouteMsg)
                  00013ed4    00000044               : rtable.oem4f (.text:RtWalkEnd)
                  00013f18    00000044               : sockpcb.oem4f (.text:SockPcbDetach)
                  00013f5c    00000044               : timer.oem4f (.text:TimerListInsert)
                  00013fa0    00000044     hal_timer_bios.aem4f : lltimer.oem4f (.text:llTimerGetTime)
                  00013fe4    00000004     ti.uia.loggers.aem4f : LoggerStopMode.oem4f (.text:ti_uia_loggers_LoggerStopMode_getPriority__E)
                  00013fe8    00000044     sysbios.aem4f : BIOS.obj (.text:ti_sysbios_family_arm_lm4_Timer_stop__E)
                  0001402c    00000004     ti.uia.loggers.aem4f : LoggerStopMode.oem4f (.text:ti_uia_loggers_LoggerStopMode_getTransferType__E)
                  00014030    00000044     sysbios.aem4f : BIOS.obj (.text:ti_sysbios_family_arm_m3_Hwi_getStackInfo__E)
                  00014074    00000004     ti.targets.arm.rtsarm.aem4f : Error.oem4f (.text:xdc_runtime_Error_getMsg__E)
                  00014078    00000044     sysbios.aem4f : BIOS.obj (.text:ti_sysbios_utils_Load_removeTask__E)
                  000140bc    00000044     ti.uia.loggers.aem4f : LoggerStopMode.oem4f (.text:ti_uia_loggers_LoggerStopMode_initBuffer__I)
                  00014100    00000044     ti.targets.arm.rtsarm.aem4f : Error.oem4f (.text:xdc_runtime_Error_setX__E)
                  00014144    00000044                                 : SysMin.oem4f (.text:xdc_runtime_SysMin_flush__E)
                  00014188    00000044                                 : Text.oem4f (.text:xdc_runtime_Text_xprintf__I)
                  000141cc    00000042     stk.aem4f : tcpprot.oem4f (.text:TcpPrSendOOB)
                  0001420e    00000042               : fileuser.oem4f (.text:fdCloseSession)
                  00014250    00000040               : lliin.oem4f (.text:LLIValidateRoute)
                  00014290    00000040               : pbm.oem4f (.text:PBM_copy)
                  000142d0    00000040               : sockpcb.oem4f (.text:SockPcbRtChange)
                  00014310    00000040               : tcpprot.oem4f (.text:TcpPrSend)
                  00014350    00000040     rtsv7M4_T_le_v4SPD16_eabi.lib : strtok.obj (.text)
                  00014390    00000040                                   : u_divt2.obj (.text)
                  000143d0    00000040     sysbios.aem4f : BIOS.obj (.text:ti_sysbios_family_arm_lm4_Timer_startup__E)
                  00014410    0000003e     driverlib.lib : adc.obj (.text:ADCSequenceConfigure)
                  0001444e    0000003e     nettool_ipv4.aem4f : dhcpmain.oem4f (.text:DHCPClose)
                  0001448c    0000003e     stk.aem4f : nimu.oem4f (.text:NIMUAllocateName)
                  000144ca    0000003e     os.aem4f : task.oem4f (.text:TaskCreate)
                  00014508    0000003e     stk.aem4f : tcpprot.oem4f (.text:TcpPrDisconnect)
                  00014546    0000003e               : file.oem4f (.text:fdint_unlockfd)
                  00014584    0000003e     RTOS_config_pem4f.oem4f (.text:realloc)
                  000145c2    0000003c     nettool_ipv4.aem4f : config.oem4f (.text:CfgEntryGetData)
                  000145fe    0000003c     driverlib.lib : emac.obj (.text:EMACIntDisable)
                  0001463a    0000003c     stk.aem4f : node.oem4f (.text:NodeUpdatePL)
                  00014676    00000002     --HOLE-- [fill = 0]
                  00014678    0000003c               : rtable.oem4f (.text:RtWalkBegin)
                  000146b4    0000003c               : tcpprot.oem4f (.text:TcpPrConnect)
                  000146f0    0000003c               : tcptime.oem4f (.text:TcpSetPersist)
                  0001472c    0000003c               : rtc.oem4f (.text:_RTCSendRtAdv)
                  00014768    0000003c               : rtable.oem4f (.text:_RtNodeRemove)
                  000147a4    0000003c     hal_timer_bios.aem4f : lltimer.oem4f (.text:_llTimerInit)
                  000147e0    0000003c     sysbios.aem4f : BIOS.obj (.text:ti_sysbios_family_arm_m3_Hwi_excSvCall__I)
                  0001481c    00000004     ti.targets.arm.rtsarm.aem4f : Error.oem4f (.text:xdc_runtime_Error_getSite__E)
                  00014820    0000003c     sysbios.aem4f : BIOS.obj (.text:ti_sysbios_heaps_HeapMem_init__I)
                  0001485c    00000004     RTOS_config_pem4f.oem4f (.text:xdc_runtime_System_Module_GateProxy_enter__E)
                  00014860    0000003c     sysbios.aem4f : BIOS.obj (.text:ti_sysbios_knl_Swi_startup__E)
                  0001489c    0000003a     driverlib.lib : emac.obj (.text:EMACIntEnable)
                  000148d6    00000002     --HOLE-- [fill = 0]
                  000148d8    00000038                   : emac.obj (.text:EMACConfigGet)
                  00014910    00000038     stk.aem4f : ipfrag.oem4f (.text:IPReasmTimeout)
                  00014948    00000038               : node.oem4f (.text:NodeGetRt)
                  00014980    00000038     driverlib.lib : sysctl.obj (.text:SysCtlPeripheralReady)
                  000149b8    00000038     stk.aem4f : tcpprot.oem4f (.text:TcpClose)
                  000149f0    00000038               : timer.oem4f (.text:TimerHSTick)
                  00014a28    00000038     nettool_ipv4.aem4f : dhcpbild.oem4f (.text:dhcpBuildDiscover)
                  00014a60    00000038                        : dhcptags.oem4f (.text:dhcpOptionsClear)
                  00014a98    00000038     stk.aem4f : file.oem4f (.text:fdint_waitevent)
                  00014ad0    00000038     sysbios.aem4f : BIOS.obj (.text:ti_sysbios_family_arm_m3_Hwi_excNoIsr__I)
                  00014b08    00000038     RTOS_config_pem4f.oem4f (.text:ti_sysbios_knl_Clock_create)
                  00014b40    00000038     sysbios.aem4f : BIOS.obj (.text:ti_sysbios_knl_Task_processVitalTaskFlag__I)
                  00014b78    00000038     ti.targets.arm.rtsarm.aem4f : SysMin.oem4f (.text:xdc_runtime_SysMin_putch__E)
                  00014bb0    00000038                                 : System.oem4f (.text:xdc_runtime_System_atexit__E)
                  00014be8    00000036     stk.aem4f : ip.oem4f (.text:IPChecksum)
                  00014c1e    00000036     rtsv7M4_T_le_v4SPD16_eabi.lib : strncpy.obj (.text)
                  00014c54    00000034     nettool_ipv4.aem4f : config.oem4f (.text:CfgSetService)
                  00014c88    00000034     driverlib.lib : emac.obj (.text:EMACConfigSet)
                  00014cbc    00000034                   : emac.obj (.text:EMACIntClear)
                  00014cf0    00000034     drivers_tivaware.aem4f : EMACSnow.oem4f (.text:EMACSnow_emacPoll)
                  00014d24    00000034                            : EMACSnow.oem4f (.text:EMACSnow_isLinkUp)
                  00014d58    00000034                            : EMAC.oem4f (.text:EMAC_init)
                  00014d8c    00000034     stk.aem4f : exec.oem4f (.text:ExecClose)
                  00014dc0    00000034               : nimu.oem4f (.text:NIMUFindByName)
                  00014df4    00000034               : nimu.oem4f (.text:NIMUInit)
                  00014e28    00000034               : rawethsock.oem4f (.text:RawEthSockNotify)
                  00014e5c    00000034               : sockprot.oem4f (.text:SockPrCtlError)
                  00014e90    00000034     driverlib.lib : sysctl.obj (.text:SysCtlPeripheralEnable)
                  00014ec4    00000034     os.aem4f : mem.oem4f (.text:mmUnInitPage)
                  00014ef8    00000034     rtsv7M4_T_le_v4SPD16_eabi.lib : strstr.obj (.text)
                  00014f2c    00000004     RTOS_config_pem4f.oem4f (.text:xdc_runtime_System_Module_GateProxy_leave__E)
                  00014f30    00000034     sysbios.aem4f : BIOS.obj (.text:ti_sysbios_family_arm_m3_Hwi_Instance_finalize__E)
                  00014f64    00000004     ti.targets.arm.rtsarm.aem4f : System.oem4f (.text:xdc_runtime_System_aprintf_va__F)
                  00014f68    00000034     sysbios.aem4f : BIOS.obj (.text:ti_sysbios_family_arm_m3_Hwi_excNmi__I)
                  00014f9c    00000004     ti.targets.arm.rtsarm.aem4f : System.oem4f (.text:xdc_runtime_System_printf_va__F)
                  00014fa0    00000034     sysbios.aem4f : BIOS.obj (.text:ti_sysbios_hal_Hwi_checkStack)
                  00014fd4    00000034     RTOS_config_pem4f.oem4f (.text:ti_sysbios_knl_Semaphore_create)
                  00015008    00000034     ti.uia.loggers.aem4f : LoggerStopMode.oem4f (.text:ti_uia_loggers_LoggerStopMode_reset__E)
                  0001503c    00000034     ti.targets.arm.rtsarm.aem4f : Core-label.oem4f (.text:xdc_runtime_Core_assignLabel__I)
                  00015070    00000033                                 : Text.oem4f (.text:xdc_runtime_Text_printVisFxn__I)
                  000150a3    00000001     --HOLE-- [fill = 0]
                  000150a4    00000032     nettool_ipv4.aem4f : config.oem4f (.text:CfgGetImmediate)
                  000150d6    00000032     stk.aem4f : route.oem4f (.text:RtDeRef)
                  00015108    00000032               : route.oem4f (.text:RtSetFailure)
                  0001513a    00000032               : sb.oem4f (.text:SBFlush)
                  0001516c    00000032               : sb.oem4f (.text:SBSetMax)
                  0001519e    00000032               : sock.oem4f (.text:SockIntAbort)
                  000151d0    00000032     nettool_ipv4.aem4f : config.oem4f (.text:_CfgAcquire)
                  00015202    00000032                        : dhcpsm.oem4f (.text:dhcpIPRemove)
                  00015234    00000004     --HOLE-- [fill = 0]
                  00015238    00000032     sysbios.aem4f : BIOS.obj (.text:ti_sysbios_hal_Hwi_initStack)
                  0001526a    00000006     driverlib.lib : emac.obj (.text:EMACRxDMADescriptorListSet)
                  00015270    00000032     sysbios.aem4f : BIOS.obj (.text:ti_sysbios_knl_Semaphore_pendTimeout__I)
                  000152a2    00000030     driverlib.lib : emac.obj (.text:EMACAddrSet)
                  000152d2    00000002     --HOLE-- [fill = 0]
                  000152d4    00000030     drivers_tivaware.aem4f : EMACSnow.oem4f (.text:EMACSnow_handlePackets)
                  00015304    00000030     netctrl_min_ipv4.aem4f : netsrv.oem4f (.text:NS_PreBoot)
                  00015334    00000030     stk.aem4f : sock.oem4f (.text:SockBind)
                  00015364    00000030     nettool_ipv4.aem4f : dhcpsock.oem4f (.text:dhcpPacketSend)
                  00015394    00000030     stk.aem4f : listlib.oem4f (.text:list_remove_node)
                  000153c4    00000030     RTOS_config_pem4f.oem4f (.text:ti_sysbios_BIOS_atExitFunc__I)
                  000153f4    00000004     --HOLE-- [fill = 0]
                  000153f8    00000030     sysbios.aem4f : BIOS.obj (.text:ti_sysbios_family_arm_m3_TaskSupport_start__E)
                  00015428    00000030     RTOS_config_pem4f.oem4f (.text:ti_sysbios_gates_GateHwi_Object__create__S)
                  00015458    00000030     RTOS_config_pem4f.oem4f (.text:ti_sysbios_gates_GateMutex_Object__create__S)
                  00015488    00000030     RTOS_config_pem4f.oem4f (.text:ti_sysbios_heaps_HeapMem_Object__create__S)
                  000154b8    00000030     RTOS_config_pem4f.oem4f (.text:ti_sysbios_knl_Semaphore_construct)
                  000154e8    00000030     RTOS_config_pem4f.oem4f (.text:ti_uia_loggers_LoggerStopMode_Object__create__S)
                  00015518    00000030     ti.targets.arm.rtsarm.aem4f : SysMin.oem4f (.text:xdc_runtime_SysMin_abort__E)
                  00015548    00000030                                 : System.oem4f (.text:xdc_runtime_System_processAtExit__E)
                  00015578    0000002e     stk.aem4f : sb.oem4f (.text:SBFree)
                  000155a6    0000002e     RTOS_config_pem4f.oem4f (.text:malloc)
                  000155d4    0000002e     rtsv7M4_T_le_v4SPD16_eabi.lib : i_tofd_t2.obj (.text)
                  00015602    0000002c     driverlib.lib : emac.obj (.text:EMACIntStatus)
                  0001562e    0000002c     stk.aem4f : file.oem4f (.text:FdSignalEvent)
                  0001565a    00000002     --HOLE-- [fill = 0]
                  0001565c    0000002c               : igmp.oem4f (.text:IGMPTestGroup)
                  00015688    0000002c     os.aem4f : task.oem4f (.text:NDK_hookCreate)
                  000156b4    0000002c     stk.aem4f : nimu.oem4f (.text:NIMUAllocateIndex)
                  000156e0    0000002c               : nimu.oem4f (.text:NIMUPacketServiceCheck)
                  0001570c    0000002c               : pipe.oem4f (.text:PipeClose)
                  00015738    0000002c               : sockpcb.oem4f (.text:SockPcbAttach)
                  00015764    0000002c               : lli.oem4f (.text:_LLIExpListRemove)
                  00015790    0000002c               : lli.oem4f (.text:_LLITimeoutFlush)
                  000157bc    0000002c               : rtable.oem4f (.text:_RtExpListRemove)
                  000157e8    0000002c     RTOS_config_pem4f.oem4f (.text:ti_sysbios_knl_Clock_doTick__I)
                  00015814    0000002c     RTOS_config_pem4f.oem4f (.text:ti_sysbios_knl_Queue_construct)
                  00015840    0000002c     sysbios.aem4f : BIOS.obj (.text:ti_sysbios_knl_Task_restore__E)
                  0001586c    0000002c     driverlib.lib : udma.obj (.text:uDMAChannelAssign)
                  00015898    0000002c     ti.targets.arm.rtsarm.aem4f : Text.oem4f (.text:xdc_runtime_Text_cordText__E)
                  000158c4    0000002a     driverlib.lib : gpio.obj (.text:GPIODirModeSet)
                  000158ee    0000002a     stk.aem4f : pbm.oem4f (.text:PBMQ_deq)
                  00015918    0000002a     netctrl_min_ipv4.aem4f : netsrv.oem4f (.text:ServiceCallback)
                  00015942    0000002a     nettool_ipv4.aem4f : config.oem4f (.text:_CfgRelease)
                  0001596c    0000002a     rtsv7M4_T_le_v4SPD16_eabi.lib : strspn.obj (.text)
                  00015996    0000002a     eth_network.obj (.text:sendMask)
                  000159c0    0000002a     ti.targets.arm.rtsarm.aem4f : System.oem4f (.text:xdc_runtime_System_putchar__I)
                  000159ea    00000002     --HOLE-- [fill = 0]
                  000159ec    00000028     stk.aem4f : bind.oem4f (.text:BindFindByNet)
                  00015a14    00000028               : lli.oem4f (.text:LLIFree)
                  00015a3c    00000028     netctrl_min_ipv4.aem4f : netctrl.oem4f (.text:NC_SystemClose)
                  00015a64    00000028     stk.aem4f : nimu.oem4f (.text:NIMUCreatePacket)
                  00015a8c    00000028               : nimu.oem4f (.text:NIMUPacketService)
                  00015ab4    00000028               : tcpin.oem4f (.text:TcpEnterTimeWait)
                  00015adc    00000028               : timer.oem4f (.text:TimerListRemove)
                  00015b04    00000028               : vlan.oem4f (.text:VLANFindSourceInterface)
                  00015b2c    00000028               : vlan.oem4f (.text:VLANInit)
                  00015b54    00000028     nettool_ipv4.aem4f : dhcpsock.oem4f (.text:dhcpPacketReceive)
                  00015b7c    00000028     drivers_tivaware.aem4f : EMACSnow.oem4f (.text:signalLinkChange)
                  00015ba4    00000028     RTOS_config_pem4f.oem4f (.text:ti_sysbios_BIOS_startFunc__I)
                  00015bcc    00000004     --HOLE-- [fill = 0]
                  00015bd0    00000028     sysbios.aem4f : BIOS.obj (.text:ti_sysbios_knl_Swi_Module_startup__E)
                  00015bf8    00000028     driverlib.lib : udma.obj (.text:uDMAChannelModeGet)
                  00015c20    00000026     nettool_ipv4.aem4f : config.oem4f (.text:CfgEntryInfo)
                  00015c46    00000026     driverlib.lib : emac.obj (.text:EMACPHYRead)
                  00015c6c    00000026                   : emac.obj (.text:EMACPHYWrite)
                  00015c92    00000026     stk.aem4f : rawethsock.oem4f (.text:RawEthSockClose)
                  00015cb8    00000026     RTOS_config_pem4f.oem4f (.text:ti_ndk_config_udp_init)
                  00015cde    00000026     sysbios.aem4f : m3_Hwi_asm.obj (.text:ti_sysbios_family_arm_m3_Hwi_pendSV__I)
                  00015d04    00000026     ti.targets.arm.rtsarm.aem4f : System.oem4f (.text:xdc_runtime_System_avprintf__E)
                  00015d2a    00000002     --HOLE-- [fill = 0]
                  00015d2c    00000024     stk.aem4f : bind.oem4f (.text:BindFindByHost)
                  00015d50    00000024               : bind.oem4f (.text:BindGetIFByDBCast)
                  00015d74    00000024     drivers_tivaware.aem4f : EMACSnow.oem4f (.text:EMACSnow_pkt_service)
                  00015d98    00000024                            : EMACSnow.oem4f (.text:EMACSnow_primeRx)
                  00015dbc    00000024     stk.aem4f : exec.oem4f (.text:ExecTimer)
                  00015de0    00000024               : nimu.oem4f (.text:NIMUFindByIndex)
                  00015e04    00000024               : rtc.oem4f (.text:RTCAddHook)
                  00015e28    00000024               : rawethsock_pcb.oem4f (.text:RawEthSockPcbFind)
                  00015e4c    00000024               : route.oem4f (.text:RtFree)
                  00015e70    00000024               : route.oem4f (.text:RtSetTimeout)
                  00015e94    00000024               : sockpcb.oem4f (.text:SockPcbCleanup)
                  00015eb8    00000024               : tcptime.oem4f (.text:TcpTimeoutWait2)
                  00015edc    00000024     nettool_ipv4.aem4f : config.oem4f (.text:_CfgEntryProcess)
                  00015f00    00000024     rtsv7M4_T_le_v4SPD16_eabi.lib : strcspn.obj (.text)
                  00015f24    00000024     RTOS_config_pem4f.oem4f (.text:ti_sysbios_BIOS_registerRTSLock__I)
                  00015f48    00000024     RTOS_config_pem4f.oem4f (.text:ti_sysbios_BIOS_removeRTSLock__I)
                  00015f6c    00000004     --HOLE-- [fill = 0]
                  00015f70    00000024     sysbios.aem4f : BIOS.obj (.text:ti_sysbios_family_arm_m3_Hwi_doTaskRestore__I)
                  00015f94    00000024     RTOS_config_pem4f.oem4f (.text:ti_sysbios_gates_GateMutex_Object__delete__S)
                  00015fb8    00000024     sysbios.aem4f : BIOS.obj (.text:ti_sysbios_knl_Clock_Module_startup__E)
                  00015fdc    00000024     RTOS_config_pem4f.oem4f (.text:ti_sysbios_knl_Semaphore_Object__delete__S)
                  00016000    00000024     driverlib.lib : udma.obj (.text:uDMAChannelControlSet)
                  00016024    00000024     ti.targets.arm.rtsarm.aem4f : System.oem4f (.text:xdc_runtime_System_vprintf__E)
                  00016048    00000022     nettool_ipv4.aem4f : config.oem4f (.text:CfgEntryRef)
                  0001606a    00000022     stk.aem4f : vlan.oem4f (.text:VLANFindNode)
                  0001608c    00000022     eth_network.obj (.text:setsockopt)
                  000160ae    00000002     --HOLE-- [fill = 0]
                  000160b0    00000022     sysbios.aem4f : BIOS.obj (.text:ti_sysbios_family_arm_lm4_Timer_write__I)
                  000160d2    00000022     RTOS_config_pem4f.oem4f (.text:xdc_runtime_SysMin_output__I)
                  000160f4    00000020     netctrl_min_ipv4.aem4f : netctrl.oem4f (.text:NC_BootComplete)
                  00016114    00000020     stk.aem4f : nimu.oem4f (.text:NIMUGetNumOfObject)
                  00016134    00000020               : rtc.oem4f (.text:RTCRemoveHook)
                  00016154    00000020               : tcp.oem4f (.text:TcpTimeoutRemove)
                  00016174    00000020     Boot.aem4f : Boot_sysctl.oem4f (.text:_SysCtlMemTimingGet)
                  00016194    00000020     rtsv7M4_T_le_v4SPD16_eabi.lib : memchr.obj (.text)
                  000161b4    00000020     eth_network.obj (.text:sendOpcode)
                  000161d4    00000020     RTOS_config_pem4f.oem4f (.text:ti_sysbios_BIOS_rtsLock__I)
                  000161f4    00000020     RTOS_config_pem4f.oem4f (.text:ti_sysbios_family_arm_m3_Hwi_Object__delete__S)
                  00016214    00000020     sysbios.aem4f : m3_Hwi_asm.obj (.text:ti_sysbios_family_arm_m3_Hwi_excHandlerAsm__I)
                  00016234    00000004     --HOLE-- [fill = 0]
                  00016238    00000020                   : BIOS.obj (.text:ti_sysbios_family_arm_m3_Hwi_excHandler__I)
                  00016258    00000020     RTOS_config_pem4f.oem4f (.text:ti_sysbios_gates_GateHwi_Object__delete__S)
                  00016278    00000020     RTOS_config_pem4f.oem4f (.text:ti_sysbios_heaps_HeapMem_Object__delete__S)
                  00016298    00000020     sysbios.aem4f : BIOS.obj (.text:ti_sysbios_knl_Idle_run__E)
                  000162b8    00000020     RTOS_config_pem4f.oem4f (.text:ti_sysbios_knl_Semaphore_Object__destruct__S)
                  000162d8    00000020     RTOS_config_pem4f.oem4f (.text:ti_sysbios_knl_Swi_Object__delete__S)
                  000162f8    00000020     RTOS_config_pem4f.oem4f (.text:ti_sysbios_knl_Task_Object__delete__S)
                  00016318    00000020     RTOS_config_pem4f.oem4f (.text:ti_uia_loggers_LoggerStopMode_Object__delete__S)
                  00016338    00000020     ti.targets.arm.rtsarm.aem4f : Registry.oem4f (.text:xdc_runtime_Registry_findById__E)
                  00016358    00000020                                 : SysMin.oem4f (.text:xdc_runtime_SysMin_Module_startup__E)
                  00016378    0000001e     stk.aem4f : listlib.oem4f (.text:list_remove)
                  00016396    0000001e     eth_network.obj (.text:recv)
                  000163b4    0000001e     eth_network.obj (.text:send)
                  000163d2    0000001e     RTOS_config_pem4f.oem4f (.text:ti_sysbios_BIOS_errorRaiseHook__I)
                  000163f0    0000001e     sysbios.aem4f : m3_Hwi_asm_switch.obj (.text:ti_sysbios_family_xxx_Hwi_switchAndRunFunc)
                  0001640e    00000002     --HOLE-- [fill = 0]
                  00016410    0000001c     stk.aem4f : bind.oem4f (.text:BindFindByIF)
                  0001642c    0000001c               : exec.oem4f (.text:ExecBroadcast)
                  00016448    0000001c     os.aem4f : ossys.oem4f (.text:NDK_sprintf)
                  00016464    0000001c     stk.aem4f : nimu.oem4f (.text:NIMUAddHeader)
                  00016480    0000001c               : sockprot.oem4f (.text:SockPrDetach)
                  0001649c    0000001c     os.aem4f : task.oem4f (.text:TaskDestroy)
                  000164b8    0000001c     driverlib.lib : sysctl.obj (.text:_SysCtlMemTimingGet)
                  000164d4    0000001c     drivers_tivaware.aem4f : GPIOTiva.oem4f (.text:getGpioIntIndex)
                  000164f0    0000001c     rtsv7M4_T_le_v4SPD16_eabi.lib : memccpy.obj (.text)
                  0001650c    0000001c     RTOS_config_pem4f.oem4f (.text:ti_ndk_config_global_taskCreateHook)
                  00016528    0000001c     sysbios.aem4f : BIOS.obj (.text:ti_sysbios_gates_GateMutex_Instance_init__E)
                  00016544    0000001c     RTOS_config_pem4f.oem4f (.text:ti_sysbios_knl_Queue_Object__destruct__S)
                  00016560    0000001c     sysbios.aem4f : BIOS.obj (.text:ti_sysbios_knl_Task_enter__I)
                  0001657c    0000001c     ti.uia.loggers.aem4f : LoggerStopMode.oem4f (.text:ti_uia_loggers_LoggerStopMode_Instance_init__E)
                  00016598    0000001c     ti.targets.arm.rtsarm.aem4f : Error.oem4f (.text:xdc_runtime_Error_raiseX__E)
                  000165b4    0000001c                                 : Memory.oem4f (.text:xdc_runtime_Memory_valloc__E)
                  000165d0    0000001c                                 : SysMin.oem4f (.text:xdc_runtime_SysMin_exit__E)
                  000165ec    0000001c                                 : System.oem4f (.text:xdc_runtime_System_abort__E)
                  00016608    0000001a     stk.aem4f : bind.oem4f (.text:BindGetIP)
                  00016622    0000001a               : sockint.oem4f (.text:SockSetOOBMark)
                  0001663c    0000001a               : file.oem4f (.text:fdint_getfdt)
                  00016656    0000001a     RTOS_config_pem4f.oem4f (.text:ti_sysbios_family_arm_m3_Hwi_Handle__label__S)
                  00016670    0000001a     RTOS_config_pem4f.oem4f (.text:ti_sysbios_gates_GateHwi_Handle__label__S)
                  0001668a    0000001a     RTOS_config_pem4f.oem4f (.text:ti_sysbios_gates_GateMutex_Handle__label__S)
                  000166a4    0000001a     RTOS_config_pem4f.oem4f (.text:ti_sysbios_heaps_HeapMem_Handle__label__S)
                  000166be    0000001a     RTOS_config_pem4f.oem4f (.text:ti_sysbios_knl_Swi_Handle__label__S)
                  000166d8    0000001a     RTOS_config_pem4f.oem4f (.text:ti_sysbios_knl_Task_Handle__label__S)
                  000166f2    00000006     driverlib.lib : emac.obj (.text:EMACTxDMADescriptorListSet)
                  000166f8    0000001a     sysbios.aem4f : BIOS.obj (.text:ti_sysbios_knl_Task_sleepTimeout__I)
                  00016712    0000001a     RTOS_config_pem4f.oem4f (.text:ti_uia_loggers_LoggerStopMode_Handle__label__S)
                  0001672c    0000001a     RTOS_config_pem4f.oem4f (.text:xdc_runtime_System_aprintf__E)
                  00016746    0000001a     RTOS_config_pem4f.oem4f (.text:xdc_runtime_System_printf__E)
                  00016760    00000018     driverlib.lib : adc.obj (.text:ADCClockConfigSet)
                  00016778    00000018     drivers_tivaware.aem4f : EMACSnow.oem4f (.text:EMACSnow_emacSend)
                  00016790    00000018     stk.aem4f : ip.oem4f (.text:IPRtChange)
                  000167a8    00000018               : rawethsock_pcb.oem4f (.text:RawEthSockPcbCleanup)
                  000167c0    00000018     nettool_ipv4.aem4f : ipaddr.oem4f (.text:RouteHook)
                  000167d8    00000018     stk.aem4f : tcpin.oem4f (.text:SEQ_GEQ)
                  000167f0    00000018               : tcpout.oem4f (.text:SEQ_GEQ)
                  00016808    00000018               : tcpin.oem4f (.text:SEQ_GT)
                  00016820    00000018               : tcpout.oem4f (.text:SEQ_GT)
                  00016838    00000018               : tcpin.oem4f (.text:SEQ_LEQ)
                  00016850    00000018               : tcpout.oem4f (.text:SEQ_LEQ)
                  00016868    00000018               : tcpin.oem4f (.text:SEQ_LT)
                  00016880    00000018               : tcpout.oem4f (.text:SEQ_LT)
                  00016898    00000018               : tcp.oem4f (.text:TcpTimeoutAdd)
                  000168b0    00000018     nettool_ipv4.aem4f : dhcpsock.oem4f (.text:dhcpSocketClose)
                  000168c8    00000018     RTOS_config_pem4f.oem4f (.text:free)
                  000168e0    00000018     stk.aem4f : listlib.oem4f (.text:list_add)
                  000168f8    00000018     rtsv7M4_T_le_v4SPD16_eabi.lib : args_main.obj (.text)
                  00016910    00000018                                   : strcmp.obj (.text)
                  00016928    00000018     RTOS_config_pem4f.oem4f (.text:ti_sysbios_BIOS_rtsUnlock__I)
                  00016940    00000018     RTOS_config_pem4f.oem4f (.text:ti_sysbios_family_arm_lm4_Timer_Module__startupDone__F)
                  00016958    00000018     RTOS_config_pem4f.oem4f (.text:ti_sysbios_family_arm_m3_Hwi_Module__startupDone__F)
                  00016970    00000018     sysbios.aem4f : m3_TaskSupport_asm.obj (.text:ti_sysbios_family_arm_m3_TaskSupport_swap__E)
                  00016988    00000018                   : BIOS.obj (.text:ti_sysbios_gates_GateMutex_leave__E)
                  000169a0    00000018     driverlib.lib : udma.obj (.text:uDMAChannelEnable)
                  000169b8    00000018     ti.targets.arm.rtsarm.aem4f : Error.oem4f (.text:xdc_runtime_Error_check__E)
                  000169d0    00000018                                 : System.oem4f (.text:xdc_runtime_System_exit__E)
                  000169e8    00000018                                 : Text.oem4f (.text:xdc_runtime_Text_ropeText__E)
                  00016a00    00000016     driverlib.lib : emac.obj (.text:EMACReset)
                  00016a16    00000016                   : emac.obj (.text:EMACRxEnable)
                  00016a2c    00000016                   : emac.obj (.text:EMACTxEnable)
                  00016a42    00000016     stk.aem4f : file.oem4f (.text:fdint_freefdt)
                  00016a58    00000016     rtsv7M4_T_le_v4SPD16_eabi.lib : strchr.obj (.text)
                  00016a6e    00000016     RTOS_config_pem4f.oem4f (.text:ti_sysbios_BIOS_exitFunc__I)
                  00016a84    00000016     eth_network.obj (.text:ti_sysbios_knl_Task_Params_init)
                  00016a9a    00000016     ti.uia.loggers.aem4f : LoggerStopMode.oem4f (.text:ti_uia_loggers_LoggerStopMode_disable__E)
                  00016ab0    00000016                          : LoggerStopMode.oem4f (.text:ti_uia_loggers_LoggerStopMode_enable__E)
                  00016ac6    00000016     ti.targets.arm.rtsarm.aem4f : System.oem4f (.text:xdc_runtime_System_vsprintf__E)
                  00016adc    00000014     stk.aem4f : bind.oem4f (.text:BindIPHost2IF)
                  00016af0    00000014     driverlib.lib : flash.obj (.text:FlashUserGet)
                  00016b04    00000014     netctrl_min_ipv4.aem4f : netctrl.oem4f (.text:NC_NetStop)
                  00016b18    00000014     os.aem4f : task.oem4f (.text:NDK_hookExit)
                  00016b2c    00000014     stk.aem4f : nimu.oem4f (.text:NIMUSendPacket)
                  00016b40    00000014     nettool_ipv4.aem4f : ipaddr.oem4f (.text:NtRemoveNetwork)
                  00016b54    00000014     stk.aem4f : rawethsock_pcb.oem4f (.text:RawEthSockPcbInit)
                  00016b68    00000014               : timer.oem4f (.text:TimerFree)
                  00016b7c    00000014     eth_network.obj (.text:connect)
                  00016b90    00000014     main.obj (.text:initSamplesTask)
                  00016ba4    00000014     rtsv7M4_T_le_v4SPD16_eabi.lib : _lock.obj (.text)
                  00016bb8    00000014                                   : s_copysign.obj (.text)
                  00016bcc    00000014                                   : strcpy.obj (.text)
                  00016be0    00000014                                   : strlen.obj (.text)
                  00016bf4    00000014     eth_network.obj (.text:socket)
                  00016c08    00000014     RTOS_config_pem4f.oem4f (.text:ti_ndk_config_global_taskExitHook)
                  00016c1c    00000014     RTOS_config_pem4f.oem4f (.text:ti_sysbios_family_arm_m3_Hwi_Object__get__S)
                  00016c30    00000014     sysbios.aem4f : BIOS.obj (.text:ti_sysbios_family_arm_m3_Hwi_switchFromBootStack__E)
                  00016c44    00000014     RTOS_config_pem4f.oem4f (.text:ti_sysbios_heaps_HeapMem_Object__get__S)
                  00016c58    00000014     RTOS_config_pem4f.oem4f (.text:ti_sysbios_knl_Swi_Object__get__S)
                  00016c6c    00000014     RTOS_config_pem4f.oem4f (.text:ti_sysbios_knl_Task_Object__first__S)
                  00016c80    00000014     RTOS_config_pem4f.oem4f (.text:ti_sysbios_knl_Task_Object__get__S)
                  00016c94    00000014     RTOS_config_pem4f.oem4f (.text:ti_sysbios_knl_Task_Object__next__S)
                  00016ca8    00000012     driverlib.lib : adc.obj (.text:ADCHardwareOversampleConfigure)
                  00016cba    00000012                   : gpio.obj (.text:GPIOPinTypeADC)
                  00016ccc    00000012                   : gpio.obj (.text:GPIOPinTypeEthernetLED)
                  00016cde    00000012     stk.aem4f : sockprot.oem4f (.text:SockPrAttach)
                  00016cf0    00000012               : sockint.oem4f (.text:SockSetOOBData)
                  00016d02    00000012     driverlib.lib : timer.obj (.text:TimerLoadSet)
                  00016d14    00000012     main.obj (.text:heartBeat_Task)
                  00016d26    00000012     nettool_ipv4.aem4f : inetaddr.oem4f (.text:inet_addr)
                  00016d38    00000012     sysbios.aem4f : BIOS.obj (.text:ti_sysbios_hal_Hwi_Module_startup__E)
                  00016d4a    00000006     driverlib.lib : gpio.obj (.text:GPIOIntClear)
                  00016d50    00000012     sysbios.aem4f : BIOS.obj (.text:ti_sysbios_knl_Semaphore_reset__E)
                  00016d62    00000012     RTOS_config_pem4f.oem4f (.text:xdc_runtime_Startup_exec__I)
                  00016d74    00000010     RTOS_config_pem4f.oem4f (.text:.bootCodeSection:ti_catalog_arm_cortexm4_tiva_ce_Boot_init__I)
                  00016d84    00000010     driverlib.lib : adc.obj (.text:ADCSequenceDMAEnable)
                  00016d94    00000010     stk.aem4f : bind.oem4f (.text:BindIF2IPHost)
                  00016da4    00000010               : bind.oem4f (.text:BindIFNet2IPHost)
                  00016db4    00000010     driverlib.lib : emac.obj (.text:EMACFrameFilterSet)
                  00016dc4    00000010     stk.aem4f : exec.oem4f (.text:ExecHRef)
                  00016dd4    00000010     netctrl_min_ipv4.aem4f : netctrl.oem4f (.text:NC_IPUpdate)
                  00016de4    00000010     stk.aem4f : nimu.oem4f (.text:NIMUGetRsvdSizeInfo)
                  00016df4    00000010     eth_network.obj (.text:WebSocketReadChar)
                  00016e04    00000004     --HOLE-- [fill = 0]
                  00016e08    00000010     sysbios.aem4f : BIOS.obj (.text:ti_sysbios_BIOS_getCpuFreq__E)
                  00016e18    00000010                   : BIOS.obj (.text:ti_sysbios_BIOS_setThreadType__E)
                  00016e28    00000010                   : BIOS.obj (.text:ti_sysbios_BIOS_start__E)
                  00016e38    00000010                   : BIOS.obj (.text:ti_sysbios_family_arm_lm4_TimestampProvider_rolloverFunc__E)
                  00016e48    00000010                   : m3_TaskSupport_asm.obj (.text:ti_sysbios_family_arm_m3_TaskSupport_glue)
                  00016e58    00000010                   : BIOS.obj (.text:ti_sysbios_gates_GateMutex_Instance_finalize__E)
                  00016e68    00000010                   : BIOS.obj (.text:ti_sysbios_knl_Semaphore_Instance_finalize__E)
                  00016e78    00000010                   : BIOS.obj (.text:ti_sysbios_knl_Swi_disable__E)
                  00016e88    00000010                   : BIOS.obj (.text:ti_sysbios_knl_Task_disable__E)
                  00016e98    00000010     RTOS_config_pem4f.oem4f (.text:ti_uia_loggers_LoggerStopMode_Object__get__S)
                  00016ea8    00000010     ti.uia.loggers.aem4f : LoggerStopMode.oem4f (.text:ti_uia_loggers_LoggerStopMode_isEmpty__E)
[...]
0001a234  ti_sysbios_knl_Task_Object__heap__C                                  
0001a238  ti_sysbios_knl_Task_allBlockedFunc__C                                
0001a23c  ti_sysbios_knl_Task_defaultStackHeap__C                              
0001a240  ti_sysbios_knl_Task_defaultStackSize__C                              
0001a244  ti_sysbios_knl_Task_numConstructedTasks__C                           
0001a248  ti_sysbios_utils_Load_LS_cpuLoad__C                                  
0001a24c  ti_sysbios_utils_Load_LS_taskLoad__C                                 
0001a250  ti_sysbios_utils_Load_Module_State_taskList__O                       
0001a254  ti_sysbios_utils_Load_Module__diagsEnabled__C                        
0001a258  ti_sysbios_utils_Load_Module__diagsIncluded__C                       
0001a25c  ti_sysbios_utils_Load_Module__diagsMask__C                           
0001a260  ti_sysbios_utils_Load_Module__loggerFxn1__C                          
0001a264  ti_sysbios_utils_Load_Module__loggerFxn4__C                          
0001a268  ti_sysbios_utils_Load_Module__loggerObj__C                           
0001a26c  ti_sysbios_utils_Load_postUpdate__C                                  
0001a270  ti_sysbios_utils_Load_windowInMs__C                                  
0001a274  ti_uia_loggers_LoggerStopMode_Module__diagsEnabled__C                
0001a278  ti_uia_loggers_LoggerStopMode_Module__diagsIncluded__C               
0001a27c  ti_uia_loggers_LoggerStopMode_Module__diagsMask__C                   
0001a280  ti_uia_loggers_LoggerStopMode_Object__count__C                       
0001a284  ti_uia_runtime_ILoggerSnapshot_Interface__BASE__C                    
0001a288  ti_uia_runtime_IUIATransfer_Interface__BASE__C                       
0001a28c  xdc_runtime_Assert_E_assertFailed__C                                 
0001a290  xdc_runtime_Core_A_initializedParams__C                              
0001a294  xdc_runtime_Core_Module__diagsEnabled__C                             
0001a298  xdc_runtime_Core_Module__diagsIncluded__C                            
0001a29c  xdc_runtime_Core_Module__diagsMask__C                                
0001a2a0  xdc_runtime_Error_E_memory__C                                        
0001a2a4  xdc_runtime_Error_Module__diagsEnabled__C                            
0001a2a8  xdc_runtime_Error_Module__diagsIncluded__C                           
0001a2ac  xdc_runtime_Error_Module__diagsMask__C                               
0001a2b0  xdc_runtime_Error_Module__loggerFxn8__C                              
0001a2b4  xdc_runtime_Error_Module__loggerObj__C                               
0001a2b8  xdc_runtime_Error_policyFxn__C                                       
0001a2bc  xdc_runtime_Error_raiseHook__C                                       
0001a2c0  xdc_runtime_IFilterLogger_Interface__BASE__C                         
0001a2c4  xdc_runtime_IGateProvider_Interface__BASE__C                         
0001a2c8  xdc_runtime_IHeap_Interface__BASE__C                                 
0001a2cc  xdc_runtime_ILogger_Interface__BASE__C                               
0001a2d0  xdc_runtime_IModule_Interface__BASE__C                               
0001a2d4  xdc_runtime_Log_L_error__C                                           
0001a2d8  xdc_runtime_Memory_defaultHeapInstance__C                            
0001a2dc  xdc_runtime_Startup_execImpl__C                                      
0001a2e0  xdc_runtime_Startup_lastFxns__A                                      
0001a2e4  xdc_runtime_Startup_maxPasses__C                                     
0001a2e8  xdc_runtime_Startup_sfxnRts__C                                       
0001a2ec  xdc_runtime_Startup_sfxnTab__C                                       
0001a2f0  xdc_runtime_SysMin_bufSize__C                                        
0001a2f4  xdc_runtime_SysMin_outputFunc__C                                     
0001a2f8  xdc_runtime_System_Module__gateObj__C                                
0001a2fc  xdc_runtime_System_abortFxn__C                                       
0001a300  xdc_runtime_System_exitFxn__C                                        
0001a304  xdc_runtime_System_extendFxn__C                                      
0001a308  xdc_runtime_System_maxAtexitHandlers__C                              
0001a30c  xdc_runtime_Text_charTab__C                                          
0001a310  xdc_runtime_Text_nameEmpty__C                                        
0001a314  xdc_runtime_Text_nameStatic__C                                       
0001a318  xdc_runtime_Text_nameUnknown__C                                      
0001a31c  xdc_runtime_Text_nodeTab__C                                          
0001a320  xdc_runtime_Text_visitRopeFxn__C                                     
0001a324  ti_sysbios_family_arm_m3_Hwi_Module__loggerDefined__C                
0001a326  ti_sysbios_gates_GateMutex_Module__id__C                             
0001a328  ti_sysbios_hal_Hwi_Module__id__C                                     
0001a32a  ti_sysbios_heaps_HeapMem_Module__id__C                               
0001a32c  ti_sysbios_knl_Clock_Module__id__C                                   
0001a32e  ti_sysbios_knl_Clock_Module__loggerDefined__C                        
0001a330  ti_sysbios_knl_Semaphore_Module__id__C                               
0001a332  ti_sysbios_knl_Semaphore_Module__loggerDefined__C                    
0001a334  ti_sysbios_knl_Swi_Module__id__C                                     
0001a336  ti_sysbios_knl_Swi_Module__loggerDefined__C                          
0001a338  ti_sysbios_knl_Task_Module__id__C                                    
0001a33a  ti_sysbios_knl_Task_Module__loggerDefined__C                         
0001a33c  ti_sysbios_utils_Load_Module__id__C                                  
0001a33e  ti_sysbios_utils_Load_Module__loggerDefined__C                       
0001a340  ti_sysbios_utils_Load_autoAddTasks__C                                
0001a342  ti_sysbios_utils_Load_updateInIdle__C                                
0001a344  ti_uia_loggers_LoggerStopMode_Module__id__C                          
0001a346  ti_uia_loggers_LoggerStopMode_isTimestampEnabled__C                  
0001a348  xdc_runtime_Core_Module__id__C                                       
0001a34a  xdc_runtime_Error_Module__loggerDefined__C                           
0001a34c  xdc_runtime_Error_maxDepth__C                                        
0001a34e  xdc_runtime_Memory_Module__id__C                                     
0001a350  xdc_runtime_SysMin_flushAtExit__C                                    
0001a352  xdc_runtime_Text_charCnt__C                                          
0001a354  xdc_runtime_Text_isLoaded__C                                         
0001a356  xdc_runtime_Text_registryModsLastId__C                               
0001a358  xdc_runtime_Text_unnamedModsLastId__C                                
0001a360  __TI_static_base__                                                   
0001a858  __TI_Handler_Table_Base                                              
0001a864  __TI_Handler_Table_Limit                                             
0001a878  __TI_CINIT_Base                                                      
0001a890  __TI_CINIT_Limit                                                     
20000000  ti_sysbios_family_arm_m3_Hwi_ramVectors                              
20000400  ti_sysbios_heaps_HeapMem_Instance_State_0_buf__A                     
20005400  ti_ndk_config_Global_pit                                             
200054a8  ti_ndk_config_Global_pitBuffer                                       
20009ca8  _ICMPIn                                                              
20009cf4  PBMQ_free                                                            
20009d00  ti_ndk_config_Global_pBufMem                                         
2000d900  ti_ndk_config_Global_pHdrMem                                         
2000dbf8  ti_sysbios_knl_Task_Instance_State_0_stack__A                        
2000ddf8  ti_sysbios_knl_Task_Instance_State_1_stack__A                        
2000e5f8  ti_sysbios_knl_Task_Instance_State_2_stack__A                        
2000e7f8  ti_sysbios_knl_Task_Instance_State_3_stack__A                        
2000edf8  ti_sysbios_knl_Task_Instance_State_4_stack__A                        
2000f000  ti_uia_loggers_LoggerStopMode_Instance_State_0_packetArray__A        
20010000  ti_uia_loggers_LoggerStopMode_Instance_State_2_packetArray__A        
20011000  udmaCtrlTable                                                        
20012000  g_uint16_adc0_ping                                                   
20012800  g_uint16_adc0_pong                                                   
20013000  g_uint16_adc1_ping                                                   
20013800  g_uint16_adc1_pong                                                   
20014000  ti_uia_loggers_LoggerStopMode_Instance_State_1_packetArray__A        
20014400  ti_sysbios_family_arm_m3_Hwi_dispatchTable                           
20014760  __CIOBUF_                                                            
20014980  ip_domain                                                            
20014a48  path                                                                 
20014b10  tcps                                                                 
20014c7c  __TI_tmpnams                                                         
20014ecc  xdc_runtime_SysMin_Module_State_0_outbuf__A                          
20014f4c  ips                                                                  
20014fb4  nimu_mcb                                                             
20015018  _ICMPOut                                                             
200150a4  vlan_mcb                                                             
20015100  ti_uia_loggers_LoggerStopMode_Instance_State_0_hdr__A                
20015130  udps                                                                 
20015170  raweths                                                              
20015180  ti_uia_loggers_LoggerStopMode_Instance_State_1_hdr__A                
200151b0  BlockCount                                                           
200151cc  BlockMax                                                             
200151e8  stkEvent                                                             
20015200  ti_uia_loggers_LoggerStopMode_Instance_State_2_hdr__A                
20015230  PageCount                                                            
2001524c  PageMax                                                              
2001527c  raws                                                                 
2001528c  tpseudo                                                              
20015298  upseudo                                                              
200152a4  emacObjects                                                          
200152ac  ti_sysbios_knl_Task_Instance_State_0_hookEnv__A                      
200152b4  ti_sysbios_knl_Task_Instance_State_1_hookEnv__A                      
200152bc  ti_sysbios_knl_Task_Instance_State_2_hookEnv__A                      
200152c4  ti_sysbios_knl_Task_Instance_State_3_hookEnv__A                      
200152cc  ti_sysbios_knl_Task_Instance_State_4_hookEnv__A                      
200152f8  _IGMPInDiscard                                                       
200152fc  _IGMPInQuery                                                         
20015300  _IGMPInQueryGroup                                                    
20015304  _IGMPInResponse                                                      
20015308  _IGMPOutResponse                                                     
2001530c  g_ulStatus                                                           
20015320  lSocket                                                              
20015324  port                                                                 
20015328  raweth_pcb                                                           
2001532c  ti_sysbios_knl_Task_Object__table__V                                 
200154bc  _ftable                                                              
2001567c  _ipcfg                                                               
20015730  ti_uia_loggers_LoggerStopMode_Object__table__V                       
200157cc  ti_sysbios_utils_Load_Module__state__V                               
20015864  ti_sysbios_utils_Load_Module_State_0_taskEnv__A                      
200158f0  ti_sysbios_family_arm_lm4_Timer_Object__table__V                     
20015970  ti_sysbios_knl_Swi_Module_State_0_readyQ__A                          
200159f0  ti_sysbios_knl_Task_Module_State_0_readyQ__A                         
20015a70  ti_sysbios_knl_Semaphore_Object__table__V                            
20015ad4  ti_sysbios_family_arm_m3_Hwi_Object__table__V                        
20015b82  ti_sysbios_family_arm_m3_Hwi_Module_State_0_excActive__A             
20015b84  ti_sysbios_knl_Task_Module__state__V                                 
20015c48  ti_sysbios_family_arm_lm4_Timer_Module_State_0_device__A             
20015c88  ti_sysbios_gates_GateMutex_Object__table__V                          
20015cf4  ti_sysbios_family_arm_m3_Hwi_Module__state__V                        
20015d28  enablePrefetch                                                       
20015d2c  phyCounter                                                           
20015d5a  xdc_runtime_Error_Module__state__V                                   
20015d8c  ti_sysbios_knl_Swi_Object__table__V                                  
20015dbc  ti_sysbios_knl_Clock_Module__state__V                                
20015de8  pstrMsgName                                                          
20015e10  _oscfg                                                               
20015e34  PITCount                                                             
20015e38  PITUsed                                                              
20015e3c  PITHigh                                                              
20015e58  ti_sysbios_BIOS_Module__state__V                                     
20015e7c  ti_sysbios_family_arm_lm4_Timer_Module_State_0_handles__A            
20015eb8  ti_ndk_config_Global_Id2Size                                         
20015ed4  ti_sysbios_knl_Swi_Module__state__V                                  
20015ef0  ti_ndk_config_Global_HostName                                        
20015ef4  LocalIPAddr                                                          
20015ef8  LocalIPMask                                                          
20015efc  GatewayIP                                                            
20015f00  DomainName                                                           
20015f04  __xdc__init__addr                                                    
20015f38  ti_sysbios_heaps_HeapMem_Object__table__V                            
20015f64  gpioPinConfigs                                                       
20015f74  __TI_ft_end                                                          
20015f78  __aeabi_stdin                                                        
20015f7c  __aeabi_stdout                                                       
20015f80  __aeabi_stderr                                                       
20015f8c  _IGMPForceVersion1                                                   
20015f94  __TI_cleanup_ptr                                                     
20015f98  __TI_dtors_ptr                                                       
20015f9c  __TI_enable_exit_profile_output                                      
20015fa0  ti_sysbios_family_arm_lm4_Timer_Module__state__V                     
20015fac  ti_sysbios_knl_Task_Module__root__V                                  
20015fb8  ti_uia_runtime_QueueDescriptor_Module__state__V                      
20015fc4  xdc_runtime_SysMin_Module__state__V                                  
20015fdc  _lock                                                                
20015fe0  _unlock                                                              
20015fe4  NIMUDeviceTable                                                      
20015fec  gpioCallbackFunctions                                                
20016004  _ICMPInErrors                                                        
20016008  _ICMPOutErrors                                                       
2001600c  _IPExecuting                                                         
20016024  tcp_iss                                                              
20016028  ptTimeFirst                                                          
20016034  ti_uia_runtime_QueueDescriptor_gPtrToFirstDescriptor                 
20016038  ti_uia_runtime_QueueDescriptor_gUpdateCount                          
2001603c  ti_sysbios_family_arm_lm4_TimestampProvider_Module__state__V         
20016044  ti_sysbios_family_arm_m3_Hwi_Module__root__V                         
2001604c  ti_sysbios_gates_GateHwi_Module__root__V                             
20016054  ti_sysbios_gates_GateMutex_Module__root__V                           
2001605c  ti_sysbios_heaps_HeapMem_Module__root__V                             
20016064  ti_sysbios_knl_Clock_Module__root__V                                 
2001606c  ti_sysbios_knl_Queue_Module__root__V                                 
20016074  ti_sysbios_knl_Semaphore_Module__root__V                             
2001607c  ti_sysbios_knl_Swi_Module__root__V                                   
20016084  ti_uia_loggers_LoggerStopMode_Module__root__V                        
2001608c  xdc_runtime_Registry_Module__state__V                                
20016094  xdc_runtime_Startup_Module__state__V                                 
2001609c  xdc_runtime_System_Module_State_0_atexitHandlers__A                  
200160a4  xdc_runtime_System_Module__state__V                                  
200160ac  macAddress                                                           
200160cc  errno                                                                
200160d4  main_func_sp                                                         
200160e0  _IPReasmPtr                                                          
200160f0  ti_sysbios_family_arm_m3_Hwi_Module_State_0_excContext__A            
200160f4  ti_sysbios_family_arm_m3_Hwi_Module_State_0_excStack__A              
200160f8  ti_sysbios_gates_GateHwi_Object__table__V                            
200160fc  ti_sysbios_knl_Task_Module_State_0_idleTask__A                       
20016100  ti_sysbios_utils_Load_Module_State_0_runningTask__A                  
20016104  ti_sysbios_utils_Load_Module_State_0_taskStartTime__A                
20016108  xdc_runtime_Memory_Module__state__V                                  
2001610c  __stack                                                              
2001690c  __STACK_END                                                          
e000e000  ti_sysbios_family_arm_m3_Hwi_nvic                                    
ffffffff  __TI_pprof_out_hndl                                                  
ffffffff  __TI_prof_data_size                                                  
ffffffff  __TI_prof_data_start                                                 
ffffffff  __binit__                                                            
ffffffff  __c_args__                                                           
ffffffff  binit                                                                
UNDEFED   SHT$$INIT_ARRAY$$Base                                                
UNDEFED   SHT$$INIT_ARRAY$$Limit                                               

[1300 symbols]
