******************************************************************************
                  TI ARM Linker PC v16.9.3                     
******************************************************************************
>> Linked Wed Nov 15 18:41:54 2017

OUTPUT FILE NAME:   <TM4C_RTOS_Websocket_cli.out>
ENTRY POINT SYMBOL: "_c_int00"  address: 000102fd


MEMORY CONFIGURATION

         name            origin    length      used     unused   attr    fill
----------------------  --------  ---------  --------  --------  ----  --------
  FLASH                 00000000   00100000  000176cc  000e8934  R  X
  SRAM                  20000000   00040000  0001367c  0002c984  RW X


SEGMENT ALLOCATION MAP

run origin  load origin   length   init length attrs members
----------  ----------- ---------- ----------- ----- -------
00000000    00000000    000176d8   000176d8    r-x
  00000000    00000000    0000003c   0000003c    r-- .resetVecs
  00000040    00000040    00014b32   00014b32    r-x .text
  00014b74    00014b74    0000273e   0000273e    r-- .const
  000172b8    000172b8    00000420   00000420    r-- .cinit
20000000    20000000    00000360   00000000    rw-
  20000000    20000000    00000360   00000000    rw- .vecs
20000400    20000400    0001331c   00000000    rw-
  20000400    20000400    00012080   00000000    rw- .bss
  20012480    20012480    00000a9c   00000000    rw- .data
  20012f1c    20012f1c    00000800   00000000    rw- .stack


SECTION ALLOCATION MAP

 output                                  attributes/
section   page    origin      length       input sections
--------  ----  ----------  ----------   ----------------
.text      0    00000040    00014b32     
                  00000040    0000113e     rtsv7M4_T_le_v4SPD16_eabi.lib : _printfi.obj (.text)
                  0000117e    00000002     hal_userled_stub.aem4f : llled.oem4f (.text:LED_TOGGLE)
                  00001180    00000c68     stk.aem4f : tcpin.oem4f (.text:TcpInput)
                  00001de8    000008b8               : tcpout.oem4f (.text:TcpOutput)
                  000026a0    00000430     sysbios.aem4f : BIOS.obj (.text:ti_sysbios_family_arm_m3_Hwi_excDumpRegs__I)
                  00002ad0    00000408     stk.aem4f : ipout.oem4f (.text:IPTxPacket)
                  00002ed8    00000384               : ipin.oem4f (.text:IPRxPacket)
                  0000325c    0000034c     ti.targets.arm.rtsarm.aem4f : System.oem4f (.text:xdc_runtime_System_doPrint__I)
                  000035a8    00000324     rtsv7M4_T_le_v4SPD16_eabi.lib : trgdrv.obj (.text)
                  000038cc    0000030c     eth_network.obj (.text:WebsocketConnect)
                  00003bd8    0000030c     rtsv7M4_T_le_v4SPD16_eabi.lib : lowlev.obj (.text)
                  00003ee4    00000284     stk.aem4f : sock.oem4f (.text:SockSet)
                  00004168    0000024c               : ipfrag.oem4f (.text:IPReasm)
                  000043b4    00000248     rtsv7M4_T_le_v4SPD16_eabi.lib : vla_alloc.obj (.text)
                  000045fc    0000023c     stk.aem4f : icmpin.oem4f (.text:ICMPInput)
                  00004838    00000238               : udp.oem4f (.text:UdpInput)
                  00004a70    00000204     driverlib.lib : sysctl.obj (.text:SysCtlClockFreqSet)
                  00004c74    00000204     Boot.aem4f : Boot_sysctl.oem4f (.text:ti_catalog_arm_cortexm4_tiva_ce_Boot_sysCtlClockFreqSetI__I)
                  00004e78    000001fc     sysbios.aem4f : BIOS.obj (.text:ti_sysbios_family_arm_m3_Hwi_excHandlerMax__I)
                  00005074    000001f4     stk.aem4f : sock.oem4f (.text:SockRecv)
                  00005268    000001f4     rtsv7M4_T_le_v4SPD16_eabi.lib : ull_div_t2.obj (.text)
                  0000545c    000001c4                                   : fopen.obj (.text)
                  00005620    000001b8     drivers_tivaware.aem4f : EMACSnow.oem4f (.text:EMACSnow_NIMUInit)
                  000057d8    000001b6     rtsv7M4_T_le_v4SPD16_eabi.lib : fd_add_t2.obj (.text)
                  0000598e    00000002     stk.aem4f : nat.oem4f (.text:NatMsg)
                  00005990    000001b0               : lliout.oem4f (.text:LLITxIpPacket)
                  00005b40    000001ac               : lliin.oem4f (.text:LLIRxPacket)
                  00005cec    0000019c     os.aem4f : mem.oem4f (.text:mmAlloc)
                  00005e88    00000198     stk.aem4f : igmp.oem4f (.text:IGMPInput)
                  00006020    00000190               : sock.oem4f (.text:SockNew)
                  000061b0    00000174     netctrl_min_ipv4.aem4f : netctrl.oem4f (.text:NC_NetStart)
                  00006324    00000004     driverlib.lib : adc.obj (.text:ADCIntClearEx)
                  00006328    00000174     sysbios.aem4f : BIOS.obj (.text:ti_sysbios_family_arm_m3_Hwi_excBusFault__I)
                  0000649c    00000170     stk.aem4f : rtc.oem4f (.text:RTCReport)
                  0000660c    0000016a               : sb.oem4f (.text:SBRead)
                  00006776    00000002     os.aem4f : task.oem4f (.text:_TaskInit)
                  00006778    00000164     eth_network.obj (.text:WebSocketRead)
                  000068dc    00000004     stk.aem4f : bind.oem4f (.text:BindGetIF)
                  000068e0    00000164     sysbios.aem4f : BIOS.obj (.text:ti_sysbios_family_arm_m3_Hwi_excUsageFault__I)
                  00006a44    00000160     stk.aem4f : sock.oem4f (.text:SockConnect)
                  00006ba4    00000158     nettool_ipv4.aem4f : dhcpmain.oem4f (.text:DHCPOpen)
                  00006cfc    00000150     drivers_tivaware.aem4f : GPIOTiva.oem4f (.text:GPIO_setConfig)
                  00006e4c    00000004     stk.aem4f : bind.oem4f (.text:BindGetNext)
                  00006e50    00000150     sysbios.aem4f : BIOS.obj (.text:ti_sysbios_knl_Task_Instance_finalize__E)
                  00006fa0    00000148                   : BIOS.obj (.text:ti_sysbios_family_arm_m3_Hwi_excMemFault__I)
                  000070e8    00000144     stk.aem4f : bind.oem4f (.text:BindNew)
                  0000722c    00000140               : tcp.oem4f (.text:TcpTimeoutCheck)
                  0000736c    0000013c     nettool_ipv4.aem4f : config.oem4f (.text:CfgAddEntry)
                  000074a8    0000013c     stk.aem4f : sockint.oem4f (.text:SockNotify)
                  000075e4    0000013c               : sock.oem4f (.text:SockSend)
                  00007720    00000138     sysbios.aem4f : BIOS.obj (.text:ti_sysbios_knl_Semaphore_pend__E)
                  00007858    00000136     rtsv7M4_T_le_v4SPD16_eabi.lib : fd_div_t2.obj (.text)
                  0000798e    00000002     os.aem4f : task.oem4f (.text:_TaskShutdown)
                  00007990    00000134     stk.aem4f : icmp.oem4f (.text:ICMPGenPacket)
                  00007ac4    00000134     rtsv7M4_T_le_v4SPD16_eabi.lib : fputs.obj (.text)
                  00007bf8    00000130     driverlib.lib : gpio.obj (.text:GPIOPadConfigSet)
                  00007d28    0000012c     EK_TM4C1294XL.obj (.text:EK_TM4C1294XL_initEMAC)
                  00007e54    00000124     stk.aem4f : sockpcb.oem4f (.text:SockPcbResolve)
                  00007f78    00000124               : udp.oem4f (.text:UdpOutput)
                  0000809c    00000124     RTOS_config_pem4f.oem4f (.text:ti_ndk_config_Global_stackThread)
                  000081c0    00000118     stk.aem4f : tcpout.oem4f (.text:TcpGenPacket)
                  000082d8    00000118     ti.targets.arm.rtsarm.aem4f : Error.oem4f (.text:xdc_runtime_Error_policyDefault__E)
                  000083f0    00000114     stk.aem4f : nimu.oem4f (.text:NIMUIoctl)
                  00008504    00000110               : node.oem4f (.text:NodeTreeFree)
                  00008614    00000110               : raw.oem4f (.text:RawInput)
                  00008724    0000010c               : rtable.oem4f (.text:RtFind)
                  00008830    0000010a               : route.oem4f (.text:RtCreate)
                  0000893a    00000002     hal_ser_stub.aem4f : llserstb.oem4f (.text:_llSerialServiceCheck)
                  0000893c    00000108     drivers_tivaware.aem4f : EMACSnow.oem4f (.text:EMACSnow_emacStart)
                  00008a44    00000004     os.aem4f : ossys.oem4f (.text:NDK_vsprintf)
                  00008a48    00000108     sysbios.aem4f : BIOS.obj (.text:ti_sysbios_family_arm_lm4_Timer_start__E)
                  00008b50    00000104     os.aem4f : task.oem4f (.text:llEnter)
                  00008c54    00000102     nettool_ipv4.aem4f : dhcppkt.oem4f (.text:dhcpPacketProcess)
                  00008d56    00000102                        : inetaddr.oem4f (.text:inet_aton)
                  00008e58    00000100     stk.aem4f : igmp.oem4f (.text:IGMPSendReply)
                  00008f58    00000100     adc_sample.obj (.text:adcPinConfig)
                  00009058    00000100     ti.targets.arm.rtsarm.aem4f : Core-mem.oem4f (.text:xdc_runtime_Core_createObject__I)
                  00009158    000000fc     netctrl_min_ipv4.aem4f : netctrl.oem4f (.text:NetScheduler)
                  00009254    000000fc     eth_network.obj (.text:fillFields)
                  00009350    000000fc     rtsv7M4_T_le_v4SPD16_eabi.lib : fd_mul_t2.obj (.text)
                  0000944c    000000fc                                   : s_scalbn.obj (.text)
                  00009548    000000f8     adc_sample.obj (.text:ADC_init)
                  00009640    000000f8     stk.aem4f : pipe.oem4f (.text:PipeRecv)
                  00009738    000000f8     ti.targets.arm.rtsarm.aem4f : Startup.oem4f (.text:xdc_runtime_Startup_startMods__I)
                  00009830    000000f8     RTOS_config_pem4f.oem4f (.text:xdc_runtime_System_printfExtend__I)
                  00009928    000000f4     os.aem4f : task.oem4f (.text:TaskGetEnv)
                  00009a1c    000000f4     sysbios.aem4f : m3_Hwi_asm.obj (.text:ti_sysbios_family_arm_m3_Hwi_dispatch__I)
                  00009b10    000000f4                   : BIOS.obj (.text:ti_sysbios_knl_Task_Instance_init__E)
                  00009c04    000000f0     stk.aem4f : lliout.oem4f (.text:LLIGenArpPacket)
                  00009cf4    000000f0               : sock.oem4f (.text:SockClose)
                  00009de4    00000004               : node.oem4f (.text:NodeSetRt)
                  00009de8    000000ec     sysbios.aem4f : BIOS.obj (.text:ti_sysbios_knl_Task_postInit__I)
                  00009ed4    000000e8     adc_sample.obj (.text:DMA_init)
                  00009fbc    000000e8     os.aem4f : task.oem4f (.text:TaskSetEnv)
                  0000a0a4    000000e0     stk.aem4f : tcptime.oem4f (.text:TcpTimeoutRexmt)
                  0000a184    000000dc               : sb.oem4f (.text:SBWrite)
                  0000a260    000000dc     nettool_ipv4.aem4f : dhcpsock.oem4f (.text:dhcpSocketOpen)
                  0000a33c    000000dc                        : dhcpsm.oem4f (.text:dhcpState)
                  0000a418    000000dc     rtsv7M4_T_le_v4SPD16_eabi.lib : setvbuf.obj (.text)
                  0000a4f4    000000d8     stk.aem4f : node.oem4f (.text:NodeAdd)
                  0000a5cc    000000d8               : tcpprot.oem4f (.text:TcpPrSetOption)
                  0000a6a4    000000d4     drivers_tivaware.aem4f : EMACSnow.oem4f (.text:EMACSnow_handleRx)
                  0000a778    000000d4     stk.aem4f : sockpcb.oem4f (.text:SockPcbBind)
                  0000a84c    000000d1               : nimu.oem4f (.text:NIMUReceivePacket)
                  0000a91d    00000001     --HOLE-- [fill = 0]
                  0000a91e    00000002     hal_ser_stub.aem4f : llserstb.oem4f (.text:_llSerialShutdown)
                  0000a920    000000cc     stk.aem4f : icmp.oem4f (.text:ICMPSendRtAdv)
                  0000a9ec    000000cc     nettool_ipv4.aem4f : dhcpbild.oem4f (.text:dhcpBuildHeader)
                  0000aab8    000000cc                        : dhcpsm.oem4f (.text:dhcpIPAdd)
                  0000ab84    000000cc                        : dhcppkt.oem4f (.text:dhcpVerifyMessage)
                  0000ac50    000000cc     sysbios.aem4f : BIOS.obj (.text:ti_sysbios_heaps_HeapMem_alloc__E)
                  0000ad1c    000000cc     ti.targets.arm.rtsarm.aem4f : Core-smem.oem4f (.text:xdc_runtime_Core_constructObject__I)
                  0000ade8    000000c8     stk.aem4f : rawethsock.oem4f (.text:RawEthSockNew)
                  0000aeb0    000000c8     netctrl_min_ipv4.aem4f : netsrv.oem4f (.text:SPIpNet)
                  0000af78    000000c8     rtsv7M4_T_le_v4SPD16_eabi.lib : fflush.obj (.text)
                  0000b040    000000c8     sysbios.aem4f : BIOS.obj (.text:ti_sysbios_knl_Task_sleep__E)
                  0000b108    000000c4     drivers_tivaware.aem4f : EMACSnow.oem4f (.text:EMACSnow_InitDMADescriptors)
                  0000b1cc    000000c4     stk.aem4f : igmp.oem4f (.text:IGMPJoinHostGroup)
                  0000b290    000000c4     nettool_ipv4.aem4f : dhcpsm.oem4f (.text:StateBound)
                  0000b354    000000bc     stk.aem4f : sockpcb.oem4f (.text:SockPcbFind)
                  0000b410    000000bc               : vlan.oem4f (.text:VLANDeinit)
                  0000b4cc    00000004               : rawethsock_prot.oem4f (.text:RawEthSockPrAttach)
                  0000b4d0    000000bc     sysbios.aem4f : BIOS.obj (.text:ti_sysbios_family_arm_m3_Hwi_excDebugMon__I)
                  0000b58c    00000004     stk.aem4f : rawethsock_prot.oem4f (.text:RawEthSockPrDetach)
                  0000b590    000000bc     sysbios.aem4f : BIOS.obj (.text:ti_sysbios_family_arm_m3_Hwi_excHardFault__I)
                  0000b64c    000000b8     EK_TM4C1294XL.obj (.text:EK_TM4C1294XL_initGeneral)
                  0000b704    000000b8     stk.aem4f : icmpin.oem4f (.text:ICMPRevSrcRoute)
                  0000b7bc    000000b8               : lli.oem4f (.text:_LLITimeoutCheck)
                  0000b874    00000004     os.aem4f : semaphore.oem4f (.text:SemPend)
                  0000b878    000000b8     sysbios.aem4f : BIOS.obj (.text:ti_sysbios_knl_Task_exit__E)
                  0000b930    000000b4     stk.aem4f : tcptime.oem4f (.text:TcpTimeoutKeep)
                  0000b9e4    00000004     os.aem4f : semaphore.oem4f (.text:SemPost)
                  0000b9e8    000000b4     sysbios.aem4f : BIOS.obj (.text:ti_sysbios_knl_Task_checkStacks__E)
                  0000ba9c    000000b0     stk.aem4f : rawethsock.oem4f (.text:RawEthSockSet)
                  0000bb4c    000000ac               : rtable.oem4f (.text:RtTimeoutCheck)
                  0000bbf8    000000ac     rtsv7M4_T_le_v4SPD16_eabi.lib : _io_perm.obj (.text)
                  0000bca4    000000ac     RTOS_config_pem4f.oem4f (.text:ti_ndk_config_ip_init)
                  0000bd50    000000ac     sysbios.aem4f : BIOS.obj (.text:ti_sysbios_family_arm_lm4_Timer_enableTiva__I)
                  0000bdfc    000000a8     stk.aem4f : sockint.oem4f (.text:SockCreatePacket)
                  0000bea4    00000004     os.aem4f : semaphore.oem4f (.text:SemReset)
                  0000bea8    000000a4     sysbios.aem4f : BIOS.obj (.text:ti_sysbios_knl_Task_setPri__E)
                  0000bf4c    000000a0     stk.aem4f : ip.oem4f (.text:IPGetRoute)
                  0000bfec    000000a0     eth_network.obj (.text:WebsocketSend)
                  0000c08c    000000a0     auto_init.aem4f : auto_init.oem4f (.text)
                  0000c12c    000000a0     ti.targets.arm.rtsarm.aem4f : Text.oem4f (.text:xdc_runtime_Text_putMod__E)
                  0000c1cc    0000009e     stk.aem4f : nimu.oem4f (.text:NIMUAddEthernetHeader)
                  0000c26a    0000009e     nettool_ipv4.aem4f : dhcpbild.oem4f (.text:dhcpBuildRequest)
                  0000c308    0000009c     stk.aem4f : exec.oem4f (.text:ExecOpen)
                  0000c3a4    0000009c     rtsv7M4_T_le_v4SPD16_eabi.lib : memcpy_t2.obj (.text)
                  0000c440    0000009c     sysbios.aem4f : BIOS.obj (.text:ti_sysbios_knl_Task_schedule__I)
                  0000c4dc    0000009a     ti.targets.arm.rtsarm.aem4f : Text.oem4f (.text:xdc_runtime_Text_putSite__E)
                  0000c576    00000002     hal_userled_stub.aem4f : llled.oem4f (.text:_llUserLedInit)
                  0000c578    00000098     netctrl_min_ipv4.aem4f : netctrl.oem4f (.text:NC_SystemOpen)
                  0000c610    00000098                            : netsrv.oem4f (.text:ServiceScan)
                  0000c6a8    00000098     rtsv7M4_T_le_v4SPD16_eabi.lib : fclose.obj (.text)
                  0000c740    00000098                                   : fputc.obj (.text)
                  0000c7d8    00000098     Boot.aem4f : Boot.oem4f (.text:ti_catalog_arm_cortexm4_tiva_ce_Boot_sysCtlClockFreqSet__E)
                  0000c870    00000094     nettool_ipv4.aem4f : config.oem4f (.text:CfgRemoveEntry)
                  0000c904    00000004     os.aem4f : task.oem4f (.text:TaskSelf)
                  0000c908    00000094     sysbios.aem4f : BIOS.obj (.text:ti_sysbios_family_arm_m3_Hwi_Instance_init__E)
                  0000c99c    00000004     os.aem4f : task.oem4f (.text:TaskSetPri)
                  0000c9a0    00000094     sysbios.aem4f : BIOS.obj (.text:ti_sysbios_family_arm_m3_Hwi_initNVIC__E)
                  0000ca34    00000090     nettool_ipv4.aem4f : config.oem4f (.text:CfgExecute)
                  0000cac4    00000090     stk.aem4f : igmp.oem4f (.text:IGMPMsg)
                  0000cb54    00000090     os.aem4f : mem.oem4f (.text:mmBulkAlloc)
                  0000cbe4    00000004     driverlib.lib : timer.obj (.text:TimerADCEventSet)
                  0000cbe8    00000090     sysbios.aem4f : BIOS.obj (.text:ti_sysbios_knl_Task_Module_startup__E)
                  0000cc78    00000090                   : BIOS.obj (.text:ti_sysbios_knl_Task_startCore__E)
                  0000cd08    0000008c     drivers_tivaware.aem4f : GPIOTiva.oem4f (.text:GPIO_init)
                  0000cd94    0000008c     stk.aem4f : ip.oem4f (.text:IPMsg)
                  0000ce20    0000008c     os.aem4f : mem.oem4f (.text:_mmInit)
                  0000ceac    0000008c              : mem.oem4f (.text:mmInitPage)
                  0000cf38    0000008c     sysbios.aem4f : m3_TaskSupport_asm.obj (.text:ti_sysbios_family_arm_m3_TaskSupport_buildTaskStack)
                  0000cfc4    0000008a     netctrl_min_ipv4.aem4f : netsrv.oem4f (.text:SPRoute)
                  0000d04e    00000002     hal_userled_stub.aem4f : llled.oem4f (.text:_llUserLedShutdown)
                  0000d050    00000088     netctrl_min_ipv4.aem4f : netsrv.oem4f (.text:ServiceSpawn)
                  0000d0d8    00000088     stk.aem4f : sockpcb.oem4f (.text:SockPcbCtlError)
                  0000d160    00000088     eth_network.obj (.text:WebSocketReadAux)
                  0000d1e8    00000086     nettool_ipv4.aem4f : dhcpsm.oem4f (.text:StateRequesting)
                  0000d26e    00000086     rtsv7M4_T_le_v4SPD16_eabi.lib : fd_cmp_t2.obj (.text:__aeabi_cdcmple)
                  0000d2f4    00000086                                   : fd_cmp_t2.obj (.text:__aeabi_cdrcmple)
                  0000d37a    00000002     hal_ser_stub.aem4f : llserstb.oem4f (.text:llSerialService)
                  0000d37c    00000084     nettool_ipv4.aem4f : config.oem4f (.text:CfgGetEntry)
                  0000d400    00000084     drivers_tivaware.aem4f : EMACSnow.oem4f (.text:EMACSnow_processPhyInterrupt)
                  0000d484    00000084     stk.aem4f : tcpprot.oem4f (.text:TcpPrAttach)
                  0000d508    00000084     os.aem4f : mem.oem4f (.text:mmBulkFree)
                  0000d58c    00000084              : mem.oem4f (.text:mmFree)
                  0000d610    00000084     sysbios.aem4f : BIOS.obj (.text:ti_sysbios_family_arm_m3_Hwi_postInit__I)
                  0000d694    00000084     driverlib.lib : udma.obj (.text:uDMAChannelTransferSet)
                  0000d718    00000082     nettool_ipv4.aem4f : dhcpsm.oem4f (.text:StateRenewRebind)
                  0000d79a    00000002     rtsv7M4_T_le_v4SPD16_eabi.lib : i_div0.obj (.text)
                  0000d79c    00000080     drivers_tivaware.aem4f : EMACSnow.oem4f (.text:EMACSnow_emacStop)
                  0000d81c    00000080                            : EMACSnow.oem4f (.text:EMACSnow_processPendingTx)
                  0000d89c    00000080     stk.aem4f : lli.oem4f (.text:LLINew)
                  0000d91c    00000080     netctrl_min_ipv4.aem4f : netsrv.oem4f (.text:NS_BootTask)
                  0000d99c    00000080     stk.aem4f : pbm.oem4f (.text:PBM_alloc)
                  0000da1c    00000080               : raw.oem4f (.text:RawOutput)
                  0000da9c    0000007f     RTOS_config_pem4f.oem4f (.text:ti_ndk_config_Global_NetworkIPAddr)
                  0000db1b    00000001     --HOLE-- [fill = 0]
                  0000db1c    0000007e     stk.aem4f : fileuser.oem4f (.text:fdClose)
                  0000db9a    00000002     RTOS_config_pem4f.oem4f (.text:ti_ndk_config_Global_NetworkClose)
                  0000db9c    0000007c     nettool_ipv4.aem4f : config.oem4f (.text:CfgGetNextEntry)
                  0000dc18    0000007c     drivers_tivaware.aem4f : EMACSnow.oem4f (.text:EMACSnow_hwiIntFxn)
                  0000dc94    0000007c     stk.aem4f : igmp.oem4f (.text:IGMPDoMCast)
                  0000dd10    0000007c               : igmp.oem4f (.text:IGMPJoin)
                  0000dd8c    0000007c               : socket.oem4f (.text:NDK_setsockopt)
                  0000de08    0000007c               : nimu.oem4f (.text:NIMURegister)
                  0000de84    0000007c               : pbm.oem4f (.text:PBM_free)
                  0000df00    0000007c     sysbios.aem4f : BIOS.obj (.text:ti_sysbios_heaps_HeapMem_free__E)
                  0000df7c    0000007a     driverlib.lib : adc.obj (.text:ADCSequenceStepConfigure)
                  0000dff6    0000007a     rtsv7M4_T_le_v4SPD16_eabi.lib : memset_t2.obj (.text)
                  0000e070    0000007a     eth_network.obj (.text:sendLength)
                  0000e0ea    00000002     RTOS_config_pem4f.oem4f (.text:ti_sysbios_BIOS_nullFunc__I)
                  0000e0ec    00000078     driverlib.lib : emac.obj (.text:EMACInit)
                  0000e164    00000078     stk.aem4f : socket.oem4f (.text:NDK_sendto)
                  0000e1dc    00000078               : tcptime.oem4f (.text:TcpXmitTimer)
                  0000e254    00000078               : fileuser.oem4f (.text:fdOpenSession)
                  0000e2cc    00000078     os.aem4f : task.oem4f (.text:llExit)
                  0000e344    00000076     stk.aem4f : pipe.oem4f (.text:PipeSend)
                  0000e3ba    00000002     RTOS_config_pem4f.oem4f (.text:xdc_runtime_Startup_reset__I)
                  0000e3bc    00000075     stk.aem4f : tcptime.oem4f (.text:TcpTimeoutSackRexmt)
                  0000e431    00000003     --HOLE-- [fill = 0]
                  0000e434    00000074               : igmp.oem4f (.text:IGMPLeaveHostGroup)
                  0000e4a8    00000074               : nimu.oem4f (.text:NIMUShutdown)
                  0000e51c    00000074               : raweth.oem4f (.text:RawEthRxPacket)
                  0000e590    00000074               : sockpcb.oem4f (.text:SockPcbConnect)
                  0000e604    00000072     os.aem4f : semaphore.oem4f (.text:SemCreateBinary)
                  0000e676    00000002     --HOLE-- [fill = 0]
                  0000e678    00000070     adc_sample.obj (.text:ADC_Seq0_ISR)
                  0000e6e8    00000070     stk.aem4f : socket.oem4f (.text:NDK_send)
                  0000e758    00000070               : rtable.oem4f (.text:RtFlush)
                  0000e7c8    00000070     netctrl_min_ipv4.aem4f : netsrv.oem4f (.text:SPConfig)
                  0000e838    00000070     stk.aem4f : sock.oem4f (.text:SockShutdown)
                  0000e8a8    00000070     nettool_ipv4.aem4f : dhcptags.oem4f (.text:dhcpDecodeType)
                  0000e918    00000070     rtsv7M4_T_le_v4SPD16_eabi.lib : printf.obj (.text)
                  0000e988    0000006e     stk.aem4f : socket.oem4f (.text:NDK_recv)
                  0000e9f6    00000002     --HOLE-- [fill = 0]
                  0000e9f8    0000006e               : rtable.oem4f (.text:RtWalkNext)
                  0000ea66    0000006e               : sockpcb.oem4f (.text:SockPcbFindRaw)
                  0000ead4    0000006d               : node.oem4f (.text:NodeNew)
                  0000eb41    00000003     --HOLE-- [fill = 0]
                  0000eb44    0000006d     ti.targets.arm.rtsarm.aem4f : System.oem4f (.text:xdc_runtime_System_formatNum__I)
                  0000ebb1    00000003     --HOLE-- [fill = 0]
                  0000ebb4    0000006c     adc_sample.obj (.text:ADC_Seq1_ISR)
                  0000ec20    0000006c     os.aem4f : ossys.oem4f (.text:DbgPrintf)
                  0000ec8c    0000006c     stk.aem4f : node.oem4f (.text:NodeTreeNew)
                  0000ecf8    0000006c               : raweth.oem4f (.text:RawEthTxPacket)
                  0000ed64    0000006c               : udp.oem4f (.text:UdpChecksum)
                  0000edd0    0000006c     eth_network.obj (.text:netOpenHook)
                  0000ee3c    00000004     hal_ser_stub.aem4f : llserstb.oem4f (.text:_llSerialInit)
                  0000ee40    0000006c     sysbios.aem4f : BIOS.obj (.text:ti_sysbios_knl_Clock_workFunc__E)
                  0000eeac    00000004     stk.aem4f : listlib.oem4f (.text:list_get_head)
                  0000eeb0    0000006c     sysbios.aem4f : BIOS.obj (.text:ti_sysbios_knl_Swi_restoreHwi__E)
                  0000ef1c    0000006c     ti.targets.arm.rtsarm.aem4f : Error.oem4f (.text:xdc_runtime_Error_print__E)
                  0000ef88    0000006c                                 : Memory.oem4f (.text:xdc_runtime_Memory_alloc__E)
                  0000eff4    0000006a     stk.aem4f : tcpprot.oem4f (.text:TcpPrInherit)
                  0000f05e    00000002     --HOLE-- [fill = 0]
                  0000f060    00000068     driverlib.lib : interrupt.obj (.text:IntEnable)
                  0000f0c8    00000068     stk.aem4f : socket.oem4f (.text:NDK_socket)
                  0000f130    00000068               : pbm.oem4f (.text:PBM_open)
                  0000f198    00000068     adc_sample.obj (.text:TIMER_ADC_init)
                  0000f200    00000068     stk.aem4f : rtable.oem4f (.text:_RtNodeInsert)
                  0000f268    00000068     rtsv7M4_T_le_v4SPD16_eabi.lib : copy_decompress_lzss.obj (.text:decompress:lzss)
                  0000f2d0    00000068                                   : trgmsg.obj (.text)
                  0000f338    00000066     ti.targets.arm.rtsarm.aem4f : Core-mem.oem4f (.text:xdc_runtime_Core_deleteObject__I)
                  0000f39e    00000002     --HOLE-- [fill = 0]
                  0000f3a0    00000064     nettool_ipv4.aem4f : config.oem4f (.text:CfgFree)
                  0000f404    00000064     drivers_tivaware.aem4f : GPIOTiva.oem4f (.text:GPIO_hwiIntFxn)
                  0000f468    00000064     stk.aem4f : pbm.oem4f (.text:PBMQ_enq)
                  0000f4cc    00000064               : sockint.oem4f (.text:SockSpawnAbort)
                  0000f530    00000064     hal_timer_bios.aem4f : lltimer.oem4f (.text:llTimerTick)
                  0000f594    00000064     rtsv7M4_T_le_v4SPD16_eabi.lib : fseek.obj (.text)
                  0000f5f8    00000064                                   : s_frexp.obj (.text)
                  0000f65c    00000004     stk.aem4f : listlib.oem4f (.text:list_get_next)
                  0000f660    00000064     sysbios.aem4f : BIOS.obj (.text:ti_sysbios_family_arm_lm4_Timer_Module_startup__E)
                  0000f6c4    00000064     RTOS_config_pem4f.oem4f (.text:ti_sysbios_family_arm_m3_Hwi_create)
                  0000f728    00000064     sysbios.aem4f : BIOS.obj (.text:ti_sysbios_family_arm_m3_Hwi_dispatchC__I)
                  0000f78c    00000004     rtsv7M4_T_le_v4SPD16_eabi.lib : error.obj (.text)
                  0000f790    00000064     sysbios.aem4f : BIOS.obj (.text:ti_sysbios_knl_Semaphore_post__E)
                  0000f7f4    00000064     stk.aem4f : lliin.oem4f (.text:updateRtTable)
                  0000f858    00000062               : ipin.oem4f (.text:IPRouteIP)
                  0000f8ba    00000002     --HOLE-- [fill = 0]
                  0000f8bc    00000062               : sb.oem4f (.text:SBNew)
                  0000f91e    00000002     --HOLE-- [fill = 0]
                  0000f920    00000060     nettool_ipv4.aem4f : config.oem4f (.text:CfgGetEntryCnt)
                  0000f980    00000060     stk.aem4f : file.oem4f (.text:FdWaitEvent)
                  0000f9e0    00000060               : nimu.oem4f (.text:NIMUUnregister)
                  0000fa40    00000060               : node.oem4f (.text:NodeFind)
                  0000faa0    00000060               : rtc.oem4f (.text:RTCMsg)
                  0000fb00    00000060               : tcp.oem4f (.text:TcpChecksum)
                  0000fb60    00000060     driverlib.lib : timer.obj (.text:TimerConfigure)
                  0000fbc0    00000060     nettool_ipv4.aem4f : dhcptags.oem4f (.text:dhcpBuildOptions)
                  0000fc20    00000060     rtsv7M4_T_le_v4SPD16_eabi.lib : sprintf.obj (.text)
                  0000fc80    0000005e     stk.aem4f : route.oem4f (.text:RtRemove)
                  0000fcde    0000005e     nettool_ipv4.aem4f : dhcpsm.oem4f (.text:StateSelecting)
                  0000fd3c    0000005e     stk.aem4f : vlan.oem4f (.text:VLANReceivePacket)
                  0000fd9a    00000002     --HOLE-- [fill = 0]
                  0000fd9c    0000005c     nettool_ipv4.aem4f : config.oem4f (.text:CfgSetExecuteOrder)
                  0000fdf8    0000005c     stk.aem4f : nimu.oem4f (.text:NIMUIoctlSpecialCmd)
                  0000fe54    0000005c     netctrl_min_ipv4.aem4f : netsrv.oem4f (.text:SPService)
                  0000feb0    0000005c     RTOS_config_pem4f.oem4f (.text:ti_sysbios_knl_Swi_create)
                  0000ff0c    00000004     RTOS_config_pem4f.oem4f (.text:ti_ndk_config_Global_NetworkOpen)
                  0000ff10    0000005c     sysbios.aem4f : BIOS.obj (.text:ti_sysbios_knl_Swi_run__I)
                  0000ff6c    00000004     RTOS_config_pem4f.oem4f (.text:ti_sysbios_BIOS_RtsGateProxy_enter__E)
                  0000ff70    0000005c     sysbios.aem4f : BIOS.obj (.text:ti_sysbios_knl_Swi_schedule__I)
                  0000ffcc    0000005c     RTOS_config_pem4f.oem4f (.text:ti_sysbios_knl_Task_create)
                  00010028    0000005c     sysbios.aem4f : BIOS.obj (.text:ti_sysbios_knl_Task_unblockI__E)
                  00010084    0000005b     ti.targets.arm.rtsarm.aem4f : Text.oem4f (.text:xdc_runtime_Text_putLab__E)
                  000100df    00000001     --HOLE-- [fill = 0]
                  000100e0    0000005a     stk.aem4f : route.oem4f (.text:RtRedirect)
                  0001013a    0000005a               : tcpprot.oem4f (.text:TcpValidateMetrics)
                  00010194    0000005a     nettool_ipv4.aem4f : dhcpbild.oem4f (.text:dhcpBuildDecline)
                  000101ee    0000005a     os.aem4f : mem.oem4f (.text:mmCopy)
                  00010248    0000005a     RTOS_config_pem4f.oem4f (.text:ti_ndk_config_tcp_init)
                  000102a2    00000002     --HOLE-- [fill = 0]
                  000102a4    00000058     stk.aem4f : bind.oem4f (.text:BindFree)
                  000102fc    00000058     boot.aem4f : boot.oem4f (.text)
                  00010354    00000058     driverlib.lib : emac.obj (.text:EMACPHYConfigSet)
                  000103ac    00000058     stk.aem4f : igmp.oem4f (.text:IGMPTimer)
                  00010404    00000058     os.aem4f : semaphore.oem4f (.text:SemCreate)
                  0001045c    00000058     driverlib.lib : timer.obj (.text:TimerControlTrigger)
                  000104b4    00000058     sysbios.aem4f : m3_Hwi_asm_switch.obj (.text:ti_sysbios_family_arm_m3_Hwi_initStacks__E)
                  0001050c    00000056     driverlib.lib : gpio.obj (.text:GPIOIntTypeSet)
                  00010562    00000002     --HOLE-- [fill = 0]
                  00010564    00000054     nettool_ipv4.aem4f : config.oem4f (.text:CfgEntryDeRef)
                  000105b8    00000054     stk.aem4f : igmp.oem4f (.text:IGMPLeave)
                  0001060c    00000054               : rawethsock_pcb.oem4f (.text:RawEthSockPcbAttach)
                  00010660    00000054               : sockpcb.oem4f (.text:SockCleanPcb)
                  000106b4    00000054               : tcptime.oem4f (.text:TcpTimeoutPersist)
                  00010708    00000054     rtsv7M4_T_le_v4SPD16_eabi.lib : exit.obj (.text)
                  0001075c    00000054                                   : ltoa.obj (.text)
                  000107b0    00000054     sysbios.aem4f : BIOS.obj (.text:ti_sysbios_family_arm_lm4_Timer_initDevice__I)
                  00010804    00000004     RTOS_config_pem4f.oem4f (.text:ti_sysbios_BIOS_RtsGateProxy_leave__E)
                  00010808    00000054     sysbios.aem4f : BIOS.obj (.text:ti_sysbios_knl_Swi_Instance_init__E)
                  0001085c    00000054     ti.targets.arm.rtsarm.aem4f : Assert.oem4f (.text:xdc_runtime_Assert_raise__I)
                  000108b0    00000053     eth_network.obj (.text:tcpHandler)
                  00010903    00000001     --HOLE-- [fill = 0]
                  00010904    00000052     stk.aem4f : tcpprot.oem4f (.text:TcpPrDetach)
                  00010956    00000002     --HOLE-- [fill = 0]
                  00010958    00000050     drivers_tivaware.aem4f : GPIOTiva.oem4f (.text:GPIO_setCallback)
                  000109a8    00000050     stk.aem4f : socket.oem4f (.text:NDK_bind)
                  000109f8    00000050               : socket.oem4f (.text:NDK_connect)
                  00010a48    00000050               : route.oem4f (.text:RtNew)
                  00010a98    00000050     driverlib.lib : sysctl.obj (.text:SysCtlPeripheralReset)
                  00010ae8    00000050     Boot.aem4f : Boot_sysctl.oem4f (.text:_SysCtlFrequencyGet)
                  00010b38    00000050     sysbios.aem4f : BIOS.obj (.text:ti_sysbios_family_arm_m3_Hwi_Module_startup__E)
                  00010b88    00000050                   : BIOS.obj (.text:ti_sysbios_knl_Clock_Instance_init__E)
                  00010bd8    00000050     ti.targets.arm.rtsarm.aem4f : Startup.oem4f (.text:xdc_runtime_Startup_exec__E)
                  00010c28    00000050                                 : Text.oem4f (.text:xdc_runtime_Text_visitRope2__I)
                  00010c78    0000004e     stk.aem4f : node.oem4f (.text:NodeDeRef)
                  00010cc6    0000004e     nettool_ipv4.aem4f : config.oem4f (.text:_CfgEntryScan)
                  00010d14    0000004c                        : ipaddr.oem4f (.text:NtAddNetwork)
                  00010d60    0000004c     stk.aem4f : sockint.oem4f (.text:SockValidateRoute)
                  00010dac    0000004c     main.obj (.text:main)
                  00010df8    0000004c     rtsv7M4_T_le_v4SPD16_eabi.lib : atoi.obj (.text)
                  00010e44    0000004c                                   : cpy_tbl.obj (.text)
                  00010e90    0000004c     sysbios.aem4f : BIOS.obj (.text:ti_sysbios_heaps_HeapMem_getStats__E)
                  00010edc    00000004                   : BIOS.obj (.text:ti_sysbios_family_arm_lm4_Timer_masterEnable__I)
                  00010ee0    0000004c                   : BIOS.obj (.text:ti_sysbios_knl_Swi_runLoop__I)
                  00010f2c    00000004     RTOS_config_pem4f.oem4f (.text:ti_sysbios_family_arm_m3_Hwi_delete)
                  00010f30    0000004c     sysbios.aem4f : BIOS.obj (.text:ti_sysbios_knl_Task_allBlockedFunction__I)
                  00010f7c    0000004a     netctrl_min_ipv4.aem4f : netsrv.oem4f (.text:ServiceKill)
                  00010fc6    0000004a     stk.aem4f : sock.oem4f (.text:SockDisconnect)
                  00011010    0000004a               : timer.oem4f (.text:TimerNew)
                  0001105a    00000048     nettool_ipv4.aem4f : config.oem4f (.text:CfgNew)
                  000110a2    00000002     --HOLE-- [fill = 0]
                  000110a4    00000048     driverlib.lib : gpio.obj (.text:GPIOPinConfigure)
                  000110ec    00000048     stk.aem4f : lli.oem4f (.text:LLIMsg)
                  00011134    00000048               : node.oem4f (.text:NodeWalk)
                  0001117c    00000048               : rawethsock_pcb.oem4f (.text:RawEthSockPcbDetach)
                  000111c4    00000048               : sockpcb.oem4f (.text:SockPcbResolveChain)
                  0001120c    00000048               : tcpprot.oem4f (.text:TcpDrop)
                  00011254    00000048               : lli.oem4f (.text:_LLIExpListInsert)
                  0001129c    00000048               : rtable.oem4f (.text:_RtExpListInsert)
                  000112e4    00000048     driverlib.lib : sysctl.obj (.text:_SysCtlFrequencyGet)
                  0001132c    00000048     stk.aem4f : file.oem4f (.text:fdint_lockfd)
                  00011374    00000048     rtsv7M4_T_le_v4SPD16_eabi.lib : fd_toi_t2.obj (.text)
                  000113bc    00000004     RTOS_config_pem4f.oem4f (.text:ti_sysbios_family_arm_m3_TaskSupport_Module__startupDone__S)
                  000113c0    00000048     sysbios.aem4f : BIOS.obj (.text:ti_sysbios_family_arm_lm4_Timer_enableTimers__I)
                  00011408    00000048                   : BIOS.obj (.text:ti_sysbios_family_arm_m3_Hwi_disableInterrupt__E)
                  00011450    00000048                   : BIOS.obj (.text:ti_sysbios_family_arm_m3_Hwi_enableInterrupt__E)
                  00011498    00000048                   : BIOS.obj (.text:ti_sysbios_family_arm_m3_Hwi_excReserved__I)
                  000114e0    00000048                   : BIOS.obj (.text:ti_sysbios_knl_Task_deleteTerminatedTasksFunc__I)
                  00011528    00000048     driverlib.lib : udma.obj (.text:uDMAChannelAttributeDisable)
                  00011570    00000048                   : udma.obj (.text:uDMAChannelAttributeEnable)
                  000115b8    00000046     nettool_ipv4.aem4f : ipaddr.oem4f (.text:NtIfIdx2Ip)
                  000115fe    00000046     stk.aem4f : rawethsock.oem4f (.text:RawEthSockSend)
                  00011644    00000046               : tcpprot.oem4f (.text:TcpPrCtlError)
                  0001168a    00000046     os.aem4f : mem.oem4f (.text:mmZeroInit)
                  000116d0    00000046     ti.targets.arm.rtsarm.aem4f : Core-params.oem4f (.text:xdc_runtime_Core_assignParams__I)
                  00011716    00000002     --HOLE-- [fill = 0]
                  00011718    00000044     drivers_tivaware.aem4f : EMACSnow.oem4f (.text:EMACSnow_processTransmitted)
                  0001175c    00000044     stk.aem4f : icmp.oem4f (.text:ICMPChecksum)
                  000117a0    00000044               : ipfrag.oem4f (.text:IPReasmFree)
                  000117e4    00000044               : lli.oem4f (.text:LLIGetValidTime)
                  00011828    00000044               : rtable.oem4f (.text:RouteMsg)
                  0001186c    00000044               : rtable.oem4f (.text:RtWalkEnd)
                  000118b0    00000044               : sockpcb.oem4f (.text:SockPcbDetach)
                  000118f4    00000044               : timer.oem4f (.text:TimerListInsert)
                  00011938    00000044     hal_timer_bios.aem4f : lltimer.oem4f (.text:llTimerGetTime)
                  0001197c    00000004     RTOS_config_pem4f.oem4f (.text:ti_sysbios_heaps_HeapMem_Module_GateProxy_enter__E)
                  00011980    00000044     sysbios.aem4f : BIOS.obj (.text:ti_sysbios_family_arm_lm4_Timer_isrStub__E)
                  000119c4    00000004     RTOS_config_pem4f.oem4f (.text:ti_sysbios_heaps_HeapMem_Module_GateProxy_leave__E)
                  000119c8    00000044     sysbios.aem4f : BIOS.obj (.text:ti_sysbios_family_arm_m3_Hwi_getStackInfo__E)
                  00011a0c    00000004     RTOS_config_pem4f.oem4f (.text:ti_sysbios_knl_Clock_TimerProxy_getMaxTicks__E)
                  00011a10    00000044     sysbios.aem4f : BIOS.obj (.text:ti_sysbios_knl_Swi_post__E)
                  00011a54    00000044     ti.targets.arm.rtsarm.aem4f : Error.oem4f (.text:xdc_runtime_Error_setX__E)
                  00011a98    00000044                                 : SysMin.oem4f (.text:xdc_runtime_SysMin_flush__E)
                  00011adc    00000044                                 : Text.oem4f (.text:xdc_runtime_Text_xprintf__I)
                  00011b20    00000042     stk.aem4f : tcpprot.oem4f (.text:TcpPrSendOOB)
                  00011b62    00000042               : fileuser.oem4f (.text:fdCloseSession)
                  00011ba4    00000040               : lliin.oem4f (.text:LLIValidateRoute)
                  00011be4    00000040               : pbm.oem4f (.text:PBM_copy)
                  00011c24    00000040               : sockpcb.oem4f (.text:SockPcbRtChange)
                  00011c64    00000040               : tcpprot.oem4f (.text:TcpPrSend)
                  00011ca4    00000040     rtsv7M4_T_le_v4SPD16_eabi.lib : strtok.obj (.text)
                  00011ce4    00000040                                   : u_divt2.obj (.text)
                  00011d24    00000004     RTOS_config_pem4f.oem4f (.text:ti_sysbios_knl_Queue_destruct)
                  00011d28    00000040     sysbios.aem4f : BIOS.obj (.text:ti_sysbios_family_arm_lm4_Timer_startup__E)
                  00011d68    00000040                   : BIOS.obj (.text:ti_sysbios_heaps_HeapMem_Instance_init__E)
                  00011da8    0000003e     driverlib.lib : adc.obj (.text:ADCSequenceConfigure)
                  00011de6    0000003e     nettool_ipv4.aem4f : dhcpmain.oem4f (.text:DHCPClose)
                  00011e24    0000003e     stk.aem4f : nimu.oem4f (.text:NIMUAllocateName)
                  00011e62    0000003e     os.aem4f : task.oem4f (.text:TaskCreate)
                  00011ea0    0000003e     stk.aem4f : tcpprot.oem4f (.text:TcpPrDisconnect)
                  00011ede    0000003e               : file.oem4f (.text:fdint_unlockfd)
                  00011f1c    0000003e     RTOS_config_pem4f.oem4f (.text:realloc)
                  00011f5a    0000003c     nettool_ipv4.aem4f : config.oem4f (.text:CfgEntryGetData)
                  00011f96    0000003c     driverlib.lib : emac.obj (.text:EMACIntDisable)
                  00011fd2    0000003c     stk.aem4f : node.oem4f (.text:NodeUpdatePL)
                  0001200e    00000002     --HOLE-- [fill = 0]
                  00012010    0000003c               : rtable.oem4f (.text:RtWalkBegin)
                  0001204c    0000003c               : tcpprot.oem4f (.text:TcpPrConnect)
                  00012088    0000003c               : tcptime.oem4f (.text:TcpSetPersist)
                  000120c4    0000003c               : rtc.oem4f (.text:_RTCSendRtAdv)
                  00012100    0000003c               : rtable.oem4f (.text:_RtNodeRemove)
                  0001213c    0000003c     hal_timer_bios.aem4f : lltimer.oem4f (.text:_llTimerInit)
                  00012178    0000003c     sysbios.aem4f : BIOS.obj (.text:ti_sysbios_family_arm_m3_Hwi_excSvCall__I)
                  000121b4    00000004     RTOS_config_pem4f.oem4f (.text:ti_sysbios_knl_Semaphore_delete)
                  000121b8    0000003c     sysbios.aem4f : BIOS.obj (.text:ti_sysbios_heaps_HeapMem_init__I)
                  000121f4    00000004     RTOS_config_pem4f.oem4f (.text:ti_sysbios_knl_Semaphore_destruct)
                  000121f8    0000003c     sysbios.aem4f : BIOS.obj (.text:ti_sysbios_knl_Swi_restore__E)
                  00012234    0000003a     driverlib.lib : emac.obj (.text:EMACIntEnable)
                  0001226e    00000002     --HOLE-- [fill = 0]
                  00012270    00000038                   : emac.obj (.text:EMACConfigGet)
                  000122a8    00000038     stk.aem4f : ipfrag.oem4f (.text:IPReasmTimeout)
                  000122e0    00000038               : node.oem4f (.text:NodeGetRt)
                  00012318    00000038     driverlib.lib : sysctl.obj (.text:SysCtlPeripheralReady)
                  00012350    00000038     stk.aem4f : tcpprot.oem4f (.text:TcpClose)
                  00012388    00000038               : timer.oem4f (.text:TimerHSTick)
                  000123c0    00000038     nettool_ipv4.aem4f : dhcpbild.oem4f (.text:dhcpBuildDiscover)
                  000123f8    00000038                        : dhcptags.oem4f (.text:dhcpOptionsClear)
                  00012430    00000038     stk.aem4f : file.oem4f (.text:fdint_waitevent)
                  00012468    00000038     sysbios.aem4f : BIOS.obj (.text:ti_sysbios_family_arm_m3_Hwi_excNoIsr__I)
                  000124a0    00000038     RTOS_config_pem4f.oem4f (.text:ti_sysbios_knl_Clock_create)
                  000124d8    00000038     sysbios.aem4f : BIOS.obj (.text:ti_sysbios_knl_Task_processVitalTaskFlag__I)
                  00012510    00000038     ti.targets.arm.rtsarm.aem4f : SysMin.oem4f (.text:xdc_runtime_SysMin_putch__E)
                  00012548    00000038                                 : System.oem4f (.text:xdc_runtime_System_atexit__E)
                  00012580    00000036     stk.aem4f : ip.oem4f (.text:IPChecksum)
                  000125b6    00000036     rtsv7M4_T_le_v4SPD16_eabi.lib : strncpy.obj (.text)
                  000125ec    00000034     nettool_ipv4.aem4f : config.oem4f (.text:CfgSetService)
                  00012620    00000034     driverlib.lib : emac.obj (.text:EMACConfigSet)
                  00012654    00000034                   : emac.obj (.text:EMACIntClear)
                  00012688    00000034     drivers_tivaware.aem4f : EMACSnow.oem4f (.text:EMACSnow_emacPoll)
                  000126bc    00000034                            : EMACSnow.oem4f (.text:EMACSnow_isLinkUp)
                  000126f0    00000034                            : EMAC.oem4f (.text:EMAC_init)
                  00012724    00000034     stk.aem4f : exec.oem4f (.text:ExecClose)
                  00012758    00000034               : nimu.oem4f (.text:NIMUFindByName)
                  0001278c    00000034               : nimu.oem4f (.text:NIMUInit)
                  000127c0    00000034               : rawethsock.oem4f (.text:RawEthSockNotify)
                  000127f4    00000034               : sockprot.oem4f (.text:SockPrCtlError)
                  00012828    00000034     driverlib.lib : sysctl.obj (.text:SysCtlPeripheralEnable)
                  0001285c    00000034     os.aem4f : mem.oem4f (.text:mmUnInitPage)
                  00012890    00000034     rtsv7M4_T_le_v4SPD16_eabi.lib : strstr.obj (.text)
                  000128c4    00000004     RTOS_config_pem4f.oem4f (.text:ti_sysbios_knl_Swi_delete)
                  000128c8    00000034     sysbios.aem4f : BIOS.obj (.text:ti_sysbios_family_arm_m3_Hwi_Instance_finalize__E)
                  000128fc    00000004     RTOS_config_pem4f.oem4f (.text:ti_sysbios_knl_Task_delete)
                  00012900    00000034     sysbios.aem4f : BIOS.obj (.text:ti_sysbios_family_arm_m3_Hwi_excNmi__I)
                  00012934    00000004     ti.targets.arm.rtsarm.aem4f : Error.oem4f (.text:xdc_runtime_Error_getMsg__E)
                  00012938    00000034     sysbios.aem4f : BIOS.obj (.text:ti_sysbios_hal_Hwi_checkStack)
                  0001296c    00000034     RTOS_config_pem4f.oem4f (.text:ti_sysbios_knl_Semaphore_create)
                  000129a0    00000034     ti.targets.arm.rtsarm.aem4f : Core-label.oem4f (.text:xdc_runtime_Core_assignLabel__I)
                  000129d4    00000033                                 : Text.oem4f (.text:xdc_runtime_Text_printVisFxn__I)
                  00012a07    00000001     --HOLE-- [fill = 0]
                  00012a08    00000032     nettool_ipv4.aem4f : config.oem4f (.text:CfgGetImmediate)
                  00012a3a    00000032     stk.aem4f : route.oem4f (.text:RtDeRef)
                  00012a6c    00000032               : route.oem4f (.text:RtSetFailure)
                  00012a9e    00000032               : sb.oem4f (.text:SBFlush)
                  00012ad0    00000032               : sb.oem4f (.text:SBSetMax)
                  00012b02    00000032               : sock.oem4f (.text:SockIntAbort)
                  00012b34    00000032     nettool_ipv4.aem4f : config.oem4f (.text:_CfgAcquire)
                  00012b66    00000032                        : dhcpsm.oem4f (.text:dhcpIPRemove)
                  00012b98    00000032     sysbios.aem4f : BIOS.obj (.text:ti_sysbios_hal_Hwi_initStack)
                  00012bca    00000006     driverlib.lib : emac.obj (.text:EMACRxDMADescriptorListSet)
                  00012bd0    00000032     sysbios.aem4f : BIOS.obj (.text:ti_sysbios_knl_Semaphore_pendTimeout__I)
                  00012c02    00000030     driverlib.lib : emac.obj (.text:EMACAddrSet)
                  00012c32    00000002     --HOLE-- [fill = 0]
                  00012c34    00000030     drivers_tivaware.aem4f : EMACSnow.oem4f (.text:EMACSnow_handlePackets)
                  00012c64    00000030     netctrl_min_ipv4.aem4f : netsrv.oem4f (.text:NS_PreBoot)
                  00012c94    00000030     stk.aem4f : sock.oem4f (.text:SockBind)
                  00012cc4    00000030     nettool_ipv4.aem4f : dhcpsock.oem4f (.text:dhcpPacketSend)
                  00012cf4    00000030     stk.aem4f : listlib.oem4f (.text:list_remove_node)
                  00012d24    00000030     RTOS_config_pem4f.oem4f (.text:ti_sysbios_BIOS_atExitFunc__I)
                  00012d54    00000004     ti.targets.arm.rtsarm.aem4f : Error.oem4f (.text:xdc_runtime_Error_getSite__E)
                  00012d58    00000030     sysbios.aem4f : BIOS.obj (.text:ti_sysbios_family_arm_lm4_Timer_stop__E)
                  00012d88    00000030                   : BIOS.obj (.text:ti_sysbios_family_arm_m3_TaskSupport_start__E)
                  00012db8    00000030     RTOS_config_pem4f.oem4f (.text:ti_sysbios_gates_GateHwi_Object__create__S)
                  00012de8    00000030     RTOS_config_pem4f.oem4f (.text:ti_sysbios_gates_GateMutex_Object__create__S)
                  00012e18    00000030     sysbios.aem4f : BIOS.obj (.text:ti_sysbios_gates_GateMutex_enter__E)
                  00012e48    00000030     RTOS_config_pem4f.oem4f (.text:ti_sysbios_heaps_HeapMem_Object__create__S)
                  00012e78    00000030     RTOS_config_pem4f.oem4f (.text:ti_sysbios_knl_Semaphore_construct)
                  00012ea8    00000030     ti.targets.arm.rtsarm.aem4f : SysMin.oem4f (.text:xdc_runtime_SysMin_abort__E)
                  00012ed8    00000030                                 : System.oem4f (.text:xdc_runtime_System_processAtExit__E)
                  00012f08    0000002e     stk.aem4f : sb.oem4f (.text:SBFree)
                  00012f36    0000002e     RTOS_config_pem4f.oem4f (.text:malloc)
                  00012f64    0000002e     rtsv7M4_T_le_v4SPD16_eabi.lib : i_tofd_t2.obj (.text)
                  00012f92    0000002c     driverlib.lib : emac.obj (.text:EMACIntStatus)
                  00012fbe    0000002c     stk.aem4f : file.oem4f (.text:FdSignalEvent)
                  00012fea    00000002     --HOLE-- [fill = 0]
                  00012fec    0000002c               : igmp.oem4f (.text:IGMPTestGroup)
                  00013018    0000002c     os.aem4f : task.oem4f (.text:NDK_hookCreate)
                  00013044    0000002c     stk.aem4f : nimu.oem4f (.text:NIMUAllocateIndex)
                  00013070    0000002c               : nimu.oem4f (.text:NIMUPacketServiceCheck)
                  0001309c    0000002c               : pipe.oem4f (.text:PipeClose)
                  000130c8    0000002c               : sockpcb.oem4f (.text:SockPcbAttach)
                  000130f4    0000002c               : lli.oem4f (.text:_LLIExpListRemove)
                  00013120    0000002c               : lli.oem4f (.text:_LLITimeoutFlush)
                  0001314c    0000002c               : rtable.oem4f (.text:_RtExpListRemove)
                  00013178    0000002c     RTOS_config_pem4f.oem4f (.text:ti_sysbios_knl_Clock_doTick__I)
                  000131a4    0000002c     RTOS_config_pem4f.oem4f (.text:ti_sysbios_knl_Queue_construct)
                  000131d0    0000002c     sysbios.aem4f : BIOS.obj (.text:ti_sysbios_knl_Task_restore__E)
                  000131fc    0000002c     driverlib.lib : udma.obj (.text:uDMAChannelAssign)
                  00013228    0000002c     ti.targets.arm.rtsarm.aem4f : Text.oem4f (.text:xdc_runtime_Text_cordText__E)
                  00013254    0000002a     driverlib.lib : gpio.obj (.text:GPIODirModeSet)
                  0001327e    0000002a     stk.aem4f : pbm.oem4f (.text:PBMQ_deq)
                  000132a8    0000002a     netctrl_min_ipv4.aem4f : netsrv.oem4f (.text:ServiceCallback)
                  000132d2    0000002a     nettool_ipv4.aem4f : config.oem4f (.text:_CfgRelease)
                  000132fc    0000002a     rtsv7M4_T_le_v4SPD16_eabi.lib : strspn.obj (.text)
                  00013326    0000002a     eth_network.obj (.text:sendMask)
                  00013350    0000002a     ti.targets.arm.rtsarm.aem4f : System.oem4f (.text:xdc_runtime_System_putchar__I)
                  0001337a    00000002     --HOLE-- [fill = 0]
                  0001337c    00000028     stk.aem4f : bind.oem4f (.text:BindFindByNet)
                  000133a4    00000028               : lli.oem4f (.text:LLIFree)
                  000133cc    00000028     netctrl_min_ipv4.aem4f : netctrl.oem4f (.text:NC_SystemClose)
                  000133f4    00000028     stk.aem4f : nimu.oem4f (.text:NIMUCreatePacket)
                  0001341c    00000028               : nimu.oem4f (.text:NIMUPacketService)
                  00013444    00000028               : tcpin.oem4f (.text:TcpEnterTimeWait)
                  0001346c    00000028               : timer.oem4f (.text:TimerListRemove)
                  00013494    00000028               : vlan.oem4f (.text:VLANFindSourceInterface)
                  000134bc    00000028               : vlan.oem4f (.text:VLANInit)
                  000134e4    00000028     nettool_ipv4.aem4f : dhcpsock.oem4f (.text:dhcpPacketReceive)
                  0001350c    00000028     drivers_tivaware.aem4f : EMACSnow.oem4f (.text:signalLinkChange)
                  00013534    00000004     RTOS_config_pem4f.oem4f (.text:xdc_runtime_System_Module_GateProxy_enter__E)
                  00013538    00000028     sysbios.aem4f : BIOS.obj (.text:ti_sysbios_knl_Clock_addI__E)
                  00013560    00000028                   : BIOS.obj (.text:ti_sysbios_knl_Swi_Module_startup__E)
                  00013588    00000028     driverlib.lib : udma.obj (.text:uDMAChannelModeGet)
                  000135b0    00000026     nettool_ipv4.aem4f : config.oem4f (.text:CfgEntryInfo)
                  000135d6    00000026     driverlib.lib : emac.obj (.text:EMACPHYRead)
                  000135fc    00000026                   : emac.obj (.text:EMACPHYWrite)
                  00013622    00000026     stk.aem4f : rawethsock.oem4f (.text:RawEthSockClose)
                  00013648    00000026     RTOS_config_pem4f.oem4f (.text:ti_ndk_config_udp_init)
                  0001366e    00000026     sysbios.aem4f : m3_Hwi_asm.obj (.text:ti_sysbios_family_arm_m3_Hwi_pendSV__I)
                  00013694    00000026     ti.targets.arm.rtsarm.aem4f : System.oem4f (.text:xdc_runtime_System_avprintf__E)
                  000136ba    00000002     --HOLE-- [fill = 0]
                  000136bc    00000024     stk.aem4f : bind.oem4f (.text:BindFindByHost)
                  000136e0    00000024               : bind.oem4f (.text:BindGetIFByDBCast)
                  00013704    00000024     drivers_tivaware.aem4f : EMACSnow.oem4f (.text:EMACSnow_pkt_service)
                  00013728    00000024                            : EMACSnow.oem4f (.text:EMACSnow_primeRx)
                  0001374c    00000024     stk.aem4f : exec.oem4f (.text:ExecTimer)
                  00013770    00000024               : nimu.oem4f (.text:NIMUFindByIndex)
                  00013794    00000024               : rtc.oem4f (.text:RTCAddHook)
                  000137b8    00000024               : rawethsock_pcb.oem4f (.text:RawEthSockPcbFind)
                  000137dc    00000024               : route.oem4f (.text:RtFree)
                  00013800    00000024               : route.oem4f (.text:RtSetTimeout)
                  00013824    00000024               : sockpcb.oem4f (.text:SockPcbCleanup)
                  00013848    00000024               : tcptime.oem4f (.text:TcpTimeoutWait2)
                  0001386c    00000024     nettool_ipv4.aem4f : config.oem4f (.text:_CfgEntryProcess)
                  00013890    00000024     rtsv7M4_T_le_v4SPD16_eabi.lib : strcspn.obj (.text)
                  000138b4    00000024     RTOS_config_pem4f.oem4f (.text:ti_sysbios_BIOS_errorRaiseHook__I)
                  000138d8    00000024     RTOS_config_pem4f.oem4f (.text:ti_sysbios_BIOS_registerRTSLock__I)
                  000138fc    00000024     RTOS_config_pem4f.oem4f (.text:ti_sysbios_BIOS_removeRTSLock__I)
                  00013920    00000024     RTOS_config_pem4f.oem4f (.text:ti_sysbios_BIOS_startFunc__I)
                  00013944    00000024     RTOS_config_pem4f.oem4f (.text:ti_sysbios_gates_GateMutex_Object__delete__S)
                  00013968    00000024     sysbios.aem4f : BIOS.obj (.text:ti_sysbios_knl_Clock_Module_startup__E)
                  0001398c    00000004     RTOS_config_pem4f.oem4f (.text:xdc_runtime_System_Module_GateProxy_leave__E)
                  00013990    00000024     sysbios.aem4f : BIOS.obj (.text:ti_sysbios_knl_Semaphore_Instance_init__E)
                  000139b4    00000024     RTOS_config_pem4f.oem4f (.text:ti_sysbios_knl_Semaphore_Object__delete__S)
                  000139d8    00000024     sysbios.aem4f : BIOS.obj (.text:ti_sysbios_knl_Task_restoreHwi__E)
                  000139fc    00000024     driverlib.lib : udma.obj (.text:uDMAChannelControlSet)
                  00013a20    00000024     ti.targets.arm.rtsarm.aem4f : System.oem4f (.text:xdc_runtime_System_vprintf__E)
                  00013a44    00000022     nettool_ipv4.aem4f : config.oem4f (.text:CfgEntryRef)
                  00013a66    00000022     stk.aem4f : vlan.oem4f (.text:VLANFindNode)
                  00013a88    00000022     eth_network.obj (.text:setsockopt)
                  00013aaa    00000006     driverlib.lib : emac.obj (.text:EMACTxDMADescriptorListSet)
                  00013ab0    00000022     sysbios.aem4f : BIOS.obj (.text:ti_sysbios_family_arm_lm4_Timer_write__I)
                  00013ad2    00000022     RTOS_config_pem4f.oem4f (.text:xdc_runtime_SysMin_output__I)
                  00013af4    00000020     netctrl_min_ipv4.aem4f : netctrl.oem4f (.text:NC_BootComplete)
                  00013b14    00000020     stk.aem4f : nimu.oem4f (.text:NIMUGetNumOfObject)
                  00013b34    00000020               : rtc.oem4f (.text:RTCRemoveHook)
                  00013b54    00000020               : tcp.oem4f (.text:TcpTimeoutRemove)
                  00013b74    00000020     Boot.aem4f : Boot_sysctl.oem4f (.text:_SysCtlMemTimingGet)
                  00013b94    00000020     rtsv7M4_T_le_v4SPD16_eabi.lib : memchr.obj (.text)
                  00013bb4    00000020     eth_network.obj (.text:sendOpcode)
                  00013bd4    00000020     RTOS_config_pem4f.oem4f (.text:ti_sysbios_BIOS_rtsLock__I)
                  00013bf4    00000020     RTOS_config_pem4f.oem4f (.text:ti_sysbios_family_arm_m3_Hwi_Object__delete__S)
                  00013c14    00000020     sysbios.aem4f : m3_Hwi_asm.obj (.text:ti_sysbios_family_arm_m3_Hwi_excHandlerAsm__I)
                  00013c34    00000004     ti.targets.arm.rtsarm.aem4f : System.oem4f (.text:xdc_runtime_System_aprintf_va__F)
                  00013c38    00000020     sysbios.aem4f : BIOS.obj (.text:ti_sysbios_family_arm_m3_Hwi_excHandler__I)
                  00013c58    00000020     RTOS_config_pem4f.oem4f (.text:ti_sysbios_gates_GateHwi_Object__delete__S)
                  00013c78    00000020     RTOS_config_pem4f.oem4f (.text:ti_sysbios_heaps_HeapMem_Object__delete__S)
                  00013c98    00000020     sysbios.aem4f : BIOS.obj (.text:ti_sysbios_knl_Idle_run__E)
                  00013cb8    00000020     RTOS_config_pem4f.oem4f (.text:ti_sysbios_knl_Semaphore_Object__destruct__S)
                  00013cd8    00000020     RTOS_config_pem4f.oem4f (.text:ti_sysbios_knl_Swi_Object__delete__S)
                  00013cf8    00000020     RTOS_config_pem4f.oem4f (.text:ti_sysbios_knl_Task_Object__delete__S)
                  00013d18    00000020     ti.targets.arm.rtsarm.aem4f : Registry.oem4f (.text:xdc_runtime_Registry_findById__E)
                  00013d38    00000020                                 : SysMin.oem4f (.text:xdc_runtime_SysMin_Module_startup__E)
                  00013d58    0000001e     stk.aem4f : listlib.oem4f (.text:list_remove)
                  00013d76    0000001e     eth_network.obj (.text:recv)
                  00013d94    0000001e     eth_network.obj (.text:send)
                  00013db2    0000001e     sysbios.aem4f : m3_Hwi_asm_switch.obj (.text:ti_sysbios_family_xxx_Hwi_switchAndRunFunc)
                  00013dd0    0000001c     stk.aem4f : bind.oem4f (.text:BindFindByIF)
                  00013dec    0000001c               : exec.oem4f (.text:ExecBroadcast)
                  00013e08    0000001c     os.aem4f : ossys.oem4f (.text:NDK_sprintf)
                  00013e24    0000001c     stk.aem4f : nimu.oem4f (.text:NIMUAddHeader)
                  00013e40    0000001c               : sockprot.oem4f (.text:SockPrDetach)
                  00013e5c    0000001c     os.aem4f : task.oem4f (.text:TaskDestroy)
                  00013e78    0000001c     driverlib.lib : sysctl.obj (.text:_SysCtlMemTimingGet)
                  00013e94    0000001c     drivers_tivaware.aem4f : GPIOTiva.oem4f (.text:getGpioIntIndex)
                  00013eb0    0000001c     rtsv7M4_T_le_v4SPD16_eabi.lib : memccpy.obj (.text)
                  00013ecc    0000001c     RTOS_config_pem4f.oem4f (.text:ti_ndk_config_global_taskCreateHook)
                  00013ee8    0000001c     sysbios.aem4f : BIOS.obj (.text:ti_sysbios_gates_GateMutex_Instance_init__E)
                  00013f04    0000001c     RTOS_config_pem4f.oem4f (.text:ti_sysbios_knl_Queue_Object__destruct__S)
                  00013f20    0000001c     sysbios.aem4f : BIOS.obj (.text:ti_sysbios_knl_Queue_put__E)
                  00013f3c    00000004     ti.targets.arm.rtsarm.aem4f : System.oem4f (.text:xdc_runtime_System_printf_va__F)
                  00013f40    0000001c     sysbios.aem4f : BIOS.obj (.text:ti_sysbios_knl_Task_enter__I)
                  00013f5c    0000001c     ti.targets.arm.rtsarm.aem4f : Error.oem4f (.text:xdc_runtime_Error_raiseX__E)
                  00013f78    0000001c                                 : Memory.oem4f (.text:xdc_runtime_Memory_valloc__E)
                  00013f94    0000001c                                 : SysMin.oem4f (.text:xdc_runtime_SysMin_exit__E)
                  00013fb0    0000001c                                 : System.oem4f (.text:xdc_runtime_System_abort__E)
                  00013fcc    0000001a     stk.aem4f : bind.oem4f (.text:BindGetIP)
                  00013fe6    0000001a               : sockint.oem4f (.text:SockSetOOBMark)
                  00014000    0000001a               : file.oem4f (.text:fdint_getfdt)
                  0001401a    0000001a     RTOS_config_pem4f.oem4f (.text:ti_sysbios_family_arm_m3_Hwi_Handle__label__S)
                  00014034    0000001a     RTOS_config_pem4f.oem4f (.text:ti_sysbios_gates_GateHwi_Handle__label__S)
                  0001404e    0000001a     RTOS_config_pem4f.oem4f (.text:ti_sysbios_gates_GateMutex_Handle__label__S)
                  00014068    0000001a     RTOS_config_pem4f.oem4f (.text:ti_sysbios_heaps_HeapMem_Handle__label__S)
                  00014082    0000001a     RTOS_config_pem4f.oem4f (.text:ti_sysbios_knl_Swi_Handle__label__S)
                  0001409c    0000001a     RTOS_config_pem4f.oem4f (.text:ti_sysbios_knl_Task_Handle__label__S)
                  000140b6    00000002     --HOLE-- [fill = 0]
                  000140b8    0000001a     sysbios.aem4f : BIOS.obj (.text:ti_sysbios_knl_Task_sleepTimeout__I)
                  000140d2    0000001a     RTOS_config_pem4f.oem4f (.text:xdc_runtime_System_aprintf__E)
                  000140ec    0000001a     RTOS_config_pem4f.oem4f (.text:xdc_runtime_System_printf__E)
                  00014106    00000018     driverlib.lib : adc.obj (.text:ADCClockConfigSet)
                  0001411e    00000002     --HOLE-- [fill = 0]
                  00014120    00000018     drivers_tivaware.aem4f : EMACSnow.oem4f (.text:EMACSnow_emacSend)
                  00014138    00000018     stk.aem4f : ip.oem4f (.text:IPRtChange)
                  00014150    00000018               : rawethsock_pcb.oem4f (.text:RawEthSockPcbCleanup)
                  00014168    00000018     nettool_ipv4.aem4f : ipaddr.oem4f (.text:RouteHook)
                  00014180    00000018     stk.aem4f : tcpin.oem4f (.text:SEQ_GEQ)
                  00014198    00000018               : tcpout.oem4f (.text:SEQ_GEQ)
                  000141b0    00000018               : tcpin.oem4f (.text:SEQ_GT)
                  000141c8    00000018               : tcpout.oem4f (.text:SEQ_GT)
                  000141e0    00000018               : tcpin.oem4f (.text:SEQ_LEQ)
                  000141f8    00000018               : tcpout.oem4f (.text:SEQ_LEQ)
                  00014210    00000018               : tcpin.oem4f (.text:SEQ_LT)
                  00014228    00000018               : tcpout.oem4f (.text:SEQ_LT)
                  00014240    00000018               : tcp.oem4f (.text:TcpTimeoutAdd)
                  00014258    00000018     nettool_ipv4.aem4f : dhcpsock.oem4f (.text:dhcpSocketClose)
                  00014270    00000018     RTOS_config_pem4f.oem4f (.text:free)
                  00014288    00000018     stk.aem4f : listlib.oem4f (.text:list_add)
                  000142a0    00000018     rtsv7M4_T_le_v4SPD16_eabi.lib : args_main.obj (.text)
                  000142b8    00000018                                   : strcmp.obj (.text)
                  000142d0    00000018     RTOS_config_pem4f.oem4f (.text:ti_sysbios_BIOS_rtsUnlock__I)
                  000142e8    00000018     RTOS_config_pem4f.oem4f (.text:ti_sysbios_family_arm_lm4_Timer_Module__startupDone__F)
                  00014300    00000018     RTOS_config_pem4f.oem4f (.text:ti_sysbios_family_arm_m3_Hwi_Module__startupDone__F)
                  00014318    00000018     sysbios.aem4f : m3_TaskSupport_asm.obj (.text:ti_sysbios_family_arm_m3_TaskSupport_swap__E)
                  00014330    00000018                   : BIOS.obj (.text:ti_sysbios_gates_GateMutex_leave__E)
                  00014348    00000018     driverlib.lib : udma.obj (.text:uDMAChannelEnable)
                  00014360    00000018     ti.targets.arm.rtsarm.aem4f : Error.oem4f (.text:xdc_runtime_Error_check__E)
                  00014378    00000018                                 : System.oem4f (.text:xdc_runtime_System_exit__E)
                  00014390    00000018                                 : Text.oem4f (.text:xdc_runtime_Text_ropeText__E)
                  000143a8    00000016     driverlib.lib : emac.obj (.text:EMACReset)
                  000143be    00000016                   : emac.obj (.text:EMACRxEnable)
                  000143d4    00000016                   : emac.obj (.text:EMACTxEnable)
                  000143ea    00000016     stk.aem4f : file.oem4f (.text:fdint_freefdt)
                  00014400    00000016     rtsv7M4_T_le_v4SPD16_eabi.lib : strchr.obj (.text)
                  00014416    00000016     RTOS_config_pem4f.oem4f (.text:ti_sysbios_BIOS_exitFunc__I)
                  0001442c    00000016     eth_network.obj (.text:ti_sysbios_knl_Task_Params_init)
                  00014442    00000016     ti.targets.arm.rtsarm.aem4f : System.oem4f (.text:xdc_runtime_System_vsprintf__E)
                  00014458    00000014     stk.aem4f : bind.oem4f (.text:BindIPHost2IF)
                  0001446c    00000014     driverlib.lib : flash.obj (.text:FlashUserGet)
                  00014480    00000014     netctrl_min_ipv4.aem4f : netctrl.oem4f (.text:NC_NetStop)
                  00014494    00000014     os.aem4f : task.oem4f (.text:NDK_hookExit)
                  000144a8    00000014     stk.aem4f : nimu.oem4f (.text:NIMUSendPacket)
                  000144bc    00000014     nettool_ipv4.aem4f : ipaddr.oem4f (.text:NtRemoveNetwork)
                  000144d0    00000014     stk.aem4f : rawethsock_pcb.oem4f (.text:RawEthSockPcbInit)
                  000144e4    00000014               : timer.oem4f (.text:TimerFree)
                  000144f8    00000014     eth_network.obj (.text:connect)
                  0001450c    00000014     main.obj (.text:initSamplesTask)
                  00014520    00000014     rtsv7M4_T_le_v4SPD16_eabi.lib : _lock.obj (.text)
                  00014534    00000014                                   : s_copysign.obj (.text)
                  00014548    00000014                                   : strcpy.obj (.text)
                  0001455c    00000014                                   : strlen.obj (.text)
                  00014570    00000014     eth_network.obj (.text:socket)
                  00014584    00000014     RTOS_config_pem4f.oem4f (.text:ti_ndk_config_global_taskExitHook)
                  00014598    00000014     RTOS_config_pem4f.oem4f (.text:ti_sysbios_family_arm_m3_Hwi_Object__get__S)
                  000145ac    00000004     --HOLE-- [fill = 0]
                  000145b0    00000014     sysbios.aem4f : BIOS.obj (.text:ti_sysbios_family_arm_m3_Hwi_switchFromBootStack__E)
                  000145c4    00000014     RTOS_config_pem4f.oem4f (.text:ti_sysbios_heaps_HeapMem_Object__get__S)
                  000145d8    00000014     RTOS_config_pem4f.oem4f (.text:ti_sysbios_knl_Swi_Object__get__S)
                  000145ec    00000014     RTOS_config_pem4f.oem4f (.text:ti_sysbios_knl_Task_Object__first__S)
                  00014600    00000014     RTOS_config_pem4f.oem4f (.text:ti_sysbios_knl_Task_Object__next__S)
                  00014614    00000012     driverlib.lib : adc.obj (.text:ADCHardwareOversampleConfigure)
                  00014626    00000012                   : gpio.obj (.text:GPIOPinTypeADC)
                  00014638    00000012                   : gpio.obj (.text:GPIOPinTypeEthernetLED)
                  0001464a    00000012     stk.aem4f : sockprot.oem4f (.text:SockPrAttach)
                  0001465c    00000012               : sockint.oem4f (.text:SockSetOOBData)
                  0001466e    00000012     driverlib.lib : timer.obj (.text:TimerLoadSet)
                  00014680    00000012     nettool_ipv4.aem4f : inetaddr.oem4f (.text:inet_addr)
                  00014692    00000006     driverlib.lib : gpio.obj (.text:GPIOIntClear)
                  00014698    00000012     sysbios.aem4f : BIOS.obj (.text:ti_sysbios_hal_Hwi_Module_startup__E)
                  000146aa    00000006     driverlib.lib : gpio.obj (.text:GPIOPinWrite)
                  000146b0    00000012     sysbios.aem4f : BIOS.obj (.text:ti_sysbios_knl_Semaphore_reset__E)
                  000146c2    00000012     RTOS_config_pem4f.oem4f (.text:xdc_runtime_Startup_exec__I)
                  000146d4    00000010     RTOS_config_pem4f.oem4f (.text:.bootCodeSection:ti_catalog_arm_cortexm4_tiva_ce_Boot_init__I)
                  000146e4    00000010     driverlib.lib : adc.obj (.text:ADCSequenceDMAEnable)
                  000146f4    00000010     stk.aem4f : bind.oem4f (.text:BindIF2IPHost)
                  00014704    00000010               : bind.oem4f (.text:BindIFNet2IPHost)
                  00014714    00000010     driverlib.lib : emac.obj (.text:EMACFrameFilterSet)
                  00014724    00000010     stk.aem4f : exec.oem4f (.text:ExecHRef)
                  00014734    00000010     netctrl_min_ipv4.aem4f : netctrl.oem4f (.text:NC_IPUpdate)
                  00014744    00000010     stk.aem4f : nimu.oem4f (.text:NIMUGetRsvdSizeInfo)
                  00014754    00000010     eth_network.obj (.text:WebSocketReadChar)
                  00014764    00000004     --HOLE-- [fill = 0]
                  00014768    00000010     sysbios.aem4f : BIOS.obj (.text:ti_sysbios_BIOS_getCpuFreq__E)
                  00014778    00000010                   : BIOS.obj (.text:ti_sysbios_BIOS_setThreadType__E)
                  00014788    00000010                   : BIOS.obj (.text:ti_sysbios_BIOS_start__E)
                  00014798    00000010                   : m3_TaskSupport_asm.obj (.text:ti_sysbios_family_arm_m3_TaskSupport_glue)
                  000147a8    00000010                   : BIOS.obj (.text:ti_sysbios_gates_GateMutex_Instance_finalize__E)
                  000147b8    00000010                   : BIOS.obj (.text:ti_sysbios_knl_Semaphore_Instance_finalize__E)
                  000147c8    00000010                   : BIOS.obj (.text:ti_sysbios_knl_Swi_disable__E)
                  000147d8    00000010     RTOS_config_pem4f.oem4f (.text:ti_sysbios_knl_Task_Object__get__S)
                  000147e8    00000010     sysbios.aem4f : BIOS.obj (.text:ti_sysbios_knl_Task_disable__E)
                  000147f8    00000010     driverlib.lib : udma.obj (.text:uDMADisable)
                  00014808    00000010                   : udma.obj (.text:uDMAEnable)
                  00014818    00000010     ti.targets.arm.rtsarm.aem4f : Gate.oem4f (.text:xdc_runtime_Gate_leaveSystem__E)
                  00014828    00000010                                 : Memory.oem4f (.text:xdc_runtime_Memory_free__E)
                  00014838    00000010                                 : SysMin.oem4f (.text:xdc_runtime_SysMin_ready__E)
                  00014848    00000010                                 : System.oem4f (.text:xdc_runtime_System_vsnprintf__E)
                  00014858    00000010     RTOS_config_pem4f.oem4f (.text:xdc_runtime_Text_visitRope__I)
                  00014868    0000000e     driverlib.lib : adc.obj (.text:ADCSequenceDisable)
                  00014876    0000000e                   : adc.obj (.text:ADCSequenceEnable)
                  00014884    0000000e     drivers_tivaware.aem4f : EMACSnow.oem4f (.text:EMACSnow_emacioctl)
                  00014892    0000000e     stk.aem4f : exec.oem4f (.text:ExecLowResource)
                  000148a0    0000000e     driverlib.lib : gpio.obj (.text:GPIOIntStatus)
                  000148ae    0000000e                   : timer.obj (.text:TimerEnable)
                  000148bc    0000000e     rtsv7M4_T_le_v4SPD16_eabi.lib : copy_decompress_none.obj (.text:decompress:none)
                  000148ca    00000006     driverlib.lib : sysctl.obj (.text:SysCtlDelay)
                  000148d0    0000000e     sysbios.aem4f : BIOS.obj (.text:ti_sysbios_knl_Idle_loop__E)
                  000148de    00000002     --HOLE-- [fill = 0]
                  000148e0    0000000e                   : BIOS.obj (.text:ti_sysbios_knl_Queue_empty__E)
                  000148ee    0000000c     driverlib.lib : adc.obj (.text:ADCReferenceSet)
                  000148fa    00000002     --HOLE-- [fill = 0]
                  000148fc    0000000c     stk.aem4f : bind.oem4f (.text:BindGetFirst)
                  00014908    0000000c     nettool_ipv4.aem4f : config.oem4f (.text:CfgSetDefault)
                  00014914    0000000c     drivers_tivaware.aem4f : EMACSnow.oem4f (.text:EMACSnow_init)
                  00014920    0000000c     os.aem4f : task.oem4f (.text:NDK_hookInit)
                  0001492c    0000000c     stk.aem4f : nimu.oem4f (.text:NIMUSetRsvdSizeInfo)
                  00014938    0000000c     os.aem4f : task.oem4f (.text:NotifyLowResource)
                  00014944    0000000c     stk.aem4f : pbm.oem4f (.text:PBM_close)
                  00014950    0000000c     os.aem4f : semaphore.oem4f (.text:SemDelete)
                  0001495c    0000000c     eth_network.obj (.text:Websocket)
                  00014968    0000000c     hal_timer_bios.aem4f : lltimer.oem4f (.text:_llTimerShutdown)
                  00014974    0000000c     rtsv7M4_T_le_v4SPD16_eabi.lib : copy_zero_init.obj (.text:decompress:ZI)
                  00014980    0000000c     hal_timer_bios.aem4f : lltimer.oem4f (.text:llTimerGetStartTime)
                  0001498c    00000004     --HOLE-- [fill = 0]
                  00014990    0000000c     sysbios.aem4f : BIOS.obj (.text:ti_sysbios_BIOS_getThreadType__E)
                  0001499c    00000004     --HOLE-- [fill = 0]
                  000149a0    0000000c                   : BIOS.obj (.text:ti_sysbios_family_arm_lm4_Timer_getMaxTicks__E)
                  000149ac    0000000c     RTOS_config_pem4f.oem4f (.text:ti_sysbios_family_arm_m3_Hwi_Params__init__S)
                  000149b8    0000000c     sysbios.aem4f : BIOS.obj (.text:ti_sysbios_family_arm_m3_Hwi_disableFxn__E)
                  000149c4    00000004     --HOLE-- [fill = 0]
                  000149c8    0000000c                   : BIOS.obj (.text:ti_sysbios_family_arm_m3_TaskSupport_checkStack__E)
                  000149d4    00000004     --HOLE-- [fill = 0]
                  000149d8    0000000c                   : BIOS.obj (.text:ti_sysbios_family_arm_m3_TaskSupport_getStackAlignment__E)
                  000149e4    00000004     --HOLE-- [fill = 0]
                  000149e8    0000000c                   : BIOS.obj (.text:ti_sysbios_gates_GateHwi_enter__E)
                  000149f4    0000000c     RTOS_config_pem4f.oem4f (.text:ti_sysbios_knl_Clock_Params__init__S)
                  00014a00    0000000c     sysbios.aem4f : BIOS.obj (.text:ti_sysbios_knl_Clock_getTicks__E)
                  00014a0c    0000000c     RTOS_config_pem4f.oem4f (.text:ti_sysbios_knl_Queue_Object__get__S)
                  00014a18    0000000c     RTOS_config_pem4f.oem4f (.text:ti_sysbios_knl_Semaphore_Params__init__S)
                  00014a24    0000000c     RTOS_config_pem4f.oem4f (.text:ti_sysbios_knl_Task_Params__init__S)
                  00014a30    0000000c     sysbios.aem4f : BIOS.obj (.text:ti_sysbios_knl_Task_getIdleTask__E)
                  00014a3c    00000004     --HOLE-- [fill = 0]
                  00014a40    0000000c                   : BIOS.obj (.text:ti_sysbios_knl_Task_self__E)
                  00014a4c    0000000c     driverlib.lib : udma.obj (.text:uDMAControlBaseSet)
                  00014a58    0000000c     ti.targets.arm.rtsarm.aem4f : Error.oem4f (.text:xdc_runtime_Error_init__E)
                  00014a64    0000000c                                 : Gate.oem4f (.text:xdc_runtime_Gate_enterSystem__E)
                  00014a70    0000000c                                 : Memory.oem4f (.text:xdc_runtime_Memory_calloc__E)
                  00014a7c    0000000c                                 : Memory.oem4f (.text:xdc_runtime_Memory_getMaxDefaultTypeAlign__E)
                  00014a88    0000000a     stk.aem4f : file.oem4f (.text:fdint_signalevent)
                  00014a92    0000000a               : file.oem4f (.text:fdint_signaltimeout)
[...]
0001703c  EMAC_config                                                          
0001706c  ti_sysbios_gates_GateHwi_Object__PARAMS__C                           
00017084  ti_sysbios_gates_GateMutex_Object__PARAMS__C                         
0001709c  ti_sysbios_knl_Queue_Object__PARAMS__C                               
000170b4  ti_sysbios_knl_Task_hooks__A                                         
000170cc  GPIOTiva_config                                                      
000170e0  xdc_runtime_Startup_firstFxns__A                                     
000170f4  emacHWAttrs                                                          
00017104  xdc_runtime_Startup_sfxnRts__A                                       
00017124  EMACSnow_fxnTable                                                    
0001712c  ti_sysbios_family_arm_m3_Hwi_excHookFuncs__A                         
00017134  ti_sysbios_knl_Idle_funcList__A                                      
0001713c  ti_sysbios_knl_Idle_funcList__C                                      
00017144  ti_sysbios_knl_Task_hooks__C                                         
0001714c  xdc_runtime_Startup_firstFxns__C                                     
00017154  xdc_runtime_Startup_lastFxns__C                                      
0001715c  ti_catalog_arm_cortexm4_tiva_ce_Boot_A_mustNotUseEnhancedClockMode__C
00017160  ti_catalog_arm_cortexm4_tiva_ce_Boot_Module__diagsEnabled__C         
00017164  ti_catalog_arm_cortexm4_tiva_ce_Boot_Module__diagsIncluded__C        
00017168  ti_catalog_arm_cortexm4_tiva_ce_Boot_Module__diagsMask__C            
0001716c  ti_sysbios_family_arm_lm4_Timer_enableFunc__C                        
00017170  ti_sysbios_family_arm_lm4_Timer_numTimerDevices__C                   
00017174  ti_sysbios_family_arm_lm4_Timer_startupNeeded__C                     
00017178  ti_sysbios_family_arm_m3_Hwi_E_NMI__C                                
0001717c  ti_sysbios_family_arm_m3_Hwi_E_alreadyDefined__C                     
00017180  ti_sysbios_family_arm_m3_Hwi_E_busFault__C                           
00017184  ti_sysbios_family_arm_m3_Hwi_E_debugMon__C                           
00017188  ti_sysbios_family_arm_m3_Hwi_E_hardFault__C                          
0001718c  ti_sysbios_family_arm_m3_Hwi_E_memFault__C                           
00017190  ti_sysbios_family_arm_m3_Hwi_E_noIsr__C                              
00017194  ti_sysbios_family_arm_m3_Hwi_E_reserved__C                           
00017198  ti_sysbios_family_arm_m3_Hwi_E_svCall__C                             
0001719c  ti_sysbios_family_arm_m3_Hwi_E_usageFault__C                         
000171a0  ti_sysbios_family_arm_m3_Hwi_NUM_INTERRUPTS__C                       
000171a4  ti_sysbios_family_arm_m3_Hwi_Object__count__C                        
000171a8  ti_sysbios_family_arm_m3_Hwi_ccr__C                                  
000171ac  ti_sysbios_family_arm_m3_Hwi_excHandlerFunc__C                       
000171b0  ti_sysbios_family_arm_m3_Hwi_excHookFuncs__C                         
000171b4  ti_sysbios_family_arm_m3_Hwi_nullIsrFunc__C                          
000171b8  ti_sysbios_family_arm_m3_Hwi_priGroup__C                             
000171bc  ti_sysbios_family_arm_m3_TaskSupport_stackAlignment__C               
000171c0  ti_sysbios_gates_GateMutex_Instance_State_sem__O                     
000171c4  ti_sysbios_hal_Hwi_E_stackOverflow__C                                
000171c8  ti_sysbios_heaps_HeapMem_E_memory__C                                 
000171cc  ti_sysbios_heaps_HeapMem_Module__gateObj__C                          
000171d0  ti_sysbios_heaps_HeapMem_Object__count__C                            
000171d4  ti_sysbios_heaps_HeapMem_reqAlign__C                                 
000171d8  ti_sysbios_knl_Clock_Module_State_clockQ__O                          
000171dc  ti_sysbios_knl_Semaphore_Instance_State_pendQ__O                     
000171e0  ti_sysbios_knl_Swi_Object__count__C                                  
000171e4  ti_sysbios_knl_Task_E_deleteNotAllowed__C                            
000171e8  ti_sysbios_knl_Task_E_spOutOfBounds__C                               
000171ec  ti_sysbios_knl_Task_E_stackOverflow__C                               
000171f0  ti_sysbios_knl_Task_Module_State_inactiveQ__O                        
000171f4  ti_sysbios_knl_Task_Module_State_terminatedQ__O                      
000171f8  ti_sysbios_knl_Task_Object__count__C                                 
000171fc  ti_sysbios_knl_Task_Object__heap__C                                  
00017200  ti_sysbios_knl_Task_allBlockedFunc__C                                
00017204  ti_sysbios_knl_Task_defaultStackHeap__C                              
00017208  ti_sysbios_knl_Task_defaultStackSize__C                              
0001720c  ti_sysbios_knl_Task_numConstructedTasks__C                           
00017210  xdc_runtime_Assert_E_assertFailed__C                                 
00017214  xdc_runtime_Core_A_initializedParams__C                              
00017218  xdc_runtime_Core_Module__diagsEnabled__C                             
0001721c  xdc_runtime_Core_Module__diagsIncluded__C                            
00017220  xdc_runtime_Core_Module__diagsMask__C                                
00017224  xdc_runtime_Error_E_memory__C                                        
00017228  xdc_runtime_Error_Module__diagsEnabled__C                            
0001722c  xdc_runtime_Error_Module__diagsIncluded__C                           
00017230  xdc_runtime_Error_Module__diagsMask__C                               
00017234  xdc_runtime_Error_Module__loggerFxn8__C                              
00017238  xdc_runtime_Error_Module__loggerObj__C                               
0001723c  xdc_runtime_Error_policyFxn__C                                       
00017240  xdc_runtime_Error_raiseHook__C                                       
00017244  xdc_runtime_IGateProvider_Interface__BASE__C                         
00017248  xdc_runtime_IHeap_Interface__BASE__C                                 
0001724c  xdc_runtime_IModule_Interface__BASE__C                               
00017250  xdc_runtime_Log_L_error__C                                           
00017254  xdc_runtime_Memory_defaultHeapInstance__C                            
00017258  xdc_runtime_Startup_execImpl__C                                      
0001725c  xdc_runtime_Startup_maxPasses__C                                     
00017260  xdc_runtime_Startup_sfxnRts__C                                       
00017264  xdc_runtime_Startup_sfxnTab__C                                       
00017268  xdc_runtime_SysMin_bufSize__C                                        
0001726c  xdc_runtime_SysMin_outputFunc__C                                     
00017270  xdc_runtime_System_Module__gateObj__C                                
00017274  xdc_runtime_System_abortFxn__C                                       
00017278  xdc_runtime_System_exitFxn__C                                        
0001727c  xdc_runtime_System_extendFxn__C                                      
00017280  xdc_runtime_System_maxAtexitHandlers__C                              
00017284  xdc_runtime_Text_charTab__C                                          
00017288  xdc_runtime_Text_nameEmpty__C                                        
0001728c  xdc_runtime_Text_nameStatic__C                                       
00017290  xdc_runtime_Text_nameUnknown__C                                      
00017294  xdc_runtime_Text_nodeTab__C                                          
00017298  xdc_runtime_Text_visitRopeFxn__C                                     
0001729c  ti_sysbios_heaps_HeapMem_Module__id__C                               
0001729e  ti_sysbios_knl_Task_Module__id__C                                    
000172a0  xdc_runtime_Core_Module__id__C                                       
000172a2  xdc_runtime_Error_Module__loggerDefined__C                           
000172a4  xdc_runtime_Error_maxDepth__C                                        
000172a6  xdc_runtime_Memory_Module__id__C                                     
000172a8  xdc_runtime_SysMin_flushAtExit__C                                    
000172aa  xdc_runtime_Text_charCnt__C                                          
000172ac  xdc_runtime_Text_isLoaded__C                                         
000172ae  xdc_runtime_Text_registryModsLastId__C                               
000172b0  xdc_runtime_Text_unnamedModsLastId__C                                
000172b8  __TI_static_base__                                                   
000176a4  __TI_Handler_Table_Base                                              
000176b0  __TI_Handler_Table_Limit                                             
000176c0  __TI_CINIT_Base                                                      
000176d8  __TI_CINIT_Limit                                                     
20000000  ti_sysbios_family_arm_m3_Hwi_ramVectors                              
20000400  ti_sysbios_heaps_HeapMem_Instance_State_0_buf__A                     
20005400  ti_ndk_config_Global_pit                                             
200054a8  ti_ndk_config_Global_pitBuffer                                       
20009ca8  _ICMPIn                                                              
20009cf4  PBMQ_free                                                            
20009d00  ti_ndk_config_Global_pBufMem                                         
2000d900  ti_ndk_config_Global_pHdrMem                                         
2000dc00  udmaCtrlTable                                                        
2000ec00  ti_sysbios_knl_Task_Instance_State_0_stack__A                        
2000ee00  ti_sysbios_knl_Task_Instance_State_1_stack__A                        
2000f400  ti_sysbios_knl_Task_Instance_State_2_stack__A                        
2000f600  g_uint16_adc0_ping                                                   
2000fe00  g_uint16_adc0_pong                                                   
20010600  g_uint16_adc1_ping                                                   
20010e00  g_uint16_adc1_pong                                                   
20011600  ti_sysbios_family_arm_m3_Hwi_dispatchTable                           
20011960  __CIOBUF_                                                            
20011b80  ip_domain                                                            
20011c48  path                                                                 
20011d10  tcps                                                                 
20011e7c  __TI_tmpnams                                                         
200120cc  xdc_runtime_SysMin_Module_State_0_outbuf__A                          
2001214c  ips                                                                  
200121b4  nimu_mcb                                                             
20012218  _ICMPOut                                                             
200122a4  vlan_mcb                                                             
200122f0  udps                                                                 
20012330  BlockCount                                                           
2001234c  BlockMax                                                             
20012368  PageCount                                                            
20012384  PageMax                                                              
200123a0  stkEvent                                                             
200123dc  raweths                                                              
200123ec  raws                                                                 
200123fc  tpseudo                                                              
20012408  upseudo                                                              
20012414  emacObjects                                                          
20012440  _IGMPInDiscard                                                       
20012444  _IGMPInQuery                                                         
20012448  _IGMPInQueryGroup                                                    
2001244c  _IGMPInResponse                                                      
20012450  _IGMPOutResponse                                                     
20012454  g_ulStatus                                                           
20012468  lSocket                                                              
2001246c  port                                                                 
20012470  raweth_pcb                                                           
20012474  ti_sysbios_knl_Task_Instance_State_0_hookEnv__A                      
20012478  ti_sysbios_knl_Task_Instance_State_1_hookEnv__A                      
2001247c  ti_sysbios_knl_Task_Instance_State_2_hookEnv__A                      
20012480  _ftable                                                              
20012570  ti_sysbios_knl_Task_Object__table__V                                 
20012724  _ipcfg                                                               
200127d8  ti_sysbios_knl_Swi_Module_State_0_readyQ__A                          
20012858  ti_sysbios_knl_Task_Module_State_0_readyQ__A                         
20012926  ti_sysbios_family_arm_m3_Hwi_Module_State_0_excActive__A             
20012928  ti_sysbios_family_arm_m3_Hwi_Object__table__V                        
20012970  ti_sysbios_knl_Task_Module__state__V                                 
20012a34  ti_sysbios_family_arm_lm4_Timer_Module_State_0_device__A             
20012a74  ti_sysbios_family_arm_lm4_Timer_Object__table__V                     
20012ab4  ti_sysbios_gates_GateMutex_Object__table__V                          
20012b20  ti_sysbios_family_arm_m3_Hwi_Module__state__V                        
20012b54  enablePrefetch                                                       
20012b58  phyCounter                                                           
20012b86  xdc_runtime_Error_Module__state__V                                   
20012bb8  ti_sysbios_knl_Swi_Object__table__V                                  
20012be8  ti_sysbios_knl_Clock_Module__state__V                                
20012c14  pstrMsgName                                                          
20012c3c  _oscfg                                                               
20012c60  PITCount                                                             
20012c64  PITUsed                                                              
20012c68  PITHigh                                                              
20012c84  ti_sysbios_BIOS_Module__state__V                                     
20012ca8  ti_sysbios_family_arm_lm4_Timer_Module_State_0_handles__A            
20012ce4  ti_ndk_config_Global_Id2Size                                         
20012d00  ti_sysbios_knl_Swi_Module__state__V                                  
20012d1c  ti_ndk_config_Global_HostName                                        
20012d20  LocalIPAddr                                                          
20012d24  LocalIPMask                                                          
20012d28  GatewayIP                                                            
20012d2c  DomainName                                                           
20012d30  __xdc__init__addr                                                    
20012d64  ti_sysbios_heaps_HeapMem_Object__table__V                            
20012d90  ti_sysbios_knl_Semaphore_Object__table__V                            
20012da4  gpioPinConfigs                                                       
20012db4  __TI_ft_end                                                          
20012db8  __aeabi_stdin                                                        
20012dbc  __aeabi_stdout                                                       
20012dc0  __aeabi_stderr                                                       
20012dcc  _IGMPForceVersion1                                                   
20012dd4  __TI_cleanup_ptr                                                     
20012dd8  __TI_dtors_ptr                                                       
20012ddc  __TI_enable_exit_profile_output                                      
20012de0  ti_sysbios_family_arm_lm4_Timer_Module__state__V                     
20012dec  xdc_runtime_SysMin_Module__state__V                                  
20012e04  _lock                                                                
20012e08  _unlock                                                              
20012e0c  NIMUDeviceTable                                                      
20012e14  gpioCallbackFunctions                                                
20012e2c  _ICMPInErrors                                                        
20012e30  _ICMPOutErrors                                                       
20012e34  _IPExecuting                                                         
20012e4c  tcp_iss                                                              
20012e50  ptTimeFirst                                                          
20012e5c  ti_sysbios_family_arm_m3_Hwi_Module__root__V                         
20012e64  ti_sysbios_gates_GateHwi_Module__root__V                             
20012e6c  ti_sysbios_gates_GateMutex_Module__root__V                           
20012e74  ti_sysbios_heaps_HeapMem_Module__root__V                             
20012e7c  ti_sysbios_knl_Clock_Module__root__V                                 
20012e84  ti_sysbios_knl_Queue_Module__root__V                                 
20012e8c  ti_sysbios_knl_Semaphore_Module__root__V                             
20012e94  ti_sysbios_knl_Swi_Module__root__V                                   
20012e9c  ti_sysbios_knl_Task_Module__root__V                                  
20012ea4  xdc_runtime_Registry_Module__state__V                                
20012eac  xdc_runtime_Startup_Module__state__V                                 
20012eb4  xdc_runtime_System_Module_State_0_atexitHandlers__A                  
20012ebc  xdc_runtime_System_Module__state__V                                  
20012ec4  macAddress                                                           
20012ee4  errno                                                                
20012eec  main_func_sp                                                         
20012ef8  _IPReasmPtr                                                          
20012f08  ti_sysbios_family_arm_m3_Hwi_Module_State_0_excContext__A            
20012f0c  ti_sysbios_family_arm_m3_Hwi_Module_State_0_excStack__A              
20012f10  ti_sysbios_gates_GateHwi_Object__table__V                            
20012f14  ti_sysbios_knl_Task_Module_State_0_idleTask__A                       
20012f18  xdc_runtime_Memory_Module__state__V                                  
20012f1c  __stack                                                              
2001371c  __STACK_END                                                          
e000e000  ti_sysbios_family_arm_m3_Hwi_nvic                                    
ffffffff  __TI_pprof_out_hndl                                                  
ffffffff  __TI_prof_data_size                                                  
ffffffff  __TI_prof_data_start                                                 
ffffffff  __binit__                                                            
ffffffff  __c_args__                                                           
ffffffff  binit                                                                
UNDEFED   SHT$$INIT_ARRAY$$Base                                                
UNDEFED   SHT$$INIT_ARRAY$$Limit                                               

[1112 symbols]
