******************************************************************************
                  TI ARM Linker PC v16.9.3                     
******************************************************************************
>> Linked Sat Oct 28 17:13:20 2017

OUTPUT FILE NAME:   <TM4C_RTOS_Template.out>
ENTRY POINT SYMBOL: "_c_int00"  address: 0000d63d


MEMORY CONFIGURATION

         name            origin    length      used     unused   attr    fill
----------------------  --------  ---------  --------  --------  ----  --------
  FLASH                 00000000   00100000  000144eb  000ebb15  R  X
  SRAM                  20000000   00040000  00013250  0002cdb0  RW X


SEGMENT ALLOCATION MAP

run origin  load origin   length   init length attrs members
----------  ----------- ---------- ----------- ----- -------
00000000    00000000    000144f8   000144f8    r-x
  00000000    00000000    0000003c   0000003c    r-- .resetVecs
  00000040    00000040    00011a9a   00011a9a    r-x .text
  00011adc    00011adc    0000263d   0000263d    r-- .const
  00014120    00014120    000003d8   000003d8    r-- .cinit
20000000    20000000    00000360   00000000    rw-
  20000000    20000000    00000360   00000000    rw- .vecs
20000400    20000400    00012ef0   00000000    rw-
  20000400    20000400    00011e30   00000000    rw- .bss
  20012230    20012230    000008c0   00000000    rw- .data
  20012af0    20012af0    00000800   00000000    rw- .stack


SECTION ALLOCATION MAP

 output                                  attributes/
section   page    origin      length       input sections
--------  ----  ----------  ----------   ----------------
.text      0    00000040    00011a9a     
                  00000040    00000c68     stk.aem4f : tcpin.oem4f (.text:TcpInput)
                  00000ca8    000008b8               : tcpout.oem4f (.text:TcpOutput)
                  00001560    00000430     sysbios.aem4f : BIOS.obj (.text:ti_sysbios_family_arm_m3_Hwi_excDumpRegs__I)
                  00001990    00000408     stk.aem4f : ipout.oem4f (.text:IPTxPacket)
                  00001d98    00000384               : ipin.oem4f (.text:IPRxPacket)
                  0000211c    0000034c     ti.targets.arm.rtsarm.aem4f : System.oem4f (.text:xdc_runtime_System_doPrint__I)
                  00002468    00000324     rtsv7M4_T_le_v4SPD16_eabi.lib : trgdrv.obj (.text)
                  0000278c    00000284     stk.aem4f : sock.oem4f (.text:SockSet)
                  00002a10    0000024c               : ipfrag.oem4f (.text:IPReasm)
                  00002c5c    0000023c               : icmpin.oem4f (.text:ICMPInput)
                  00002e98    00000238               : udp.oem4f (.text:UdpInput)
                  000030d0    00000204     driverlib.lib : sysctl.obj (.text:SysCtlClockFreqSet)
                  000032d4    00000204     Boot.aem4f : Boot_sysctl.oem4f (.text:ti_catalog_arm_cortexm4_tiva_ce_Boot_sysCtlClockFreqSetI__I)
                  000034d8    000001fc     sysbios.aem4f : BIOS.obj (.text:ti_sysbios_family_arm_m3_Hwi_excHandlerMax__I)
                  000036d4    000001f4     stk.aem4f : sock.oem4f (.text:SockRecv)
                  000038c8    000001b8     drivers_tivaware.aem4f : EMACSnow.oem4f (.text:EMACSnow_NIMUInit)
                  00003a80    000001b0     stk.aem4f : lliout.oem4f (.text:LLITxIpPacket)
                  00003c30    000001ac               : lliin.oem4f (.text:LLIRxPacket)
                  00003ddc    0000019c     os.aem4f : mem.oem4f (.text:mmAlloc)
                  00003f78    00000198     stk.aem4f : igmp.oem4f (.text:IGMPInput)
                  00004110    00000190               : sock.oem4f (.text:SockNew)
                  000042a0    00000174     netctrl_min_ipv4.aem4f : netctrl.oem4f (.text:NC_NetStart)
                  00004414    00000004     driverlib.lib : adc.obj (.text:ADCIntClearEx)
                  00004418    00000174     sysbios.aem4f : BIOS.obj (.text:ti_sysbios_family_arm_m3_Hwi_excBusFault__I)
                  0000458c    00000170     stk.aem4f : rtc.oem4f (.text:RTCReport)
                  000046fc    0000016a               : sb.oem4f (.text:SBRead)
                  00004866    00000002     hal_userled_stub.aem4f : llled.oem4f (.text:LED_TOGGLE)
                  00004868    00000164     sysbios.aem4f : BIOS.obj (.text:ti_sysbios_family_arm_m3_Hwi_excUsageFault__I)
                  000049cc    00000160     stk.aem4f : sock.oem4f (.text:SockConnect)
                  00004b2c    00000158     nettool_ipv4.aem4f : dhcpmain.oem4f (.text:DHCPOpen)
                  00004c84    00000150     drivers_tivaware.aem4f : GPIOTiva.oem4f (.text:GPIO_setConfig)
                  00004dd4    00000004     stk.aem4f : bind.oem4f (.text:BindGetIF)
                  00004dd8    00000150     sysbios.aem4f : BIOS.obj (.text:ti_sysbios_knl_Task_Instance_finalize__E)
                  00004f28    00000148                   : BIOS.obj (.text:ti_sysbios_family_arm_m3_Hwi_excMemFault__I)
                  00005070    00000144     stk.aem4f : bind.oem4f (.text:BindNew)
                  000051b4    00000140               : tcp.oem4f (.text:TcpTimeoutCheck)
                  000052f4    0000013c     nettool_ipv4.aem4f : config.oem4f (.text:CfgAddEntry)
                  00005430    0000013c     stk.aem4f : sockint.oem4f (.text:SockNotify)
                  0000556c    0000013c               : sock.oem4f (.text:SockSend)
                  000056a8    00000138     sysbios.aem4f : BIOS.obj (.text:ti_sysbios_knl_Semaphore_pend__E)
                  000057e0    00000134     stk.aem4f : icmp.oem4f (.text:ICMPGenPacket)
                  00005914    00000130     driverlib.lib : gpio.obj (.text:GPIOPadConfigSet)
                  00005a44    0000012c     EK_TM4C1294XL.obj (.text:EK_TM4C1294XL_initEMAC)
                  00005b70    00000124     stk.aem4f : sockpcb.oem4f (.text:SockPcbResolve)
                  00005c94    00000124               : udp.oem4f (.text:UdpOutput)
                  00005db8    00000124     RTOS_config_pem4f.oem4f (.text:ti_ndk_config_Global_stackThread)
                  00005edc    00000118     stk.aem4f : tcpout.oem4f (.text:TcpGenPacket)
                  00005ff4    00000118     ti.targets.arm.rtsarm.aem4f : Error.oem4f (.text:xdc_runtime_Error_policyDefault__E)
                  0000610c    00000114     stk.aem4f : nimu.oem4f (.text:NIMUIoctl)
                  00006220    00000110               : node.oem4f (.text:NodeTreeFree)
                  00006330    00000110               : raw.oem4f (.text:RawInput)
                  00006440    0000010c               : rtable.oem4f (.text:RtFind)
                  0000654c    0000010a               : route.oem4f (.text:RtCreate)
                  00006656    00000002               : nat.oem4f (.text:NatMsg)
                  00006658    00000108     drivers_tivaware.aem4f : EMACSnow.oem4f (.text:EMACSnow_emacStart)
                  00006760    00000108     sysbios.aem4f : BIOS.obj (.text:ti_sysbios_family_arm_lm4_Timer_start__E)
                  00006868    00000104     os.aem4f : task.oem4f (.text:llEnter)
                  0000696c    00000102     nettool_ipv4.aem4f : dhcppkt.oem4f (.text:dhcpPacketProcess)
                  00006a6e    00000102                        : inetaddr.oem4f (.text:inet_aton)
                  00006b70    00000100     stk.aem4f : igmp.oem4f (.text:IGMPSendReply)
                  00006c70    00000100     adc_sample.obj (.text:adcPinConfig)
                  00006d70    00000100     ti.targets.arm.rtsarm.aem4f : Core-mem.oem4f (.text:xdc_runtime_Core_createObject__I)
                  00006e70    000000fc     netctrl_min_ipv4.aem4f : netctrl.oem4f (.text:NetScheduler)
                  00006f6c    000000f8     adc_sample.obj (.text:ADC_init)
                  00007064    000000f8     stk.aem4f : pipe.oem4f (.text:PipeRecv)
                  0000715c    000000f8     ti.targets.arm.rtsarm.aem4f : Startup.oem4f (.text:xdc_runtime_Startup_startMods__I)
                  00007254    000000f8     RTOS_config_pem4f.oem4f (.text:xdc_runtime_System_printfExtend__I)
                  0000734c    000000f4     os.aem4f : task.oem4f (.text:TaskGetEnv)
                  00007440    000000f4     sysbios.aem4f : m3_Hwi_asm.obj (.text:ti_sysbios_family_arm_m3_Hwi_dispatch__I)
                  00007534    00000004     stk.aem4f : bind.oem4f (.text:BindGetNext)
                  00007538    000000f4     sysbios.aem4f : BIOS.obj (.text:ti_sysbios_knl_Task_Instance_init__E)
                  0000762c    000000f0     stk.aem4f : lliout.oem4f (.text:LLIGenArpPacket)
                  0000771c    000000f0               : sock.oem4f (.text:SockClose)
                  0000780c    00000004     os.aem4f : ossys.oem4f (.text:NDK_vsprintf)
                  00007810    000000ec     sysbios.aem4f : BIOS.obj (.text:ti_sysbios_knl_Task_postInit__I)
                  000078fc    000000e8     adc_sample.obj (.text:DMA_init)
                  000079e4    000000e8     os.aem4f : task.oem4f (.text:TaskSetEnv)
                  00007acc    000000e0     stk.aem4f : tcptime.oem4f (.text:TcpTimeoutRexmt)
                  00007bac    000000dc               : sb.oem4f (.text:SBWrite)
                  00007c88    000000dc     nettool_ipv4.aem4f : dhcpsock.oem4f (.text:dhcpSocketOpen)
                  00007d64    000000dc                        : dhcpsm.oem4f (.text:dhcpState)
                  00007e40    000000d8     stk.aem4f : node.oem4f (.text:NodeAdd)
                  00007f18    000000d8               : tcpprot.oem4f (.text:TcpPrSetOption)
                  00007ff0    000000d4     drivers_tivaware.aem4f : EMACSnow.oem4f (.text:EMACSnow_handleRx)
                  000080c4    000000d4     stk.aem4f : sockpcb.oem4f (.text:SockPcbBind)
                  00008198    000000d4     eth_network.obj (.text:tcpHandler)
                  0000826c    000000d1     stk.aem4f : nimu.oem4f (.text:NIMUReceivePacket)
                  0000833d    00000001     --HOLE-- [fill = 0]
                  0000833e    00000002     os.aem4f : task.oem4f (.text:_TaskInit)
                  00008340    000000cc     stk.aem4f : icmp.oem4f (.text:ICMPSendRtAdv)
                  0000840c    000000cc     nettool_ipv4.aem4f : dhcpbild.oem4f (.text:dhcpBuildHeader)
                  000084d8    000000cc                        : dhcpsm.oem4f (.text:dhcpIPAdd)
                  000085a4    000000cc                        : dhcppkt.oem4f (.text:dhcpVerifyMessage)
                  00008670    000000cc     sysbios.aem4f : BIOS.obj (.text:ti_sysbios_heaps_HeapMem_alloc__E)
                  0000873c    000000cc     ti.targets.arm.rtsarm.aem4f : Core-smem.oem4f (.text:xdc_runtime_Core_constructObject__I)
                  00008808    000000c8     stk.aem4f : rawethsock.oem4f (.text:RawEthSockNew)
                  000088d0    000000c8     netctrl_min_ipv4.aem4f : netsrv.oem4f (.text:SPIpNet)
                  00008998    000000c8     sysbios.aem4f : BIOS.obj (.text:ti_sysbios_knl_Task_sleep__E)
                  00008a60    000000c4     drivers_tivaware.aem4f : EMACSnow.oem4f (.text:EMACSnow_InitDMADescriptors)
                  00008b24    000000c4     stk.aem4f : igmp.oem4f (.text:IGMPJoinHostGroup)
                  00008be8    000000c4     nettool_ipv4.aem4f : dhcpsm.oem4f (.text:StateBound)
                  00008cac    000000bc     stk.aem4f : sockpcb.oem4f (.text:SockPcbFind)
                  00008d68    000000bc               : vlan.oem4f (.text:VLANDeinit)
                  00008e24    00000004               : node.oem4f (.text:NodeSetRt)
                  00008e28    000000bc     sysbios.aem4f : BIOS.obj (.text:ti_sysbios_family_arm_m3_Hwi_excDebugMon__I)
                  00008ee4    00000004     stk.aem4f : rawethsock_prot.oem4f (.text:RawEthSockPrAttach)
                  00008ee8    000000bc     sysbios.aem4f : BIOS.obj (.text:ti_sysbios_family_arm_m3_Hwi_excHardFault__I)
                  00008fa4    000000b8     EK_TM4C1294XL.obj (.text:EK_TM4C1294XL_initGeneral)
                  0000905c    000000b8     stk.aem4f : icmpin.oem4f (.text:ICMPRevSrcRoute)
                  00009114    000000b8               : lli.oem4f (.text:_LLITimeoutCheck)
                  000091cc    00000004               : rawethsock_prot.oem4f (.text:RawEthSockPrDetach)
                  000091d0    000000b8     sysbios.aem4f : BIOS.obj (.text:ti_sysbios_knl_Task_exit__E)
                  00009288    000000b4     stk.aem4f : tcptime.oem4f (.text:TcpTimeoutKeep)
                  0000933c    00000004     os.aem4f : semaphore.oem4f (.text:SemPend)
                  00009340    000000b4     sysbios.aem4f : BIOS.obj (.text:ti_sysbios_knl_Task_checkStacks__E)
                  000093f4    000000b0     stk.aem4f : rawethsock.oem4f (.text:RawEthSockSet)
                  000094a4    000000ac               : rtable.oem4f (.text:RtTimeoutCheck)
                  00009550    000000ac     RTOS_config_pem4f.oem4f (.text:ti_ndk_config_ip_init)
                  000095fc    00000004     os.aem4f : semaphore.oem4f (.text:SemPost)
                  00009600    000000ac     sysbios.aem4f : BIOS.obj (.text:ti_sysbios_family_arm_lm4_Timer_enableTiva__I)
                  000096ac    000000a8     stk.aem4f : sockint.oem4f (.text:SockCreatePacket)
                  00009754    00000004     os.aem4f : semaphore.oem4f (.text:SemReset)
                  00009758    000000a4     sysbios.aem4f : BIOS.obj (.text:ti_sysbios_knl_Task_setPri__E)
                  000097fc    000000a0     stk.aem4f : ip.oem4f (.text:IPGetRoute)
                  0000989c    000000a0     auto_init.aem4f : auto_init.oem4f (.text)
                  0000993c    000000a0     ti.targets.arm.rtsarm.aem4f : Text.oem4f (.text:xdc_runtime_Text_putMod__E)
                  000099dc    0000009e     stk.aem4f : nimu.oem4f (.text:NIMUAddEthernetHeader)
                  00009a7a    0000009e     nettool_ipv4.aem4f : dhcpbild.oem4f (.text:dhcpBuildRequest)
                  00009b18    0000009c     stk.aem4f : exec.oem4f (.text:ExecOpen)
                  00009bb4    0000009c     rtsv7M4_T_le_v4SPD16_eabi.lib : memcpy_t2.obj (.text)
                  00009c50    0000009c     sysbios.aem4f : BIOS.obj (.text:ti_sysbios_knl_Task_schedule__I)
                  00009cec    0000009a     ti.targets.arm.rtsarm.aem4f : Text.oem4f (.text:xdc_runtime_Text_putSite__E)
                  00009d86    00000002     os.aem4f : task.oem4f (.text:_TaskShutdown)
                  00009d88    00000098     netctrl_min_ipv4.aem4f : netctrl.oem4f (.text:NC_SystemOpen)
                  00009e20    00000098                            : netsrv.oem4f (.text:ServiceScan)
                  00009eb8    00000098     Boot.aem4f : Boot.oem4f (.text:ti_catalog_arm_cortexm4_tiva_ce_Boot_sysCtlClockFreqSet__E)
                  00009f50    00000094     nettool_ipv4.aem4f : config.oem4f (.text:CfgRemoveEntry)
                  00009fe4    00000004     os.aem4f : task.oem4f (.text:TaskSelf)
                  00009fe8    00000094     sysbios.aem4f : BIOS.obj (.text:ti_sysbios_family_arm_m3_Hwi_Instance_init__E)
                  0000a07c    00000004     os.aem4f : task.oem4f (.text:TaskSetPri)
                  0000a080    00000094     sysbios.aem4f : BIOS.obj (.text:ti_sysbios_family_arm_m3_Hwi_initNVIC__E)
                  0000a114    00000090     nettool_ipv4.aem4f : config.oem4f (.text:CfgExecute)
                  0000a1a4    00000090     stk.aem4f : igmp.oem4f (.text:IGMPMsg)
                  0000a234    00000090     os.aem4f : mem.oem4f (.text:mmBulkAlloc)
                  0000a2c4    00000004     driverlib.lib : timer.obj (.text:TimerADCEventSet)
                  0000a2c8    00000090     sysbios.aem4f : BIOS.obj (.text:ti_sysbios_knl_Task_Module_startup__E)
                  0000a358    00000090                   : BIOS.obj (.text:ti_sysbios_knl_Task_startCore__E)
                  0000a3e8    0000008c     drivers_tivaware.aem4f : GPIOTiva.oem4f (.text:GPIO_init)
                  0000a474    0000008c     stk.aem4f : ip.oem4f (.text:IPMsg)
                  0000a500    0000008c     os.aem4f : mem.oem4f (.text:_mmInit)
                  0000a58c    0000008c              : mem.oem4f (.text:mmInitPage)
                  0000a618    0000008c     sysbios.aem4f : m3_TaskSupport_asm.obj (.text:ti_sysbios_family_arm_m3_TaskSupport_buildTaskStack)
                  0000a6a4    0000008a     netctrl_min_ipv4.aem4f : netsrv.oem4f (.text:SPRoute)
                  0000a72e    00000002     hal_ser_stub.aem4f : llserstb.oem4f (.text:_llSerialServiceCheck)
                  0000a730    00000088     netctrl_min_ipv4.aem4f : netsrv.oem4f (.text:ServiceSpawn)
                  0000a7b8    00000088     stk.aem4f : sockpcb.oem4f (.text:SockPcbCtlError)
                  0000a840    00000086     nettool_ipv4.aem4f : dhcpsm.oem4f (.text:StateRequesting)
                  0000a8c6    00000002     hal_ser_stub.aem4f : llserstb.oem4f (.text:_llSerialShutdown)
                  0000a8c8    00000084     nettool_ipv4.aem4f : config.oem4f (.text:CfgGetEntry)
                  0000a94c    00000084     drivers_tivaware.aem4f : EMACSnow.oem4f (.text:EMACSnow_processPhyInterrupt)
                  0000a9d0    00000084     stk.aem4f : tcpprot.oem4f (.text:TcpPrAttach)
                  0000aa54    00000084     os.aem4f : mem.oem4f (.text:mmBulkFree)
                  0000aad8    00000084              : mem.oem4f (.text:mmFree)
                  0000ab5c    00000004     hal_ser_stub.aem4f : llserstb.oem4f (.text:_llSerialInit)
                  0000ab60    00000084     sysbios.aem4f : BIOS.obj (.text:ti_sysbios_family_arm_m3_Hwi_postInit__I)
                  0000abe4    00000084     driverlib.lib : udma.obj (.text:uDMAChannelTransferSet)
                  0000ac68    00000082     nettool_ipv4.aem4f : dhcpsm.oem4f (.text:StateRenewRebind)
                  0000acea    00000002     hal_userled_stub.aem4f : llled.oem4f (.text:_llUserLedInit)
                  0000acec    00000080     drivers_tivaware.aem4f : EMACSnow.oem4f (.text:EMACSnow_emacStop)
                  0000ad6c    00000080                            : EMACSnow.oem4f (.text:EMACSnow_processPendingTx)
                  0000adec    00000080     stk.aem4f : lli.oem4f (.text:LLINew)
                  0000ae6c    00000080     netctrl_min_ipv4.aem4f : netsrv.oem4f (.text:NS_BootTask)
                  0000aeec    00000080     stk.aem4f : pbm.oem4f (.text:PBM_alloc)
                  0000af6c    00000080               : raw.oem4f (.text:RawOutput)
                  0000afec    0000007f     RTOS_config_pem4f.oem4f (.text:ti_ndk_config_Global_NetworkIPAddr)
                  0000b06b    00000001     --HOLE-- [fill = 0]
                  0000b06c    0000007e     stk.aem4f : fileuser.oem4f (.text:fdClose)
                  0000b0ea    00000002     hal_userled_stub.aem4f : llled.oem4f (.text:_llUserLedShutdown)
                  0000b0ec    0000007c     nettool_ipv4.aem4f : config.oem4f (.text:CfgGetNextEntry)
                  0000b168    0000007c     drivers_tivaware.aem4f : EMACSnow.oem4f (.text:EMACSnow_hwiIntFxn)
                  0000b1e4    0000007c     stk.aem4f : igmp.oem4f (.text:IGMPDoMCast)
                  0000b260    0000007c               : igmp.oem4f (.text:IGMPJoin)
                  0000b2dc    0000007c               : socket.oem4f (.text:NDK_setsockopt)
                  0000b358    0000007c               : nimu.oem4f (.text:NIMURegister)
                  0000b3d4    0000007c               : pbm.oem4f (.text:PBM_free)
                  0000b450    0000007c     sysbios.aem4f : BIOS.obj (.text:ti_sysbios_heaps_HeapMem_free__E)
                  0000b4cc    0000007a     driverlib.lib : adc.obj (.text:ADCSequenceStepConfigure)
                  0000b546    0000007a     rtsv7M4_T_le_v4SPD16_eabi.lib : memset_t2.obj (.text)
                  0000b5c0    00000078     driverlib.lib : emac.obj (.text:EMACInit)
                  0000b638    00000078     stk.aem4f : socket.oem4f (.text:NDK_sendto)
                  0000b6b0    00000078               : tcptime.oem4f (.text:TcpXmitTimer)
                  0000b728    00000078               : fileuser.oem4f (.text:fdOpenSession)
                  0000b7a0    00000078     os.aem4f : task.oem4f (.text:llExit)
                  0000b818    00000076     stk.aem4f : pipe.oem4f (.text:PipeSend)
                  0000b88e    00000002     hal_ser_stub.aem4f : llserstb.oem4f (.text:llSerialService)
                  0000b890    00000075     stk.aem4f : tcptime.oem4f (.text:TcpTimeoutSackRexmt)
                  0000b905    00000001     --HOLE-- [fill = 0]
                  0000b906    00000002     rtsv7M4_T_le_v4SPD16_eabi.lib : i_div0.obj (.text)
                  0000b908    00000074     stk.aem4f : igmp.oem4f (.text:IGMPLeaveHostGroup)
                  0000b97c    00000074               : nimu.oem4f (.text:NIMUShutdown)
                  0000b9f0    00000074               : raweth.oem4f (.text:RawEthRxPacket)
                  0000ba64    00000074               : sockpcb.oem4f (.text:SockPcbConnect)
                  0000bad8    00000074     eth_network.obj (.text:netOpenHook)
                  0000bb4c    00000072     os.aem4f : semaphore.oem4f (.text:SemCreateBinary)
                  0000bbbe    00000002     RTOS_config_pem4f.oem4f (.text:ti_ndk_config_Global_NetworkClose)
                  0000bbc0    00000070     adc_sample.obj (.text:ADC_Seq0_ISR)
                  0000bc30    00000070     stk.aem4f : socket.oem4f (.text:NDK_send)
                  0000bca0    00000070               : rtable.oem4f (.text:RtFlush)
                  0000bd10    00000070     netctrl_min_ipv4.aem4f : netsrv.oem4f (.text:SPConfig)
                  0000bd80    00000070     stk.aem4f : sock.oem4f (.text:SockShutdown)
                  0000bdf0    00000070     nettool_ipv4.aem4f : dhcptags.oem4f (.text:dhcpDecodeType)
                  0000be60    0000006e     stk.aem4f : socket.oem4f (.text:NDK_recv)
                  0000bece    00000002     RTOS_config_pem4f.oem4f (.text:ti_sysbios_BIOS_nullFunc__I)
                  0000bed0    0000006e     stk.aem4f : rtable.oem4f (.text:RtWalkNext)
                  0000bf3e    0000006e               : sockpcb.oem4f (.text:SockPcbFindRaw)
                  0000bfac    0000006d               : node.oem4f (.text:NodeNew)
                  0000c019    00000001     --HOLE-- [fill = 0]
                  0000c01a    00000002     RTOS_config_pem4f.oem4f (.text:xdc_runtime_Startup_reset__I)
                  0000c01c    0000006d     ti.targets.arm.rtsarm.aem4f : System.oem4f (.text:xdc_runtime_System_formatNum__I)
                  0000c089    00000003     --HOLE-- [fill = 0]
                  0000c08c    0000006c     adc_sample.obj (.text:ADC_Seq1_ISR)
                  0000c0f8    0000006c     os.aem4f : ossys.oem4f (.text:DbgPrintf)
                  0000c164    0000006c     stk.aem4f : node.oem4f (.text:NodeTreeNew)
                  0000c1d0    0000006c               : raweth.oem4f (.text:RawEthTxPacket)
                  0000c23c    0000006c               : udp.oem4f (.text:UdpChecksum)
                  0000c2a8    0000006c     sysbios.aem4f : BIOS.obj (.text:ti_sysbios_knl_Clock_workFunc__E)
                  0000c314    00000004     stk.aem4f : listlib.oem4f (.text:list_get_head)
                  0000c318    0000006c     sysbios.aem4f : BIOS.obj (.text:ti_sysbios_knl_Swi_restoreHwi__E)
                  0000c384    0000006c     ti.targets.arm.rtsarm.aem4f : Error.oem4f (.text:xdc_runtime_Error_print__E)
                  0000c3f0    0000006c                                 : Memory.oem4f (.text:xdc_runtime_Memory_alloc__E)
                  0000c45c    0000006a     stk.aem4f : tcpprot.oem4f (.text:TcpPrInherit)
                  0000c4c6    00000002     --HOLE-- [fill = 0]
                  0000c4c8    00000068     driverlib.lib : interrupt.obj (.text:IntEnable)
                  0000c530    00000068     stk.aem4f : socket.oem4f (.text:NDK_socket)
                  0000c598    00000068               : pbm.oem4f (.text:PBM_open)
                  0000c600    00000068     adc_sample.obj (.text:TIMER_ADC_init)
                  0000c668    00000068     stk.aem4f : rtable.oem4f (.text:_RtNodeInsert)
                  0000c6d0    00000068     rtsv7M4_T_le_v4SPD16_eabi.lib : copy_decompress_lzss.obj (.text:decompress:lzss)
                  0000c738    00000068                                   : trgmsg.obj (.text)
                  0000c7a0    00000066     ti.targets.arm.rtsarm.aem4f : Core-mem.oem4f (.text:xdc_runtime_Core_deleteObject__I)
                  0000c806    00000002     --HOLE-- [fill = 0]
                  0000c808    00000064     nettool_ipv4.aem4f : config.oem4f (.text:CfgFree)
                  0000c86c    00000064     drivers_tivaware.aem4f : GPIOTiva.oem4f (.text:GPIO_hwiIntFxn)
                  0000c8d0    00000064     stk.aem4f : pbm.oem4f (.text:PBMQ_enq)
                  0000c934    00000064               : sockint.oem4f (.text:SockSpawnAbort)
                  0000c998    00000064     hal_timer_bios.aem4f : lltimer.oem4f (.text:llTimerTick)
                  0000c9fc    00000004     stk.aem4f : listlib.oem4f (.text:list_get_next)
                  0000ca00    00000064     sysbios.aem4f : BIOS.obj (.text:ti_sysbios_family_arm_lm4_Timer_Module_startup__E)
                  0000ca64    00000064     RTOS_config_pem4f.oem4f (.text:ti_sysbios_family_arm_m3_Hwi_create)
                  0000cac8    00000064     sysbios.aem4f : BIOS.obj (.text:ti_sysbios_family_arm_m3_Hwi_dispatchC__I)
                  0000cb2c    00000004     RTOS_config_pem4f.oem4f (.text:ti_ndk_config_Global_NetworkOpen)
                  0000cb30    00000064     sysbios.aem4f : BIOS.obj (.text:ti_sysbios_knl_Semaphore_post__E)
                  0000cb94    00000064     stk.aem4f : lliin.oem4f (.text:updateRtTable)
                  0000cbf8    00000062               : ipin.oem4f (.text:IPRouteIP)
                  0000cc5a    00000002     --HOLE-- [fill = 0]
                  0000cc5c    00000062               : sb.oem4f (.text:SBNew)
                  0000ccbe    00000002     --HOLE-- [fill = 0]
                  0000ccc0    00000060     nettool_ipv4.aem4f : config.oem4f (.text:CfgGetEntryCnt)
                  0000cd20    00000060     stk.aem4f : file.oem4f (.text:FdWaitEvent)
                  0000cd80    00000060               : nimu.oem4f (.text:NIMUUnregister)
                  0000cde0    00000060               : node.oem4f (.text:NodeFind)
                  0000ce40    00000060               : rtc.oem4f (.text:RTCMsg)
                  0000cea0    00000060               : tcp.oem4f (.text:TcpChecksum)
                  0000cf00    00000060     driverlib.lib : timer.obj (.text:TimerConfigure)
                  0000cf60    00000060     nettool_ipv4.aem4f : dhcptags.oem4f (.text:dhcpBuildOptions)
                  0000cfc0    0000005e     stk.aem4f : route.oem4f (.text:RtRemove)
                  0000d01e    0000005e     nettool_ipv4.aem4f : dhcpsm.oem4f (.text:StateSelecting)
                  0000d07c    0000005e     stk.aem4f : vlan.oem4f (.text:VLANReceivePacket)
                  0000d0da    00000002     --HOLE-- [fill = 0]
                  0000d0dc    0000005c     nettool_ipv4.aem4f : config.oem4f (.text:CfgSetExecuteOrder)
                  0000d138    0000005c     stk.aem4f : nimu.oem4f (.text:NIMUIoctlSpecialCmd)
                  0000d194    0000005c     netctrl_min_ipv4.aem4f : netsrv.oem4f (.text:SPService)
                  0000d1f0    0000005c     RTOS_config_pem4f.oem4f (.text:ti_sysbios_knl_Swi_create)
                  0000d24c    00000004     RTOS_config_pem4f.oem4f (.text:ti_sysbios_BIOS_RtsGateProxy_enter__E)
                  0000d250    0000005c     sysbios.aem4f : BIOS.obj (.text:ti_sysbios_knl_Swi_run__I)
                  0000d2ac    00000004     RTOS_config_pem4f.oem4f (.text:ti_sysbios_BIOS_RtsGateProxy_leave__E)
                  0000d2b0    0000005c     sysbios.aem4f : BIOS.obj (.text:ti_sysbios_knl_Swi_schedule__I)
                  0000d30c    0000005c     RTOS_config_pem4f.oem4f (.text:ti_sysbios_knl_Task_create)
                  0000d368    0000005c     sysbios.aem4f : BIOS.obj (.text:ti_sysbios_knl_Task_unblockI__E)
                  0000d3c4    0000005b     ti.targets.arm.rtsarm.aem4f : Text.oem4f (.text:xdc_runtime_Text_putLab__E)
                  0000d41f    00000001     --HOLE-- [fill = 0]
                  0000d420    0000005a     stk.aem4f : route.oem4f (.text:RtRedirect)
                  0000d47a    0000005a               : tcpprot.oem4f (.text:TcpValidateMetrics)
                  0000d4d4    0000005a     nettool_ipv4.aem4f : dhcpbild.oem4f (.text:dhcpBuildDecline)
                  0000d52e    0000005a     os.aem4f : mem.oem4f (.text:mmCopy)
                  0000d588    0000005a     RTOS_config_pem4f.oem4f (.text:ti_ndk_config_tcp_init)
                  0000d5e2    00000002     --HOLE-- [fill = 0]
                  0000d5e4    00000058     stk.aem4f : bind.oem4f (.text:BindFree)
                  0000d63c    00000058     boot.aem4f : boot.oem4f (.text)
                  0000d694    00000058     driverlib.lib : emac.obj (.text:EMACPHYConfigSet)
                  0000d6ec    00000058     stk.aem4f : igmp.oem4f (.text:IGMPTimer)
                  0000d744    00000058     os.aem4f : semaphore.oem4f (.text:SemCreate)
                  0000d79c    00000058     driverlib.lib : timer.obj (.text:TimerControlTrigger)
                  0000d7f4    00000058     sysbios.aem4f : m3_Hwi_asm_switch.obj (.text:ti_sysbios_family_arm_m3_Hwi_initStacks__E)
                  0000d84c    00000056     driverlib.lib : gpio.obj (.text:GPIOIntTypeSet)
                  0000d8a2    00000002     --HOLE-- [fill = 0]
                  0000d8a4    00000054     nettool_ipv4.aem4f : config.oem4f (.text:CfgEntryDeRef)
                  0000d8f8    00000054     stk.aem4f : igmp.oem4f (.text:IGMPLeave)
                  0000d94c    00000054               : rawethsock_pcb.oem4f (.text:RawEthSockPcbAttach)
                  0000d9a0    00000054               : sockpcb.oem4f (.text:SockCleanPcb)
                  0000d9f4    00000054               : tcptime.oem4f (.text:TcpTimeoutPersist)
                  0000da48    00000054     rtsv7M4_T_le_v4SPD16_eabi.lib : exit.obj (.text)
                  0000da9c    00000004     sysbios.aem4f : BIOS.obj (.text:ti_sysbios_family_arm_lm4_Timer_masterEnable__I)
                  0000daa0    00000054                   : BIOS.obj (.text:ti_sysbios_family_arm_lm4_Timer_initDevice__I)
                  0000daf4    00000004     RTOS_config_pem4f.oem4f (.text:ti_sysbios_family_arm_m3_Hwi_delete)
                  0000daf8    00000054     sysbios.aem4f : BIOS.obj (.text:ti_sysbios_knl_Swi_Instance_init__E)
                  0000db4c    00000054     ti.targets.arm.rtsarm.aem4f : Assert.oem4f (.text:xdc_runtime_Assert_raise__I)
                  0000dba0    00000052     stk.aem4f : tcpprot.oem4f (.text:TcpPrDetach)
                  0000dbf2    00000002     --HOLE-- [fill = 0]
                  0000dbf4    00000050     drivers_tivaware.aem4f : GPIOTiva.oem4f (.text:GPIO_setCallback)
                  0000dc44    00000050     stk.aem4f : socket.oem4f (.text:NDK_bind)
                  0000dc94    00000050               : socket.oem4f (.text:NDK_connect)
                  0000dce4    00000050               : route.oem4f (.text:RtNew)
                  0000dd34    00000050     driverlib.lib : sysctl.obj (.text:SysCtlPeripheralReset)
                  0000dd84    00000050     Boot.aem4f : Boot_sysctl.oem4f (.text:_SysCtlFrequencyGet)
                  0000ddd4    00000004     RTOS_config_pem4f.oem4f (.text:ti_sysbios_family_arm_m3_TaskSupport_Module__startupDone__S)
                  0000ddd8    00000050     sysbios.aem4f : BIOS.obj (.text:ti_sysbios_family_arm_m3_Hwi_Module_startup__E)
                  0000de28    00000050                   : BIOS.obj (.text:ti_sysbios_knl_Clock_Instance_init__E)
                  0000de78    00000050     ti.targets.arm.rtsarm.aem4f : Startup.oem4f (.text:xdc_runtime_Startup_exec__E)
                  0000dec8    00000050                                 : Text.oem4f (.text:xdc_runtime_Text_visitRope2__I)
                  0000df18    0000004e     stk.aem4f : node.oem4f (.text:NodeDeRef)
                  0000df66    0000004e     nettool_ipv4.aem4f : config.oem4f (.text:_CfgEntryScan)
                  0000dfb4    0000004c                        : ipaddr.oem4f (.text:NtAddNetwork)
                  0000e000    0000004c     stk.aem4f : sockint.oem4f (.text:SockValidateRoute)
                  0000e04c    0000004c     main.obj (.text:main)
                  0000e098    0000004c     rtsv7M4_T_le_v4SPD16_eabi.lib : cpy_tbl.obj (.text)
                  0000e0e4    00000004     RTOS_config_pem4f.oem4f (.text:ti_sysbios_heaps_HeapMem_Module_GateProxy_enter__E)
                  0000e0e8    0000004c     sysbios.aem4f : BIOS.obj (.text:ti_sysbios_heaps_HeapMem_getStats__E)
                  0000e134    00000004     RTOS_config_pem4f.oem4f (.text:ti_sysbios_heaps_HeapMem_Module_GateProxy_leave__E)
                  0000e138    0000004c     sysbios.aem4f : BIOS.obj (.text:ti_sysbios_knl_Swi_runLoop__I)
                  0000e184    00000004     RTOS_config_pem4f.oem4f (.text:ti_sysbios_knl_Clock_TimerProxy_getMaxTicks__E)
                  0000e188    0000004c     sysbios.aem4f : BIOS.obj (.text:ti_sysbios_knl_Task_allBlockedFunction__I)
                  0000e1d4    0000004a     netctrl_min_ipv4.aem4f : netsrv.oem4f (.text:ServiceKill)
                  0000e21e    0000004a     stk.aem4f : sock.oem4f (.text:SockDisconnect)
                  0000e268    0000004a               : timer.oem4f (.text:TimerNew)
                  0000e2b2    00000048     nettool_ipv4.aem4f : config.oem4f (.text:CfgNew)
                  0000e2fa    00000002     --HOLE-- [fill = 0]
                  0000e2fc    00000048     driverlib.lib : gpio.obj (.text:GPIOPinConfigure)
                  0000e344    00000048     stk.aem4f : lli.oem4f (.text:LLIMsg)
                  0000e38c    00000048               : node.oem4f (.text:NodeWalk)
                  0000e3d4    00000048               : rawethsock_pcb.oem4f (.text:RawEthSockPcbDetach)
                  0000e41c    00000048               : sockpcb.oem4f (.text:SockPcbResolveChain)
                  0000e464    00000048               : tcpprot.oem4f (.text:TcpDrop)
                  0000e4ac    00000048               : lli.oem4f (.text:_LLIExpListInsert)
                  0000e4f4    00000048               : rtable.oem4f (.text:_RtExpListInsert)
                  0000e53c    00000048     driverlib.lib : sysctl.obj (.text:_SysCtlFrequencyGet)
                  0000e584    00000048     stk.aem4f : file.oem4f (.text:fdint_lockfd)
                  0000e5cc    00000004     RTOS_config_pem4f.oem4f (.text:ti_sysbios_knl_Queue_destruct)
                  0000e5d0    00000048     sysbios.aem4f : BIOS.obj (.text:ti_sysbios_family_arm_lm4_Timer_enableTimers__I)
                  0000e618    00000048                   : BIOS.obj (.text:ti_sysbios_family_arm_m3_Hwi_disableInterrupt__E)
                  0000e660    00000048                   : BIOS.obj (.text:ti_sysbios_family_arm_m3_Hwi_enableInterrupt__E)
                  0000e6a8    00000048                   : BIOS.obj (.text:ti_sysbios_family_arm_m3_Hwi_excReserved__I)
                  0000e6f0    00000048                   : BIOS.obj (.text:ti_sysbios_knl_Task_deleteTerminatedTasksFunc__I)
                  0000e738    00000048     driverlib.lib : udma.obj (.text:uDMAChannelAttributeDisable)
                  0000e780    00000048                   : udma.obj (.text:uDMAChannelAttributeEnable)
                  0000e7c8    00000046     nettool_ipv4.aem4f : ipaddr.oem4f (.text:NtIfIdx2Ip)
                  0000e80e    00000046     stk.aem4f : rawethsock.oem4f (.text:RawEthSockSend)
                  0000e854    00000046               : tcpprot.oem4f (.text:TcpPrCtlError)
                  0000e89a    00000046     os.aem4f : mem.oem4f (.text:mmZeroInit)
                  0000e8e0    00000046     ti.targets.arm.rtsarm.aem4f : Core-params.oem4f (.text:xdc_runtime_Core_assignParams__I)
                  0000e926    00000002     --HOLE-- [fill = 0]
                  0000e928    00000044     drivers_tivaware.aem4f : EMACSnow.oem4f (.text:EMACSnow_processTransmitted)
                  0000e96c    00000044     stk.aem4f : icmp.oem4f (.text:ICMPChecksum)
                  0000e9b0    00000044               : ipfrag.oem4f (.text:IPReasmFree)
                  0000e9f4    00000044               : lli.oem4f (.text:LLIGetValidTime)
                  0000ea38    00000044               : rtable.oem4f (.text:RouteMsg)
                  0000ea7c    00000044               : rtable.oem4f (.text:RtWalkEnd)
                  0000eac0    00000044               : sockpcb.oem4f (.text:SockPcbDetach)
                  0000eb04    00000044               : timer.oem4f (.text:TimerListInsert)
                  0000eb48    00000044     hal_timer_bios.aem4f : lltimer.oem4f (.text:llTimerGetTime)
                  0000eb8c    00000004     RTOS_config_pem4f.oem4f (.text:ti_sysbios_knl_Semaphore_delete)
                  0000eb90    00000044     sysbios.aem4f : BIOS.obj (.text:ti_sysbios_family_arm_lm4_Timer_isrStub__E)
                  0000ebd4    00000004     RTOS_config_pem4f.oem4f (.text:ti_sysbios_knl_Semaphore_destruct)
                  0000ebd8    00000044     sysbios.aem4f : BIOS.obj (.text:ti_sysbios_family_arm_m3_Hwi_getStackInfo__E)
                  0000ec1c    00000004     RTOS_config_pem4f.oem4f (.text:ti_sysbios_knl_Swi_delete)
                  0000ec20    00000044     sysbios.aem4f : BIOS.obj (.text:ti_sysbios_knl_Swi_post__E)
                  0000ec64    00000044     ti.targets.arm.rtsarm.aem4f : Error.oem4f (.text:xdc_runtime_Error_setX__E)
                  0000eca8    00000044                                 : SysMin.oem4f (.text:xdc_runtime_SysMin_flush__E)
                  0000ecec    00000044                                 : Text.oem4f (.text:xdc_runtime_Text_xprintf__I)
                  0000ed30    00000042     stk.aem4f : tcpprot.oem4f (.text:TcpPrSendOOB)
                  0000ed72    00000042               : fileuser.oem4f (.text:fdCloseSession)
                  0000edb4    00000040               : lliin.oem4f (.text:LLIValidateRoute)
                  0000edf4    00000040               : pbm.oem4f (.text:PBM_copy)
                  0000ee34    00000040               : sockpcb.oem4f (.text:SockPcbRtChange)
                  0000ee74    00000040               : tcpprot.oem4f (.text:TcpPrSend)
                  0000eeb4    00000040     rtsv7M4_T_le_v4SPD16_eabi.lib : u_divt2.obj (.text)
                  0000eef4    00000004     RTOS_config_pem4f.oem4f (.text:ti_sysbios_knl_Task_delete)
                  0000eef8    00000040     sysbios.aem4f : BIOS.obj (.text:ti_sysbios_family_arm_lm4_Timer_startup__E)
                  0000ef38    00000040                   : BIOS.obj (.text:ti_sysbios_heaps_HeapMem_Instance_init__E)
                  0000ef78    0000003e     driverlib.lib : adc.obj (.text:ADCSequenceConfigure)
                  0000efb6    0000003e     nettool_ipv4.aem4f : dhcpmain.oem4f (.text:DHCPClose)
                  0000eff4    0000003e     stk.aem4f : nimu.oem4f (.text:NIMUAllocateName)
                  0000f032    0000003e     os.aem4f : task.oem4f (.text:TaskCreate)
                  0000f070    0000003e     stk.aem4f : tcpprot.oem4f (.text:TcpPrDisconnect)
                  0000f0ae    0000003e               : file.oem4f (.text:fdint_unlockfd)
                  0000f0ec    0000003c     nettool_ipv4.aem4f : config.oem4f (.text:CfgEntryGetData)
                  0000f128    0000003c     driverlib.lib : emac.obj (.text:EMACIntDisable)
                  0000f164    0000003c     stk.aem4f : node.oem4f (.text:NodeUpdatePL)
                  0000f1a0    0000003c               : rtable.oem4f (.text:RtWalkBegin)
                  0000f1dc    0000003c               : tcpprot.oem4f (.text:TcpPrConnect)
                  0000f218    0000003c               : tcptime.oem4f (.text:TcpSetPersist)
                  0000f254    0000003c               : rtc.oem4f (.text:_RTCSendRtAdv)
                  0000f290    0000003c               : rtable.oem4f (.text:_RtNodeRemove)
                  0000f2cc    0000003c     hal_timer_bios.aem4f : lltimer.oem4f (.text:_llTimerInit)
                  0000f308    0000003c     sysbios.aem4f : BIOS.obj (.text:ti_sysbios_family_arm_m3_Hwi_excSvCall__I)
                  0000f344    00000004     ti.targets.arm.rtsarm.aem4f : Error.oem4f (.text:xdc_runtime_Error_getMsg__E)
                  0000f348    0000003c     sysbios.aem4f : BIOS.obj (.text:ti_sysbios_heaps_HeapMem_init__I)
                  0000f384    00000004     ti.targets.arm.rtsarm.aem4f : Error.oem4f (.text:xdc_runtime_Error_getSite__E)
                  0000f388    0000003c     sysbios.aem4f : BIOS.obj (.text:ti_sysbios_knl_Swi_restore__E)
                  0000f3c4    0000003a     driverlib.lib : emac.obj (.text:EMACIntEnable)
                  0000f3fe    00000002     --HOLE-- [fill = 0]
                  0000f400    00000038                   : emac.obj (.text:EMACConfigGet)
                  0000f438    00000038     stk.aem4f : ipfrag.oem4f (.text:IPReasmTimeout)
                  0000f470    00000038               : node.oem4f (.text:NodeGetRt)
                  0000f4a8    00000038     driverlib.lib : sysctl.obj (.text:SysCtlPeripheralReady)
                  0000f4e0    00000038     stk.aem4f : tcpprot.oem4f (.text:TcpClose)
                  0000f518    00000038               : timer.oem4f (.text:TimerHSTick)
                  0000f550    00000038     nettool_ipv4.aem4f : dhcpbild.oem4f (.text:dhcpBuildDiscover)
                  0000f588    00000038                        : dhcptags.oem4f (.text:dhcpOptionsClear)
                  0000f5c0    00000038     stk.aem4f : file.oem4f (.text:fdint_waitevent)
                  0000f5f8    00000038     sysbios.aem4f : BIOS.obj (.text:ti_sysbios_family_arm_m3_Hwi_excNoIsr__I)
                  0000f630    00000038     RTOS_config_pem4f.oem4f (.text:ti_sysbios_knl_Clock_create)
                  0000f668    00000038     sysbios.aem4f : BIOS.obj (.text:ti_sysbios_knl_Task_processVitalTaskFlag__I)
                  0000f6a0    00000038     ti.targets.arm.rtsarm.aem4f : SysMin.oem4f (.text:xdc_runtime_SysMin_putch__E)
                  0000f6d8    00000038                                 : System.oem4f (.text:xdc_runtime_System_atexit__E)
                  0000f710    00000036     stk.aem4f : ip.oem4f (.text:IPChecksum)
                  0000f746    00000002     --HOLE-- [fill = 0]
                  0000f748    00000034     nettool_ipv4.aem4f : config.oem4f (.text:CfgSetService)
                  0000f77c    00000034     driverlib.lib : emac.obj (.text:EMACConfigSet)
                  0000f7b0    00000034                   : emac.obj (.text:EMACIntClear)
                  0000f7e4    00000034     drivers_tivaware.aem4f : EMACSnow.oem4f (.text:EMACSnow_emacPoll)
                  0000f818    00000034                            : EMACSnow.oem4f (.text:EMACSnow_isLinkUp)
                  0000f84c    00000034                            : EMAC.oem4f (.text:EMAC_init)
                  0000f880    00000034     stk.aem4f : exec.oem4f (.text:ExecClose)
                  0000f8b4    00000034               : nimu.oem4f (.text:NIMUFindByName)
                  0000f8e8    00000034               : nimu.oem4f (.text:NIMUInit)
                  0000f91c    00000034               : rawethsock.oem4f (.text:RawEthSockNotify)
                  0000f950    00000034               : sockprot.oem4f (.text:SockPrCtlError)
                  0000f984    00000034     driverlib.lib : sysctl.obj (.text:SysCtlPeripheralEnable)
                  0000f9b8    00000034     os.aem4f : mem.oem4f (.text:mmUnInitPage)
                  0000f9ec    00000004     RTOS_config_pem4f.oem4f (.text:xdc_runtime_System_Module_GateProxy_enter__E)
                  0000f9f0    00000034     sysbios.aem4f : BIOS.obj (.text:ti_sysbios_family_arm_m3_Hwi_Instance_finalize__E)
                  0000fa24    00000004     RTOS_config_pem4f.oem4f (.text:xdc_runtime_System_Module_GateProxy_leave__E)
                  0000fa28    00000034     sysbios.aem4f : BIOS.obj (.text:ti_sysbios_family_arm_m3_Hwi_excNmi__I)
                  0000fa5c    00000004     ti.targets.arm.rtsarm.aem4f : System.oem4f (.text:xdc_runtime_System_aprintf_va__F)
                  0000fa60    00000034     sysbios.aem4f : BIOS.obj (.text:ti_sysbios_hal_Hwi_checkStack)
                  0000fa94    00000034     RTOS_config_pem4f.oem4f (.text:ti_sysbios_knl_Semaphore_create)
                  0000fac8    00000034     ti.targets.arm.rtsarm.aem4f : Core-label.oem4f (.text:xdc_runtime_Core_assignLabel__I)
                  0000fafc    00000033                                 : Text.oem4f (.text:xdc_runtime_Text_printVisFxn__I)
                  0000fb2f    00000001     --HOLE-- [fill = 0]
                  0000fb30    00000032     nettool_ipv4.aem4f : config.oem4f (.text:CfgGetImmediate)
                  0000fb62    00000032     stk.aem4f : route.oem4f (.text:RtDeRef)
                  0000fb94    00000032               : route.oem4f (.text:RtSetFailure)
                  0000fbc6    00000032               : sb.oem4f (.text:SBFlush)
                  0000fbf8    00000032               : sb.oem4f (.text:SBSetMax)
                  0000fc2a    00000032               : sock.oem4f (.text:SockIntAbort)
                  0000fc5c    00000032     nettool_ipv4.aem4f : config.oem4f (.text:_CfgAcquire)
                  0000fc8e    00000032                        : dhcpsm.oem4f (.text:dhcpIPRemove)
                  0000fcc0    00000032     sysbios.aem4f : BIOS.obj (.text:ti_sysbios_hal_Hwi_initStack)
                  0000fcf2    00000006     driverlib.lib : emac.obj (.text:EMACRxDMADescriptorListSet)
                  0000fcf8    00000032     sysbios.aem4f : BIOS.obj (.text:ti_sysbios_knl_Semaphore_pendTimeout__I)
                  0000fd2a    00000030     driverlib.lib : emac.obj (.text:EMACAddrSet)
                  0000fd5a    00000002     --HOLE-- [fill = 0]
                  0000fd5c    00000030     drivers_tivaware.aem4f : EMACSnow.oem4f (.text:EMACSnow_handlePackets)
                  0000fd8c    00000030     netctrl_min_ipv4.aem4f : netsrv.oem4f (.text:NS_PreBoot)
                  0000fdbc    00000030     stk.aem4f : sock.oem4f (.text:SockBind)
                  0000fdec    00000030     nettool_ipv4.aem4f : dhcpsock.oem4f (.text:dhcpPacketSend)
                  0000fe1c    00000030     stk.aem4f : listlib.oem4f (.text:list_remove_node)
                  0000fe4c    00000030     RTOS_config_pem4f.oem4f (.text:ti_sysbios_BIOS_atExitFunc__I)
                  0000fe7c    00000004     ti.targets.arm.rtsarm.aem4f : System.oem4f (.text:xdc_runtime_System_printf_va__F)
                  0000fe80    00000030     sysbios.aem4f : BIOS.obj (.text:ti_sysbios_family_arm_lm4_Timer_stop__E)
                  0000feb0    00000030                   : BIOS.obj (.text:ti_sysbios_family_arm_m3_TaskSupport_start__E)
                  0000fee0    00000030     RTOS_config_pem4f.oem4f (.text:ti_sysbios_gates_GateHwi_Object__create__S)
                  0000ff10    00000030     RTOS_config_pem4f.oem4f (.text:ti_sysbios_gates_GateMutex_Object__create__S)
                  0000ff40    00000030     sysbios.aem4f : BIOS.obj (.text:ti_sysbios_gates_GateMutex_enter__E)
                  0000ff70    00000030     RTOS_config_pem4f.oem4f (.text:ti_sysbios_heaps_HeapMem_Object__create__S)
                  0000ffa0    00000030     RTOS_config_pem4f.oem4f (.text:ti_sysbios_knl_Semaphore_construct)
                  0000ffd0    00000030     ti.targets.arm.rtsarm.aem4f : SysMin.oem4f (.text:xdc_runtime_SysMin_abort__E)
                  00010000    00000030                                 : System.oem4f (.text:xdc_runtime_System_processAtExit__E)
                  00010030    0000002e     stk.aem4f : sb.oem4f (.text:SBFree)
                  0001005e    0000002c     driverlib.lib : emac.obj (.text:EMACIntStatus)
                  0001008a    0000002c     stk.aem4f : file.oem4f (.text:FdSignalEvent)
                  000100b6    00000002     --HOLE-- [fill = 0]
                  000100b8    0000002c               : igmp.oem4f (.text:IGMPTestGroup)
                  000100e4    0000002c     os.aem4f : task.oem4f (.text:NDK_hookCreate)
                  00010110    0000002c     stk.aem4f : nimu.oem4f (.text:NIMUAllocateIndex)
                  0001013c    0000002c               : nimu.oem4f (.text:NIMUPacketServiceCheck)
                  00010168    0000002c               : pipe.oem4f (.text:PipeClose)
                  00010194    0000002c               : sockpcb.oem4f (.text:SockPcbAttach)
                  000101c0    0000002c               : lli.oem4f (.text:_LLIExpListRemove)
                  000101ec    0000002c               : lli.oem4f (.text:_LLITimeoutFlush)
                  00010218    0000002c               : rtable.oem4f (.text:_RtExpListRemove)
                  00010244    0000002c     RTOS_config_pem4f.oem4f (.text:ti_sysbios_knl_Clock_doTick__I)
                  00010270    0000002c     RTOS_config_pem4f.oem4f (.text:ti_sysbios_knl_Queue_construct)
                  0001029c    00000004     --HOLE-- [fill = 0]
                  000102a0    0000002c     sysbios.aem4f : BIOS.obj (.text:ti_sysbios_knl_Task_restore__E)
                  000102cc    0000002c     driverlib.lib : udma.obj (.text:uDMAChannelAssign)
                  000102f8    0000002c     ti.targets.arm.rtsarm.aem4f : Text.oem4f (.text:xdc_runtime_Text_cordText__E)
                  00010324    0000002a     driverlib.lib : gpio.obj (.text:GPIODirModeSet)
                  0001034e    0000002a     stk.aem4f : pbm.oem4f (.text:PBMQ_deq)
                  00010378    0000002a     netctrl_min_ipv4.aem4f : netsrv.oem4f (.text:ServiceCallback)
                  000103a2    0000002a     nettool_ipv4.aem4f : config.oem4f (.text:_CfgRelease)
                  000103cc    0000002a     ti.targets.arm.rtsarm.aem4f : System.oem4f (.text:xdc_runtime_System_putchar__I)
                  000103f6    00000002     --HOLE-- [fill = 0]
                  000103f8    00000028     stk.aem4f : bind.oem4f (.text:BindFindByNet)
                  00010420    00000028               : lli.oem4f (.text:LLIFree)
                  00010448    00000028     netctrl_min_ipv4.aem4f : netctrl.oem4f (.text:NC_SystemClose)
                  00010470    00000028     stk.aem4f : nimu.oem4f (.text:NIMUCreatePacket)
                  00010498    00000028               : nimu.oem4f (.text:NIMUPacketService)
                  000104c0    00000028               : tcpin.oem4f (.text:TcpEnterTimeWait)
                  000104e8    00000028               : timer.oem4f (.text:TimerListRemove)
                  00010510    00000028               : vlan.oem4f (.text:VLANFindSourceInterface)
                  00010538    00000028               : vlan.oem4f (.text:VLANInit)
                  00010560    00000028     nettool_ipv4.aem4f : dhcpsock.oem4f (.text:dhcpPacketReceive)
                  00010588    00000028     drivers_tivaware.aem4f : EMACSnow.oem4f (.text:signalLinkChange)
                  000105b0    00000028     sysbios.aem4f : BIOS.obj (.text:ti_sysbios_knl_Clock_addI__E)
                  000105d8    00000028                   : BIOS.obj (.text:ti_sysbios_knl_Swi_Module_startup__E)
                  00010600    00000028     driverlib.lib : udma.obj (.text:uDMAChannelModeGet)
                  00010628    00000026     nettool_ipv4.aem4f : config.oem4f (.text:CfgEntryInfo)
                  0001064e    00000026     driverlib.lib : emac.obj (.text:EMACPHYRead)
                  00010674    00000026                   : emac.obj (.text:EMACPHYWrite)
                  0001069a    00000026     stk.aem4f : rawethsock.oem4f (.text:RawEthSockClose)
                  000106c0    00000026     RTOS_config_pem4f.oem4f (.text:ti_ndk_config_udp_init)
                  000106e6    00000026     sysbios.aem4f : m3_Hwi_asm.obj (.text:ti_sysbios_family_arm_m3_Hwi_pendSV__I)
                  0001070c    00000026     ti.targets.arm.rtsarm.aem4f : System.oem4f (.text:xdc_runtime_System_avprintf__E)
                  00010732    00000002     --HOLE-- [fill = 0]
                  00010734    00000024     stk.aem4f : bind.oem4f (.text:BindFindByHost)
                  00010758    00000024               : bind.oem4f (.text:BindGetIFByDBCast)
                  0001077c    00000024     drivers_tivaware.aem4f : EMACSnow.oem4f (.text:EMACSnow_pkt_service)
                  000107a0    00000024                            : EMACSnow.oem4f (.text:EMACSnow_primeRx)
                  000107c4    00000024     stk.aem4f : exec.oem4f (.text:ExecTimer)
                  000107e8    00000024               : nimu.oem4f (.text:NIMUFindByIndex)
                  0001080c    00000024               : rtc.oem4f (.text:RTCAddHook)
                  00010830    00000024               : rawethsock_pcb.oem4f (.text:RawEthSockPcbFind)
                  00010854    00000024               : route.oem4f (.text:RtFree)
                  00010878    00000024               : route.oem4f (.text:RtSetTimeout)
                  0001089c    00000024               : sockpcb.oem4f (.text:SockPcbCleanup)
                  000108c0    00000024               : tcptime.oem4f (.text:TcpTimeoutWait2)
                  000108e4    00000024     nettool_ipv4.aem4f : config.oem4f (.text:_CfgEntryProcess)
                  00010908    00000024     RTOS_config_pem4f.oem4f (.text:ti_sysbios_BIOS_errorRaiseHook__I)
                  0001092c    00000024     RTOS_config_pem4f.oem4f (.text:ti_sysbios_BIOS_registerRTSLock__I)
                  00010950    00000024     RTOS_config_pem4f.oem4f (.text:ti_sysbios_BIOS_removeRTSLock__I)
                  00010974    00000024     RTOS_config_pem4f.oem4f (.text:ti_sysbios_BIOS_startFunc__I)
                  00010998    00000024     RTOS_config_pem4f.oem4f (.text:ti_sysbios_gates_GateMutex_Object__delete__S)
                  000109bc    00000004     --HOLE-- [fill = 0]
                  000109c0    00000024     sysbios.aem4f : BIOS.obj (.text:ti_sysbios_knl_Clock_Module_startup__E)
                  000109e4    00000004     --HOLE-- [fill = 0]
                  000109e8    00000024                   : BIOS.obj (.text:ti_sysbios_knl_Semaphore_Instance_init__E)
                  00010a0c    00000024     RTOS_config_pem4f.oem4f (.text:ti_sysbios_knl_Semaphore_Object__delete__S)
                  00010a30    00000024     sysbios.aem4f : BIOS.obj (.text:ti_sysbios_knl_Task_restoreHwi__E)
                  00010a54    00000024     driverlib.lib : udma.obj (.text:uDMAChannelControlSet)
                  00010a78    00000024     ti.targets.arm.rtsarm.aem4f : System.oem4f (.text:xdc_runtime_System_vprintf__E)
                  00010a9c    00000022     nettool_ipv4.aem4f : config.oem4f (.text:CfgEntryRef)
                  00010abe    00000022     stk.aem4f : vlan.oem4f (.text:VLANFindNode)
                  00010ae0    00000022     sysbios.aem4f : BIOS.obj (.text:ti_sysbios_family_arm_lm4_Timer_write__I)
                  00010b02    00000022     RTOS_config_pem4f.oem4f (.text:xdc_runtime_SysMin_output__I)
                  00010b24    00000020     netctrl_min_ipv4.aem4f : netctrl.oem4f (.text:NC_BootComplete)
                  00010b44    00000020     stk.aem4f : nimu.oem4f (.text:NIMUGetNumOfObject)
                  00010b64    00000020               : rtc.oem4f (.text:RTCRemoveHook)
                  00010b84    00000020               : tcp.oem4f (.text:TcpTimeoutRemove)
                  00010ba4    00000020     Boot.aem4f : Boot_sysctl.oem4f (.text:_SysCtlMemTimingGet)
                  00010bc4    00000020     RTOS_config_pem4f.oem4f (.text:ti_sysbios_BIOS_rtsLock__I)
                  00010be4    00000020     RTOS_config_pem4f.oem4f (.text:ti_sysbios_family_arm_m3_Hwi_Object__delete__S)
                  00010c04    00000020     sysbios.aem4f : m3_Hwi_asm.obj (.text:ti_sysbios_family_arm_m3_Hwi_excHandlerAsm__I)
                  00010c24    00000004     --HOLE-- [fill = 0]
                  00010c28    00000020                   : BIOS.obj (.text:ti_sysbios_family_arm_m3_Hwi_excHandler__I)
                  00010c48    00000020     RTOS_config_pem4f.oem4f (.text:ti_sysbios_gates_GateHwi_Object__delete__S)
                  00010c68    00000020     RTOS_config_pem4f.oem4f (.text:ti_sysbios_heaps_HeapMem_Object__delete__S)
                  00010c88    00000020     sysbios.aem4f : BIOS.obj (.text:ti_sysbios_knl_Idle_run__E)
                  00010ca8    00000020     RTOS_config_pem4f.oem4f (.text:ti_sysbios_knl_Semaphore_Object__destruct__S)
                  00010cc8    00000020     RTOS_config_pem4f.oem4f (.text:ti_sysbios_knl_Swi_Object__delete__S)
                  00010ce8    00000020     RTOS_config_pem4f.oem4f (.text:ti_sysbios_knl_Task_Object__delete__S)
                  00010d08    00000020     ti.targets.arm.rtsarm.aem4f : Registry.oem4f (.text:xdc_runtime_Registry_findById__E)
                  00010d28    00000020                                 : SysMin.oem4f (.text:xdc_runtime_SysMin_Module_startup__E)
                  00010d48    0000001e     stk.aem4f : listlib.oem4f (.text:list_remove)
                  00010d66    0000001e     eth_network.obj (.text:send)
                  00010d84    0000001e     sysbios.aem4f : m3_Hwi_asm_switch.obj (.text:ti_sysbios_family_xxx_Hwi_switchAndRunFunc)
                  00010da2    00000002     --HOLE-- [fill = 0]
                  00010da4    0000001c     stk.aem4f : bind.oem4f (.text:BindFindByIF)
                  00010dc0    0000001c               : exec.oem4f (.text:ExecBroadcast)
                  00010ddc    0000001c     os.aem4f : ossys.oem4f (.text:NDK_sprintf)
                  00010df8    0000001c     stk.aem4f : nimu.oem4f (.text:NIMUAddHeader)
                  00010e14    0000001c               : sockprot.oem4f (.text:SockPrDetach)
                  00010e30    0000001c     os.aem4f : task.oem4f (.text:TaskDestroy)
                  00010e4c    0000001c     driverlib.lib : sysctl.obj (.text:_SysCtlMemTimingGet)
                  00010e68    0000001c     drivers_tivaware.aem4f : GPIOTiva.oem4f (.text:getGpioIntIndex)
                  00010e84    0000001c     RTOS_config_pem4f.oem4f (.text:ti_ndk_config_global_taskCreateHook)
                  00010ea0    0000001c     sysbios.aem4f : BIOS.obj (.text:ti_sysbios_gates_GateMutex_Instance_init__E)
                  00010ebc    0000001c     RTOS_config_pem4f.oem4f (.text:ti_sysbios_knl_Queue_Object__destruct__S)
                  00010ed8    0000001c     sysbios.aem4f : BIOS.obj (.text:ti_sysbios_knl_Queue_put__E)
                  00010ef4    00000004     --HOLE-- [fill = 0]
                  00010ef8    0000001c                   : BIOS.obj (.text:ti_sysbios_knl_Task_enter__I)
                  00010f14    0000001c     ti.targets.arm.rtsarm.aem4f : Error.oem4f (.text:xdc_runtime_Error_raiseX__E)
                  00010f30    0000001c                                 : Memory.oem4f (.text:xdc_runtime_Memory_valloc__E)
                  00010f4c    0000001c                                 : SysMin.oem4f (.text:xdc_runtime_SysMin_exit__E)
                  00010f68    0000001c                                 : System.oem4f (.text:xdc_runtime_System_abort__E)
                  00010f84    0000001a     stk.aem4f : bind.oem4f (.text:BindGetIP)
                  00010f9e    0000001a               : sockint.oem4f (.text:SockSetOOBMark)
                  00010fb8    0000001a               : file.oem4f (.text:fdint_getfdt)
                  00010fd2    0000001a     RTOS_config_pem4f.oem4f (.text:ti_sysbios_family_arm_m3_Hwi_Handle__label__S)
                  00010fec    0000001a     RTOS_config_pem4f.oem4f (.text:ti_sysbios_gates_GateHwi_Handle__label__S)
                  00011006    0000001a     RTOS_config_pem4f.oem4f (.text:ti_sysbios_gates_GateMutex_Handle__label__S)
                  00011020    0000001a     RTOS_config_pem4f.oem4f (.text:ti_sysbios_heaps_HeapMem_Handle__label__S)
                  0001103a    0000001a     RTOS_config_pem4f.oem4f (.text:ti_sysbios_knl_Swi_Handle__label__S)
                  00011054    0000001a     RTOS_config_pem4f.oem4f (.text:ti_sysbios_knl_Task_Handle__label__S)
                  0001106e    00000002     --HOLE-- [fill = 0]
                  00011070    0000001a     sysbios.aem4f : BIOS.obj (.text:ti_sysbios_knl_Task_sleepTimeout__I)
                  0001108a    0000001a     RTOS_config_pem4f.oem4f (.text:xdc_runtime_System_aprintf__E)
                  000110a4    0000001a     RTOS_config_pem4f.oem4f (.text:xdc_runtime_System_printf__E)
                  000110be    00000018     driverlib.lib : adc.obj (.text:ADCClockConfigSet)
                  000110d6    00000002     --HOLE-- [fill = 0]
                  000110d8    00000018     drivers_tivaware.aem4f : EMACSnow.oem4f (.text:EMACSnow_emacSend)
                  000110f0    00000018     stk.aem4f : ip.oem4f (.text:IPRtChange)
                  00011108    00000018               : rawethsock_pcb.oem4f (.text:RawEthSockPcbCleanup)
                  00011120    00000018     nettool_ipv4.aem4f : ipaddr.oem4f (.text:RouteHook)
                  00011138    00000018     stk.aem4f : tcpin.oem4f (.text:SEQ_GEQ)
                  00011150    00000018               : tcpout.oem4f (.text:SEQ_GEQ)
                  00011168    00000018               : tcpin.oem4f (.text:SEQ_GT)
                  00011180    00000018               : tcpout.oem4f (.text:SEQ_GT)
                  00011198    00000018               : tcpin.oem4f (.text:SEQ_LEQ)
                  000111b0    00000018               : tcpout.oem4f (.text:SEQ_LEQ)
                  000111c8    00000018               : tcpin.oem4f (.text:SEQ_LT)
                  000111e0    00000018               : tcpout.oem4f (.text:SEQ_LT)
                  000111f8    00000018               : tcp.oem4f (.text:TcpTimeoutAdd)
                  00011210    00000018     nettool_ipv4.aem4f : dhcpsock.oem4f (.text:dhcpSocketClose)
                  00011228    00000018     stk.aem4f : listlib.oem4f (.text:list_add)
                  00011240    00000018     rtsv7M4_T_le_v4SPD16_eabi.lib : args_main.obj (.text)
                  00011258    00000018                                   : strcmp.obj (.text)
                  00011270    00000018     RTOS_config_pem4f.oem4f (.text:ti_sysbios_BIOS_rtsUnlock__I)
                  00011288    00000018     RTOS_config_pem4f.oem4f (.text:ti_sysbios_family_arm_lm4_Timer_Module__startupDone__F)
                  000112a0    00000018     RTOS_config_pem4f.oem4f (.text:ti_sysbios_family_arm_m3_Hwi_Module__startupDone__F)
                  000112b8    00000018     sysbios.aem4f : m3_TaskSupport_asm.obj (.text:ti_sysbios_family_arm_m3_TaskSupport_swap__E)
                  000112d0    00000018                   : BIOS.obj (.text:ti_sysbios_gates_GateMutex_leave__E)
                  000112e8    00000018     driverlib.lib : udma.obj (.text:uDMAChannelEnable)
                  00011300    00000018     ti.targets.arm.rtsarm.aem4f : Error.oem4f (.text:xdc_runtime_Error_check__E)
                  00011318    00000018                                 : System.oem4f (.text:xdc_runtime_System_exit__E)
                  00011330    00000018                                 : Text.oem4f (.text:xdc_runtime_Text_ropeText__E)
                  00011348    00000016     driverlib.lib : emac.obj (.text:EMACReset)
                  0001135e    00000016                   : emac.obj (.text:EMACRxEnable)
                  00011374    00000016                   : emac.obj (.text:EMACTxEnable)
                  0001138a    00000016     stk.aem4f : file.oem4f (.text:fdint_freefdt)
                  000113a0    00000016     RTOS_config_pem4f.oem4f (.text:ti_sysbios_BIOS_exitFunc__I)
                  000113b6    00000016     eth_network.obj (.text:ti_sysbios_knl_Task_Params_init)
                  000113cc    00000016     ti.targets.arm.rtsarm.aem4f : System.oem4f (.text:xdc_runtime_System_vsprintf__E)
                  000113e2    00000014     stk.aem4f : bind.oem4f (.text:BindIPHost2IF)
                  000113f6    00000002     --HOLE-- [fill = 0]
                  000113f8    00000014     driverlib.lib : flash.obj (.text:FlashUserGet)
                  0001140c    00000014     netctrl_min_ipv4.aem4f : netctrl.oem4f (.text:NC_NetStop)
                  00011420    00000014     os.aem4f : task.oem4f (.text:NDK_hookExit)
                  00011434    00000014     stk.aem4f : nimu.oem4f (.text:NIMUSendPacket)
                  00011448    00000014     nettool_ipv4.aem4f : ipaddr.oem4f (.text:NtRemoveNetwork)
                  0001145c    00000014     stk.aem4f : rawethsock_pcb.oem4f (.text:RawEthSockPcbInit)
                  00011470    00000014               : timer.oem4f (.text:TimerFree)
                  00011484    00000014     eth_network.obj (.text:connect)
                  00011498    00000014     main.obj (.text:initSamplesTask)
                  000114ac    00000014     rtsv7M4_T_le_v4SPD16_eabi.lib : _lock.obj (.text)
                  000114c0    00000014                                   : strcpy.obj (.text)
                  000114d4    00000014                                   : strlen.obj (.text)
                  000114e8    00000014     eth_network.obj (.text:socket)
                  000114fc    00000014     RTOS_config_pem4f.oem4f (.text:ti_ndk_config_global_taskExitHook)
                  00011510    00000014     RTOS_config_pem4f.oem4f (.text:ti_sysbios_family_arm_m3_Hwi_Object__get__S)
                  00011524    00000004     --HOLE-- [fill = 0]
                  00011528    00000014     sysbios.aem4f : BIOS.obj (.text:ti_sysbios_family_arm_m3_Hwi_switchFromBootStack__E)
                  0001153c    00000014     RTOS_config_pem4f.oem4f (.text:ti_sysbios_heaps_HeapMem_Object__get__S)
                  00011550    00000014     RTOS_config_pem4f.oem4f (.text:ti_sysbios_knl_Swi_Object__get__S)
                  00011564    00000014     RTOS_config_pem4f.oem4f (.text:ti_sysbios_knl_Task_Object__first__S)
                  00011578    00000014     RTOS_config_pem4f.oem4f (.text:ti_sysbios_knl_Task_Object__next__S)
                  0001158c    00000012     driverlib.lib : adc.obj (.text:ADCHardwareOversampleConfigure)
                  0001159e    00000012                   : gpio.obj (.text:GPIOPinTypeADC)
                  000115b0    00000012                   : gpio.obj (.text:GPIOPinTypeEthernetLED)
                  000115c2    00000012     stk.aem4f : sockprot.oem4f (.text:SockPrAttach)
                  000115d4    00000012               : sockint.oem4f (.text:SockSetOOBData)
                  000115e6    00000012     driverlib.lib : timer.obj (.text:TimerLoadSet)
                  000115f8    00000012     nettool_ipv4.aem4f : inetaddr.oem4f (.text:inet_addr)
                  0001160a    00000006     driverlib.lib : emac.obj (.text:EMACTxDMADescriptorListSet)
                  00011610    00000012     sysbios.aem4f : BIOS.obj (.text:ti_sysbios_hal_Hwi_Module_startup__E)
                  00011622    00000006     driverlib.lib : gpio.obj (.text:GPIOIntClear)
                  00011628    00000012     sysbios.aem4f : BIOS.obj (.text:ti_sysbios_knl_Semaphore_reset__E)
                  0001163a    00000012     RTOS_config_pem4f.oem4f (.text:xdc_runtime_Startup_exec__I)
                  0001164c    00000010     RTOS_config_pem4f.oem4f (.text:.bootCodeSection:ti_catalog_arm_cortexm4_tiva_ce_Boot_init__I)
                  0001165c    00000010     driverlib.lib : adc.obj (.text:ADCSequenceDMAEnable)
                  0001166c    00000010     stk.aem4f : bind.oem4f (.text:BindIF2IPHost)
                  0001167c    00000010               : bind.oem4f (.text:BindIFNet2IPHost)
                  0001168c    00000010     driverlib.lib : emac.obj (.text:EMACFrameFilterSet)
                  0001169c    00000010     stk.aem4f : exec.oem4f (.text:ExecHRef)
                  000116ac    00000010     netctrl_min_ipv4.aem4f : netctrl.oem4f (.text:NC_IPUpdate)
                  000116bc    00000010     stk.aem4f : nimu.oem4f (.text:NIMUGetRsvdSizeInfo)
                  000116cc    00000010     eth_network.obj (.text:delay)
                  000116dc    00000004     --HOLE-- [fill = 0]
                  000116e0    00000010     sysbios.aem4f : BIOS.obj (.text:ti_sysbios_BIOS_getCpuFreq__E)
                  000116f0    00000010                   : BIOS.obj (.text:ti_sysbios_BIOS_setThreadType__E)
                  00011700    00000010                   : BIOS.obj (.text:ti_sysbios_BIOS_start__E)
                  00011710    00000010                   : m3_TaskSupport_asm.obj (.text:ti_sysbios_family_arm_m3_TaskSupport_glue)
                  00011720    00000010                   : BIOS.obj (.text:ti_sysbios_gates_GateMutex_Instance_finalize__E)
                  00011730    00000010                   : BIOS.obj (.text:ti_sysbios_knl_Semaphore_Instance_finalize__E)
                  00011740    00000010                   : BIOS.obj (.text:ti_sysbios_knl_Swi_disable__E)
                  00011750    00000010     RTOS_config_pem4f.oem4f (.text:ti_sysbios_knl_Task_Object__get__S)
                  00011760    00000010     sysbios.aem4f : BIOS.obj (.text:ti_sysbios_knl_Task_disable__E)
                  00011770    00000010     driverlib.lib : udma.obj (.text:uDMADisable)
                  00011780    00000010                   : udma.obj (.text:uDMAEnable)
                  00011790    00000010     ti.targets.arm.rtsarm.aem4f : Gate.oem4f (.text:xdc_runtime_Gate_leaveSystem__E)
                  000117a0    00000010                                 : Memory.oem4f (.text:xdc_runtime_Memory_free__E)
                  000117b0    00000010                                 : SysMin.oem4f (.text:xdc_runtime_SysMin_ready__E)
                  000117c0    00000010                                 : System.oem4f (.text:xdc_runtime_System_vsnprintf__E)
                  000117d0    00000010     RTOS_config_pem4f.oem4f (.text:xdc_runtime_Text_visitRope__I)
                  000117e0    0000000e     driverlib.lib : adc.obj (.text:ADCSequenceDisable)
                  000117ee    0000000e                   : adc.obj (.text:ADCSequenceEnable)
                  000117fc    0000000e     drivers_tivaware.aem4f : EMACSnow.oem4f (.text:EMACSnow_emacioctl)
                  0001180a    0000000e     stk.aem4f : exec.oem4f (.text:ExecLowResource)
                  00011818    0000000e     driverlib.lib : gpio.obj (.text:GPIOIntStatus)
                  00011826    0000000e                   : timer.obj (.text:TimerEnable)
                  00011834    0000000e     rtsv7M4_T_le_v4SPD16_eabi.lib : copy_decompress_none.obj (.text:decompress:none)
                  00011842    00000006     driverlib.lib : gpio.obj (.text:GPIOPinWrite)
                  00011848    0000000e     sysbios.aem4f : BIOS.obj (.text:ti_sysbios_knl_Idle_loop__E)
                  00011856    00000002     --HOLE-- [fill = 0]
                  00011858    0000000e                   : BIOS.obj (.text:ti_sysbios_knl_Queue_empty__E)
                  00011866    0000000c     driverlib.lib : adc.obj (.text:ADCReferenceSet)
                  00011872    00000002     --HOLE-- [fill = 0]
                  00011874    0000000c     stk.aem4f : bind.oem4f (.text:BindGetFirst)
                  00011880    0000000c     nettool_ipv4.aem4f : config.oem4f (.text:CfgSetDefault)
                  0001188c    0000000c     drivers_tivaware.aem4f : EMACSnow.oem4f (.text:EMACSnow_init)
                  00011898    0000000c     os.aem4f : task.oem4f (.text:NDK_hookInit)
                  000118a4    0000000c     stk.aem4f : nimu.oem4f (.text:NIMUSetRsvdSizeInfo)
                  000118b0    0000000c     os.aem4f : task.oem4f (.text:NotifyLowResource)
                  000118bc    0000000c     stk.aem4f : pbm.oem4f (.text:PBM_close)
                  000118c8    0000000c     os.aem4f : semaphore.oem4f (.text:SemDelete)
                  000118d4    0000000c     hal_timer_bios.aem4f : lltimer.oem4f (.text:_llTimerShutdown)
                  000118e0    0000000c     rtsv7M4_T_le_v4SPD16_eabi.lib : copy_zero_init.obj (.text:decompress:ZI)
                  000118ec    0000000c     hal_timer_bios.aem4f : lltimer.oem4f (.text:llTimerGetStartTime)
                  000118f8    0000000c     sysbios.aem4f : BIOS.obj (.text:ti_sysbios_BIOS_getThreadType__E)
                  00011904    00000004     --HOLE-- [fill = 0]
                  00011908    0000000c                   : BIOS.obj (.text:ti_sysbios_family_arm_lm4_Timer_getMaxTicks__E)
                  00011914    0000000c     RTOS_config_pem4f.oem4f (.text:ti_sysbios_family_arm_m3_Hwi_Params__init__S)
                  00011920    0000000c     sysbios.aem4f : BIOS.obj (.text:ti_sysbios_family_arm_m3_Hwi_disableFxn__E)
                  0001192c    00000004     --HOLE-- [fill = 0]
                  00011930    0000000c                   : BIOS.obj (.text:ti_sysbios_family_arm_m3_TaskSupport_checkStack__E)
                  0001193c    00000004     --HOLE-- [fill = 0]
                  00011940    0000000c                   : BIOS.obj (.text:ti_sysbios_family_arm_m3_TaskSupport_getStackAlignment__E)
                  0001194c    00000004     --HOLE-- [fill = 0]
                  00011950    0000000c                   : BIOS.obj (.text:ti_sysbios_gates_GateHwi_enter__E)
                  0001195c    0000000c     RTOS_config_pem4f.oem4f (.text:ti_sysbios_knl_Clock_Params__init__S)
                  00011968    0000000c     sysbios.aem4f : BIOS.obj (.text:ti_sysbios_knl_Clock_getTicks__E)
                  00011974    0000000c     RTOS_config_pem4f.oem4f (.text:ti_sysbios_knl_Queue_Object__get__S)
                  00011980    0000000c     RTOS_config_pem4f.oem4f (.text:ti_sysbios_knl_Semaphore_Params__init__S)
                  0001198c    0000000c     RTOS_config_pem4f.oem4f (.text:ti_sysbios_knl_Task_Params__init__S)
                  00011998    0000000c     sysbios.aem4f : BIOS.obj (.text:ti_sysbios_knl_Task_getIdleTask__E)
                  000119a4    00000004     --HOLE-- [fill = 0]
                  000119a8    0000000c                   : BIOS.obj (.text:ti_sysbios_knl_Task_self__E)
                  000119b4    0000000c     driverlib.lib : udma.obj (.text:uDMAControlBaseSet)
                  000119c0    0000000c     ti.targets.arm.rtsarm.aem4f : Error.oem4f (.text:xdc_runtime_Error_init__E)
                  000119cc    0000000c                                 : Gate.oem4f (.text:xdc_runtime_Gate_enterSystem__E)
                  000119d8    0000000c                                 : Memory.oem4f (.text:xdc_runtime_Memory_calloc__E)
                  000119e4    0000000c                                 : Memory.oem4f (.text:xdc_runtime_Memory_getMaxDefaultTypeAlign__E)
                  000119f0    0000000a     stk.aem4f : file.oem4f (.text:fdint_signalevent)
                  000119fa    0000000a               : file.oem4f (.text:fdint_signaltimeout)
                  00011a04    0000000a     RTOS_config_pem4f.oem4f (.text:xdc_runtime_IHeap_alloc)
                  00011a0e    0000000a     RTOS_config_pem4f.oem4f (.text:xdc_runtime_IHeap_free)
                  00011a18    00000008     driverlib.lib : adc.obj (.text:ADCIntEnableEx)
                  00011a20    00000008     EK_TM4C1294XL.obj (.text:EK_TM4C1294XL_initGPIO)
                  00011a28    00000008     driverlib.lib : emac.obj (.text:EMACTxDMAPollDemand)
                  00011a30    00000008     stk.aem4f : node.oem4f (.text:NodeFree)
                  00011a38    00000008     os.aem4f : task.oem4f (.text:TaskBlock)
                  00011a40    00000008     sysbios.aem4f : BIOS.obj (.text:ti_sysbios_family_arm_lm4_Timer_masterDisable__I)
                  00011a48    00000008                   : BIOS.obj (.text:ti_sysbios_family_arm_m3_Hwi_doSwiRestore__I)
                  00011a50    00000008                   : BIOS.obj (.text:ti_sysbios_family_arm_m3_Hwi_startup__E)
                  00011a58    00000008                   : BIOS.obj (.text:ti_sysbios_knl_Task_getHookContext__E)
                  00011a60    00000008                   : BIOS.obj (.text:ti_sysbios_knl_Task_setHookContext__E)
                  00011a68    00000006     driverlib.lib : sysctl.obj (.text:SysCtlDelay)
                  00011a6e    00000006     stk.aem4f : tcpprot.oem4f (.text:TcpPrRecv)
                  00011a74    00000006     ti.targets.arm.rtsarm.aem4f : xdc_noinit.oem4f (.text:__xdc__init)
                  00011a7a    00000006                                 : System.oem4f (.text:xdc_runtime_System_Module_startup__E)
                  00011a80    00000006     sysbios.aem4f : BIOS.obj (.text:ti_sysbios_family_arm_m3_Hwi_doTaskRestore__I)
                  00011a86    00000002     --HOLE-- [fill = 0]
                  00011a88    00000006                   : BIOS.obj (.text:ti_sysbios_family_arm_m3_Hwi_restoreFxn__E)
                  00011a8e    00000002     --HOLE-- [fill = 0]
                  00011a90    00000006                   : BIOS.obj (.text:ti_sysbios_gates_GateHwi_leave__E)
                  00011a96    00000002     --HOLE-- [fill = 0]
                  00011a98    00000006                   : BIOS.obj (.text:ti_sysbios_heaps_HeapMem_isBlocking__E)
                  00011a9e    00000002     --HOLE-- [fill = 0]
                  00011aa0    00000006                   : BIOS.obj (.text:ti_sysbios_knl_Queue_Instance_init__E)
                  00011aa6    00000002     --HOLE-- [fill = 0]
                  00011aa8    00000006                   : BIOS.obj (.text:ti_sysbios_knl_Swi_startup__E)
                  00011aae    00000002     --HOLE-- [fill = 0]
                  00011ab0    00000004                   : BIOS.obj (.text:ti_sysbios_gates_GateHwi_query__E)
                  00011ab4    00000004     --HOLE-- [fill = 0]
                  00011ab8    00000004                   : BIOS.obj (.text:ti_sysbios_gates_GateMutex_query__E)
                  00011abc    00000004     --HOLE-- [fill = 0]
                  00011ac0    00000004                   : BIOS.obj (.text:ti_sysbios_knl_Task_startup__E)
                  00011ac4    00000004     --HOLE-- [fill = 0]
                  00011ac8    00000002                   : BIOS.obj (.text:ti_sysbios_gates_GateHwi_Instance_init__E)
                  00011aca    00000006     --HOLE-- [fill = 0]
                  00011ad0    00000002                   : BIOS.obj (.text:ti_sysbios_knl_Clock_logTick__E)
                  00011ad2    00000006     --HOLE-- [fill = 0]
                  00011ad8    00000002                   : BIOS.obj (.text:ti_sysbios_knl_Swi_Instance_finalize__E)

.const     0    00011adc    0000263d     
                  00011adc    0000196e     RTOS_config_pem4f.oem4f (.const:xdc_runtime_Text_charTab__A)
                  0001344a    00000002     RTOS_config_pem4f.oem4f (.const:ti_catalog_arm_cortexm4_tiva_ce_Boot_Module__id__C)
                  0001344c    00000120     Boot.aem4f : Boot_sysctl.oem4f (.const:g_pppui32XTALtoVCO)
                  0001356c    00000120     driverlib.lib : sysctl.obj (.const:g_pppui32XTALtoVCO)
                  0001368c    00000100     RTOS_config_pem4f.oem4f (.const:.string)
                  0001378c    000000d4     RTOS_config_pem4f.oem4f (.const:xdc_runtime_Text_nodeTab__A)
[...]
00013da0  ti_sysbios_gates_GateMutex_Object__DESC__C                           
00013dc0  ti_sysbios_heaps_HeapMem_Object__DESC__C                             
00013de0  ti_sysbios_knl_Clock_Object__DESC__C                                 
00013e00  ti_sysbios_knl_Queue_Object__DESC__C                                 
00013e20  ti_sysbios_knl_Semaphore_Object__DESC__C                             
00013e40  ti_sysbios_knl_Swi_Object__DESC__C                                   
00013e60  ti_sysbios_knl_Task_Object__DESC__C                                  
00013e80  xdc_runtime_Startup_sfxnTab__A                                       
00013ea0  EMAC_config                                                          
00013ed0  ti_sysbios_gates_GateHwi_Object__PARAMS__C                           
00013ee8  ti_sysbios_gates_GateMutex_Object__PARAMS__C                         
00013f00  ti_sysbios_knl_Queue_Object__PARAMS__C                               
00013f18  ti_sysbios_knl_Task_hooks__A                                         
00013f30  GPIOTiva_config                                                      
00013f44  xdc_runtime_Startup_firstFxns__A                                     
00013f58  emacHWAttrs                                                          
00013f68  xdc_runtime_Startup_sfxnRts__A                                       
00013f88  EMACSnow_fxnTable                                                    
00013f90  ti_sysbios_family_arm_m3_Hwi_excHookFuncs__A                         
00013f98  ti_sysbios_knl_Idle_funcList__A                                      
00013fa0  ti_sysbios_knl_Idle_funcList__C                                      
00013fa8  ti_sysbios_knl_Task_hooks__C                                         
00013fb0  xdc_runtime_Startup_firstFxns__C                                     
00013fb8  xdc_runtime_Startup_lastFxns__C                                      
00013fc0  ti_catalog_arm_cortexm4_tiva_ce_Boot_A_mustNotUseEnhancedClockMode__C
00013fc4  ti_catalog_arm_cortexm4_tiva_ce_Boot_Module__diagsEnabled__C         
00013fc8  ti_catalog_arm_cortexm4_tiva_ce_Boot_Module__diagsIncluded__C        
00013fcc  ti_catalog_arm_cortexm4_tiva_ce_Boot_Module__diagsMask__C            
00013fd0  ti_sysbios_family_arm_lm4_Timer_enableFunc__C                        
00013fd4  ti_sysbios_family_arm_lm4_Timer_numTimerDevices__C                   
00013fd8  ti_sysbios_family_arm_lm4_Timer_startupNeeded__C                     
00013fdc  ti_sysbios_family_arm_m3_Hwi_E_NMI__C                                
00013fe0  ti_sysbios_family_arm_m3_Hwi_E_alreadyDefined__C                     
00013fe4  ti_sysbios_family_arm_m3_Hwi_E_busFault__C                           
00013fe8  ti_sysbios_family_arm_m3_Hwi_E_debugMon__C                           
00013fec  ti_sysbios_family_arm_m3_Hwi_E_hardFault__C                          
00013ff0  ti_sysbios_family_arm_m3_Hwi_E_memFault__C                           
00013ff4  ti_sysbios_family_arm_m3_Hwi_E_noIsr__C                              
00013ff8  ti_sysbios_family_arm_m3_Hwi_E_reserved__C                           
00013ffc  ti_sysbios_family_arm_m3_Hwi_E_svCall__C                             
00014000  ti_sysbios_family_arm_m3_Hwi_E_usageFault__C                         
00014004  ti_sysbios_family_arm_m3_Hwi_NUM_INTERRUPTS__C                       
00014008  ti_sysbios_family_arm_m3_Hwi_Object__count__C                        
0001400c  ti_sysbios_family_arm_m3_Hwi_ccr__C                                  
00014010  ti_sysbios_family_arm_m3_Hwi_excHandlerFunc__C                       
00014014  ti_sysbios_family_arm_m3_Hwi_excHookFuncs__C                         
00014018  ti_sysbios_family_arm_m3_Hwi_nullIsrFunc__C                          
0001401c  ti_sysbios_family_arm_m3_Hwi_priGroup__C                             
00014020  ti_sysbios_family_arm_m3_TaskSupport_stackAlignment__C               
00014024  ti_sysbios_gates_GateMutex_Instance_State_sem__O                     
00014028  ti_sysbios_hal_Hwi_E_stackOverflow__C                                
0001402c  ti_sysbios_heaps_HeapMem_E_memory__C                                 
00014030  ti_sysbios_heaps_HeapMem_Module__gateObj__C                          
00014034  ti_sysbios_heaps_HeapMem_Object__count__C                            
00014038  ti_sysbios_heaps_HeapMem_reqAlign__C                                 
0001403c  ti_sysbios_knl_Clock_Module_State_clockQ__O                          
00014040  ti_sysbios_knl_Semaphore_Instance_State_pendQ__O                     
00014044  ti_sysbios_knl_Swi_Object__count__C                                  
00014048  ti_sysbios_knl_Task_E_deleteNotAllowed__C                            
0001404c  ti_sysbios_knl_Task_E_spOutOfBounds__C                               
00014050  ti_sysbios_knl_Task_E_stackOverflow__C                               
00014054  ti_sysbios_knl_Task_Module_State_inactiveQ__O                        
00014058  ti_sysbios_knl_Task_Module_State_terminatedQ__O                      
0001405c  ti_sysbios_knl_Task_Object__count__C                                 
00014060  ti_sysbios_knl_Task_Object__heap__C                                  
00014064  ti_sysbios_knl_Task_allBlockedFunc__C                                
00014068  ti_sysbios_knl_Task_defaultStackHeap__C                              
0001406c  ti_sysbios_knl_Task_defaultStackSize__C                              
00014070  ti_sysbios_knl_Task_numConstructedTasks__C                           
00014074  xdc_runtime_Assert_E_assertFailed__C                                 
00014078  xdc_runtime_Core_A_initializedParams__C                              
0001407c  xdc_runtime_Core_Module__diagsEnabled__C                             
00014080  xdc_runtime_Core_Module__diagsIncluded__C                            
00014084  xdc_runtime_Core_Module__diagsMask__C                                
00014088  xdc_runtime_Error_E_memory__C                                        
0001408c  xdc_runtime_Error_Module__diagsEnabled__C                            
00014090  xdc_runtime_Error_Module__diagsIncluded__C                           
00014094  xdc_runtime_Error_Module__diagsMask__C                               
00014098  xdc_runtime_Error_Module__loggerFxn8__C                              
0001409c  xdc_runtime_Error_Module__loggerObj__C                               
000140a0  xdc_runtime_Error_policyFxn__C                                       
000140a4  xdc_runtime_Error_raiseHook__C                                       
000140a8  xdc_runtime_IGateProvider_Interface__BASE__C                         
000140ac  xdc_runtime_IHeap_Interface__BASE__C                                 
000140b0  xdc_runtime_IModule_Interface__BASE__C                               
000140b4  xdc_runtime_Log_L_error__C                                           
000140b8  xdc_runtime_Memory_defaultHeapInstance__C                            
000140bc  xdc_runtime_Startup_execImpl__C                                      
000140c0  xdc_runtime_Startup_maxPasses__C                                     
000140c4  xdc_runtime_Startup_sfxnRts__C                                       
000140c8  xdc_runtime_Startup_sfxnTab__C                                       
000140cc  xdc_runtime_SysMin_bufSize__C                                        
000140d0  xdc_runtime_SysMin_outputFunc__C                                     
000140d4  xdc_runtime_System_Module__gateObj__C                                
000140d8  xdc_runtime_System_abortFxn__C                                       
000140dc  xdc_runtime_System_exitFxn__C                                        
000140e0  xdc_runtime_System_extendFxn__C                                      
000140e4  xdc_runtime_System_maxAtexitHandlers__C                              
000140e8  xdc_runtime_Text_charTab__C                                          
000140ec  xdc_runtime_Text_nameEmpty__C                                        
000140f0  xdc_runtime_Text_nameStatic__C                                       
000140f4  xdc_runtime_Text_nameUnknown__C                                      
000140f8  xdc_runtime_Text_nodeTab__C                                          
000140fc  xdc_runtime_Text_visitRopeFxn__C                                     
00014100  ti_sysbios_hal_Hwi_Module__id__C                                     
00014102  ti_sysbios_heaps_HeapMem_Module__id__C                               
00014104  ti_sysbios_knl_Task_Module__id__C                                    
00014106  xdc_runtime_Core_Module__id__C                                       
00014108  xdc_runtime_Error_Module__loggerDefined__C                           
0001410a  xdc_runtime_Error_maxDepth__C                                        
0001410c  xdc_runtime_Memory_Module__id__C                                     
0001410e  xdc_runtime_SysMin_flushAtExit__C                                    
00014110  xdc_runtime_Text_charCnt__C                                          
00014112  xdc_runtime_Text_isLoaded__C                                         
00014114  xdc_runtime_Text_registryModsLastId__C                               
00014116  xdc_runtime_Text_unnamedModsLastId__C                                
00014118  xdc_runtime_Error_policy__C                                          
00014120  __TI_static_base__                                                   
000144c0  __TI_Handler_Table_Base                                              
000144cc  __TI_Handler_Table_Limit                                             
000144e0  __TI_CINIT_Base                                                      
000144f8  __TI_CINIT_Limit                                                     
20000000  ti_sysbios_family_arm_m3_Hwi_ramVectors                              
20000400  ti_sysbios_heaps_HeapMem_Instance_State_0_buf__A                     
20005400  ti_ndk_config_Global_pit                                             
200054a8  ti_ndk_config_Global_pitBuffer                                       
20009ca8  _ICMPIn                                                              
20009cf4  PBMQ_free                                                            
20009d00  ti_ndk_config_Global_pBufMem                                         
2000d900  ti_ndk_config_Global_pHdrMem                                         
2000dc00  udmaCtrlTable                                                        
2000ec00  ti_sysbios_knl_Task_Instance_State_0_stack__A                        
2000ee00  ti_sysbios_knl_Task_Instance_State_1_stack__A                        
2000f400  ti_sysbios_knl_Task_Instance_State_2_stack__A                        
2000f600  g_uint16_adc0_ping                                                   
2000fe00  g_uint16_adc0_pong                                                   
20010600  g_uint16_adc1_ping                                                   
20010e00  g_uint16_adc1_pong                                                   
20011600  ti_sysbios_family_arm_m3_Hwi_dispatchTable                           
20011960  __CIOBUF_                                                            
20011b80  tcps                                                                 
20011e9c  xdc_runtime_SysMin_Module_State_0_outbuf__A                          
20011f1c  ips                                                                  
20011f84  nimu_mcb                                                             
20011fe8  _ICMPOut                                                             
20012074  vlan_mcb                                                             
200120c0  udps                                                                 
200120e4  BlockCount                                                           
20012100  BlockMax                                                             
2001211c  PageCount                                                            
20012138  PageMax                                                              
20012154  stkEvent                                                             
20012190  raweths                                                              
200121a0  raws                                                                 
200121b0  tpseudo                                                              
200121bc  upseudo                                                              
200121c8  emacObjects                                                          
200121f4  _IGMPInDiscard                                                       
200121f8  _IGMPInQuery                                                         
200121fc  _IGMPInQueryGroup                                                    
20012200  _IGMPInResponse                                                      
20012204  _IGMPOutResponse                                                     
20012208  g_ui32SysClock                                                       
2001220c  g_ulStatus                                                           
20012220  raweth_pcb                                                           
20012224  ti_sysbios_knl_Task_Instance_State_0_hookEnv__A                      
20012228  ti_sysbios_knl_Task_Instance_State_1_hookEnv__A                      
2001222c  ti_sysbios_knl_Task_Instance_State_2_hookEnv__A                      
20012230  ti_sysbios_knl_Task_Object__table__V                                 
20012314  _ipcfg                                                               
200123c8  ti_sysbios_knl_Swi_Module_State_0_readyQ__A                          
20012448  ti_sysbios_knl_Task_Module_State_0_readyQ__A                         
20012516  ti_sysbios_family_arm_m3_Hwi_Module_State_0_excActive__A             
20012518  ti_sysbios_family_arm_m3_Hwi_Object__table__V                        
20012560  ti_sysbios_knl_Task_Module__state__V                                 
20012624  ti_sysbios_family_arm_lm4_Timer_Module_State_0_device__A             
20012664  ti_sysbios_family_arm_lm4_Timer_Object__table__V                     
200126a4  ti_sysbios_gates_GateMutex_Object__table__V                          
20012710  ti_sysbios_family_arm_m3_Hwi_Module__state__V                        
20012744  enablePrefetch                                                       
20012748  phyCounter                                                           
20012776  xdc_runtime_Error_Module__state__V                                   
200127a8  ti_sysbios_knl_Swi_Object__table__V                                  
200127d8  ti_sysbios_knl_Clock_Module__state__V                                
20012804  pstrMsgName                                                          
2001282c  _oscfg                                                               
20012850  PITCount                                                             
20012854  PITUsed                                                              
20012858  PITHigh                                                              
20012874  ti_sysbios_BIOS_Module__state__V                                     
20012898  ti_sysbios_family_arm_lm4_Timer_Module_State_0_handles__A            
200128d4  ti_ndk_config_Global_Id2Size                                         
200128f0  ti_sysbios_knl_Swi_Module__state__V                                  
2001290c  ti_ndk_config_Global_HostName                                        
20012910  LocalIPAddr                                                          
20012914  LocalIPMask                                                          
20012918  GatewayIP                                                            
2001291c  DomainName                                                           
20012920  __xdc__init__addr                                                    
20012954  ti_sysbios_heaps_HeapMem_Object__table__V                            
20012980  ti_sysbios_knl_Semaphore_Object__table__V                            
20012994  gpioPinConfigs                                                       
200129ac  _IGMPForceVersion1                                                   
200129b4  __TI_cleanup_ptr                                                     
200129b8  __TI_dtors_ptr                                                       
200129bc  __TI_enable_exit_profile_output                                      
200129c0  ti_sysbios_family_arm_lm4_Timer_Module__state__V                     
200129cc  xdc_runtime_SysMin_Module__state__V                                  
200129e4  _lock                                                                
200129e8  _unlock                                                              
200129ec  NIMUDeviceTable                                                      
200129f4  gpioCallbackFunctions                                                
20012a0c  _ICMPInErrors                                                        
20012a10  _ICMPOutErrors                                                       
20012a14  _IPExecuting                                                         
20012a2c  tcp_iss                                                              
20012a30  ptTimeFirst                                                          
20012a3c  ti_sysbios_family_arm_m3_Hwi_Module__root__V                         
20012a44  ti_sysbios_gates_GateHwi_Module__root__V                             
20012a4c  ti_sysbios_gates_GateMutex_Module__root__V                           
20012a54  ti_sysbios_heaps_HeapMem_Module__root__V                             
20012a5c  ti_sysbios_knl_Clock_Module__root__V                                 
20012a64  ti_sysbios_knl_Queue_Module__root__V                                 
20012a6c  ti_sysbios_knl_Semaphore_Module__root__V                             
20012a74  ti_sysbios_knl_Swi_Module__root__V                                   
20012a7c  ti_sysbios_knl_Task_Module__root__V                                  
20012a84  xdc_runtime_Registry_Module__state__V                                
20012a8c  xdc_runtime_Startup_Module__state__V                                 
20012a94  xdc_runtime_System_Module_State_0_atexitHandlers__A                  
20012a9c  xdc_runtime_System_Module__state__V                                  
20012aa4  macAddress                                                           
20012ac4  main_func_sp                                                         
20012acc  _IPReasmPtr                                                          
20012adc  ti_sysbios_family_arm_m3_Hwi_Module_State_0_excContext__A            
20012ae0  ti_sysbios_family_arm_m3_Hwi_Module_State_0_excStack__A              
20012ae4  ti_sysbios_gates_GateHwi_Object__table__V                            
20012ae8  ti_sysbios_knl_Task_Module_State_0_idleTask__A                       
20012aec  xdc_runtime_Memory_Module__state__V                                  
20012af0  __stack                                                              
200132f0  __STACK_END                                                          
e000e000  ti_sysbios_family_arm_m3_Hwi_nvic                                    
ffffffff  __TI_pprof_out_hndl                                                  
ffffffff  __TI_prof_data_size                                                  
ffffffff  __TI_prof_data_start                                                 
ffffffff  __binit__                                                            
ffffffff  __c_args__                                                           
ffffffff  binit                                                                
UNDEFED   SHT$$INIT_ARRAY$$Base                                                
UNDEFED   SHT$$INIT_ARRAY$$Limit                                               

[1025 symbols]
